###############################################################################
#
# IAR ELF Linker V7.40.7.9843/W32 for ARM                 20/Nov/2015  13:40:38
# Copyright 2007-2015 IAR Systems AB.
#
#    Output file  =  
#        E:\QCA4002\QCA4002\demo\throughput_demo\build\iar\k22fsh\Int Flash
#        SramData Debug\throughput.out
#    Map file     =  
#        E:\QCA4002\QCA4002\demo\throughput_demo\build\iar\k22fsh\Int Flash
#        SramData Debug\list\throughput.map
#    Command line =  
#        "E:\QCA4002\QCA4002\demo\throughput_demo\build\iar\k22fsh\Int Flash
#        SramData Debug\obj\atheros_wifi_mediactl_ext.o"
#        "E:\QCA4002\QCA4002\demo\throughput_demo\build\iar\k22fsh\Int Flash
#        SramData Debug\obj\Command_Lists.o"
#        "E:\QCA4002\QCA4002\demo\throughput_demo\build\iar\k22fsh\Int Flash
#        SramData Debug\obj\https.o"
#        "E:\QCA4002\QCA4002\demo\throughput_demo\build\iar\k22fsh\Int Flash
#        SramData Debug\obj\RTCS.o"
#        "E:\QCA4002\QCA4002\demo\throughput_demo\build\iar\k22fsh\Int Flash
#        SramData Debug\obj\rtcs_throughput.o"
#        "E:\QCA4002\QCA4002\demo\throughput_demo\build\iar\k22fsh\Int Flash
#        SramData Debug\obj\sensor.o"
#        "E:\QCA4002\QCA4002\demo\throughput_demo\build\iar\k22fsh\Int Flash
#        SramData Debug\obj\Shell_Task.o"
#        "E:\QCA4002\QCA4002\demo\throughput_demo\build\iar\k22fsh\Int Flash
#        SramData Debug\obj\task_manager.o"
#        "E:\QCA4002\QCA4002\demo\throughput_demo\build\iar\k22fsh\Int Flash
#        SramData Debug\obj\Tasks.o"
#        "E:\QCA4002\QCA4002\demo\throughput_demo\build\iar\k22fsh\Int Flash
#        SramData Debug\obj\throughput.o"
#        "E:\QCA4002\QCA4002\demo\throughput_demo\build\iar\k22fsh\Int Flash
#        SramData Debug\obj\tmp106.o"
#        "E:\QCA4002\QCA4002\demo\throughput_demo\build\iar\k22fsh\Int Flash
#        SramData Debug\obj\utils.o"
#        "E:\QCA4002\QCA4002\demo\throughput_demo\build\iar\k22fsh\Int Flash
#        SramData Debug\obj\wmiconfig.o"
#        "E:\QCA4002\QCA4002\demo\throughput_demo\build\iar\k22fsh\Int Flash
#        SramData Debug\obj\wmiconfig_custom.o" --redirect _Printf=_PrintfFull
#        --redirect _Scanf=_ScanfFull -o
#        "E:\QCA4002\QCA4002\demo\throughput_demo\build\iar\k22fsh\Int Flash
#        SramData Debug\throughput.out" --map
#        "E:\QCA4002\QCA4002\demo\throughput_demo\build\iar\k22fsh\Int Flash
#        SramData Debug\list\throughput.map" --config
#        E:\QCA4002\QCA4002\demo\throughput_demo\build\iar\k22fsh/../../../../../lib/k22fsh.iar/debug/bsp/intflash.icf
#        --redirect __iar_dlmalloc=malloc --redirect __iar_dlcalloc=calloc
#        --redirect __iar_dlfree=free --semihosting
#        E:\QCA4002\QCA4002\demo\throughput_demo\build\iar\k22fsh/../../../../../lib/k22fsh.iar/debug/bsp/bsp.a
#        E:\QCA4002\QCA4002\demo\throughput_demo\build\iar\k22fsh/../../../../../lib/k22fsh.iar/debug/psp/psp.a
#        E:\QCA4002\QCA4002\demo\throughput_demo\build\iar\k22fsh/../../../../../lib/k22fsh.iar/debug/shell/shell.a
#        E:\QCA4002\QCA4002\demo\throughput_demo\build\iar\k22fsh/../../../../../lib/k22fsh.iar/debug/rtcs/rtcs.a
#        E:\QCA4002\QCA4002\demo\throughput_demo\build\iar\k22fsh/../../../../../lib/k22fsh.iar/debug/mux/mux.a
#        --entry __iar_program_start --vfe
#
###############################################################################

*******************************************************************************
*** RUNTIME MODEL ATTRIBUTES
***

CppFlavor                   = *
__SystemLibrary             = DLib
__dlib_jmp_buf_num_elements = 16


*******************************************************************************
*** PLACEMENT SUMMARY
***

"A1":  place at 0x00000000 { ro section .intvec, block CFMPROTROM };
"P1":  place in [from 0x00000000 to 0x0007ffff] {
          first block TEXTSECTION, ro, last block FLASHX_POOL };
"P2":  place in [from 0x1fff0000 to 0x2000fff0] { rw, last block KERNEL_DATA };

  Section             Kind        Address     Size  Object
  -------             ----        -------     ----  ------
"A1":                                        0x414
  .intvec             const    0x00000000    0x400  vectors.o [3]
  CFMPROTROM                   0x00000400     0x14  <Block>
    .cfmconfig        const    0x00000400     0x10  vectors.o [3]
    .cfmconfig        const    0x00000410      0x0  vectors.o [3]
    CFMPROTROM        const    0x00000410      0x4  <Block tail>
                             - 0x00000414    0x414

"P1":                                      0x443e1
  TEXTSECTION                  0x00000420  0x38460  <Block>
    .text             ro code  0x00000420     0x28  support.o [7]
    .text             ro code  0x00000450     0x64  boot.o [7]
    .text             ro code  0x000004b4     0x12  comp.o [7]
    .text             ro code  0x000004c8    0x114  init_hw.o [3]
    .text             ro code  0x000005dc      0xc  cstartup_M.o [8]
    .text             ro code  0x000005e8    0x978  bsp_cm.o [3]
    .text             ro code  0x00000f60    0x388  init_gpio.o [3]
    .text             ro code  0x000012e8     0x22  fpinit_M.o [5]
    .text             ro code  0x0000130c     0x1a  cmain.o [8]
    .text             ro code  0x00001328    0x210  hwtimer.o [3]
    .text             ro code  0x00001538     0x28  data_init.o [8]
    .text             ro code  0x00001560     0x10  mqx_main.o [3]
    .text             ro code  0x00001570      0x4  exit.o [4]
    .text             ro code  0x00001574    0x132  I64DivMod.o [8]
    .text             ro code  0x000016a8    0x3f0  mqx.o [7]
    .text             ro code  0x00001a98      0xa  cexit.o [8]
    .text             ro code  0x00001aa4      0x2  I64DivZer.o [8]
    .text             ro code  0x00001aa8     0x66  ABImemset.o [8]
    .text             ro code  0x00001b10    0x6d4  lwmem.o [7]
    .text             ro code  0x000021e4    0x814  task.o [7]
    .text             ro code  0x000029f8     0xc0  sc_irdyq.o [7]
    .text             ro code  0x00002ab8    0x224  lwsem.o [7]
    .text             ro code  0x00002cdc    0x1f8  init_bsp.o [3]
    .text             ro code  0x00002ed4    0x224  int.o [7]
    .text             ro code  0x000030f8     0xb8  queue.o [7]
    .text             ro code  0x000031b0     0x14  exit.o [10]
    .text             ro code  0x000031c4      0x2  stack_de.o [7]
    .text             ro code  0x000031c8    0x124  sched.o [7]
    .text             ro code  0x000032ec     0xa2  stack_bu.o [7]
    .text             ro code  0x0000338e     0x14  psp_iinit.o [7]
    .text             ro code  0x000033a4     0x10  int_vtab.o [7]
    .text             ro code  0x000033b4    0x328  time.o [7]
    .text             ro code  0x000036dc    0x384  dma.o [3]
    .text             ro code  0x00003a60     0x20  io_init.o [7]
    .text             ro code  0x00003a80    0x65c  serl_pol_kuart.o [3]
    .text             ro code  0x000040dc    0x864  serl_mix_kuart.o [3]
    .text             ro code  0x00004940    0x854  i2c_pol_ki2c.o [3]
    .text             ro code  0x00005194    0x650  spi.o [3]
    .text             ro code  0x000057e4    0x28c  io_gpio.o [3]
    .text             ro code  0x00005a70    0x5c6  adc.o [3]
    .text             ro code  0x00006038    0xe3a  flashx.o [3]
    .text             ro code  0x00006e74    0x224  sai_int.o [3]
    .text             ro code  0x00007098     0x34  io_sinit.o [3]
    .text             ro code  0x000070cc    0x21c  74hc595.o [6]
    .text             ro code  0x000072e8     0x10  int_inst.o [7]
    .text             ro code  0x000072f8     0x80  psp_mstiq.o [7]
    .text             ro code  0x00007378     0x48  psp_tiad.o [7]
    .text             ro code  0x000073c0     0x9c  psp_tkti.o [7]
    .text             ro code  0x0000745c     0x34  psp_tinm.o [7]
    .text             ro code  0x00007490    0x52c  serl_pol.o [3]
    .text             ro code  0x000079bc     0x68  serl_mk22.o [3]
    .text             ro code  0x00007a24     0x76  ABImemcpy_unaligned.o [8]
    .text             ro code  0x00007a9c    0x1cc  taskq.o [7]
    .text             ro code  0x00007c68     0x28  io_pntf.o [7]
    .text             ro code  0x00007c90     0x1a  io_inst.o [7]
    .text             ro code  0x00007cac    0x14c  lwtimer.o [7]
    .text             ro code  0x00007df8     0xa4  nvic.o [7]
    .text             ro code  0x00007e9c    0x15c  i2c_pol.o [3]
    .text             ro code  0x00007ff8     0x20  i2c_mk22.o [3]
    .text             ro code  0x00008018     0xec  io_instx.o [7]
    .text             ro code  0x00008104      0x4  strtoul.o [4]
    .text             ro code  0x00008108    0x98c  io_gpio_kgpio.o [3]
    .text             ro code  0x00008a94     0x3e  io_ioctl.o [7]
    .text             ro code  0x00008ad4    0x9d8  adc_kadc.o [3]
    .text             ro code  0x000094ac    0xb58  adt_kpdb.o [3]
    .text             ro code  0x0000a004     0x42  strcmp_unaligned.o [8]
    .text             ro code  0x0000a048     0x36  strlen.o [8]
    .text             ro code  0x0000a080     0xa0  io_fopen.o [7]
    .text             ro code  0x0000a120     0xca  lwgpio_kgpio.o [3]
    .text             ro code  0x0000a1ec     0x48  io_ghand.o [7]
    .text             ro code  0x0000a234    0xf18  io_dopr.o [7]
    .text             ro code  0x0000b14c     0x28  strncmp.o [4]
    .text             ro code  0x0000b174    0x19c  xstoul.o [4]
    .text             ro code  0x0000b310      0x6  ABImemclr4.o [8]
    .text             ro code  0x0000b318     0x14  adc_mk22.o [3]
    .text             ro code  0x0000b32c    0x33c  lwevent.o [7]
    .text             ro code  0x0000b668    0x7dc  io_fp.o [7]
    .text             ro code  0x0000be44     0x58  memchr.o [8]
    .text             ro code  0x0000be9c      0xc  errno.o [4]
    .text             ro code  0x0000bea8     0x32  ABImemset48.o [8]
    .text             ro code  0x0000bedc     0xc0  modf.o [5]
    .text             ro code  0x0000bf9c     0x20  DblCmpEq.o [5]
    .text             ro code  0x0000bfbc    0x256  DblDiv.o [5]
    .text             ro code  0x0000c214     0xe8  DblAdd.o [5]
    .text             ro code  0x0000c2fc    0x1a2  DblMul.o [5]
    .text             ro code  0x0000c4a0     0x4c  DblToI32.o [5]
    .text             ro code  0x0000c4ec     0x2e  DblCmpGe.o [5]
    .text             ro code  0x0000c51c     0x2e  DblCmpLe.o [5]
    .text             ro code  0x0000c54a      0x2  xtls.o [4]
    .text             ro code  0x0000c54c    0x16c  DblSub.o [5]
    .text             ro code  0x0000c6b8    0x520  atheros_wifi_mediactl_ext.o [1]
    .text             ro code  0x0000cbd8    0x244  driver_diag.o [3]
    .text             ro code  0x0000ce1c    0x32c  cust_driver_main.o [3]
    .text             ro code  0x0000d148    0x4b8  cust_driver_netbuf.o [3]
    .text             ro code  0x0000d600    0xa7c  spi_hcd.o [3]
    .text             ro code  0x0000e07c    0xe60  wmi.o [3]
    .text             ro code  0x0000eedc    0x604  driver_init.o [3]
    .text             ro code  0x0000f4e0    0x44c  driver_main.o [3]
    .text             ro code  0x0000f92c    0x414  mutex.o [7]
    .text             ro code  0x0000fd40     0x74  driver_netbuf.o [3]
    .text             ro code  0x0000fdb4   0x151c  cust_api_stack_offload.o [3]
    .text             ro code  0x000112d0    0x306  cust_hw_api.o [3]
    .text             ro code  0x000115d8    0x1d4  hw_api.o [3]
    .text             ro code  0x000117ac    0x1d6  api_init.o [3]
    .text             ro code  0x00011984    0xabe  api_wmi_rx.o [3]
    .text             ro code  0x00012444   0x3728  api_stack_offload.o [3]
    .text             ro code  0x00015b6c    0x344  api_txrx.o [3]
    .text             ro code  0x00015eb0    0x174  dset.o [3]
    .text             ro code  0x00016024    0x6d0  htc.o [3]
    .text             ro code  0x000166f4    0x4b0  bmi.o [3]
    .text             ro code  0x00016ba4     0x9c  rcv_aggr.o [3]
    .text             ro code  0x00016c40    0x1da  driver_txrx.o [3]
    .text             ro code  0x00016e1c     0x76  util.o [3]
    .text             ro code  0x00016e94    0xc8c  api_ioctl.o [3]
    .text             ro code  0x00017b20     0x78  ABImemmove_unaligned.o [8]
    .text             ro code  0x00017b98    0x12e  cust_api_stack_txrx.o [3]
    .text             ro code  0x00017cc6     0x6a  io_read.o [7]
    .text             ro code  0x00017d30     0x24  io_write.o [7]
    .text             ro code  0x00017d54     0x38  io_fflsh.o [7]
    .text             ro code  0x00017d8c     0x38  io_fclos.o [7]
    .text             ro code  0x00017dc4    0xb14  cust_api_wmi_rx.o [3]
    .text             ro code  0x000188d8    0x170  dset_api.o [3]
    .text             ro code  0x00018a48    0x148  storerecall.o [3]
    .text             ro code  0x00018b90     0x44  strcpy_unaligned.o [8]
    .text             ro code  0x00018bd4     0x6c  strncpy_unaligned.o [8]
    .text             ro code  0x00018c40     0x9e  io_fseek.o [7]
    .text             ro code  0x00018ce0     0x62  memcmp_unaligned.o [8]
    .text             ro code  0x00018d44   0xa588  wmiconfig.o [1]
    .text             ro code  0x000232cc   0x11c4  wmiconfig_custom.o [1]
    .text             ro code  0x00024490      0x8  atoi.o [4]
    .text             ro code  0x00024498   0x3fc8  throughput.o [1]
    .text             ro code  0x00028460    0x694  utils.o [1]
    .text             ro code  0x00028af4     0x4c  strtok.o [4]
    .text             ro code  0x00028b40     0x1c  strcat.o [4]
    .text             ro code  0x00028b5c     0xe0  rand.o [4]
    .text             ro code  0x00028c3c      0x6  strtol.o [4]
    .text             ro code  0x00028c44     0x4e  FltToDbl.o [5]
    .text             ro code  0x00028c94     0x2c  enmediactl.o [3]
    .text             ro code  0x00028cc0    0x264  iwcfg.o [9]
    .text             ro code  0x00028f24     0x52  strcasecmp.o [4]
    .text             ro code  0x00028f76      0xa  isdigit.o [4]
    .text             ro code  0x00028f80     0x5a  io_spr.o [7]
    .text             ro code  0x00028fdc     0x16  strchr.o [8]
    .text             ro code  0x00028ff2     0x22  strspn.o [4]
    .text             ro code  0x00029014     0x22  strcspn.o [4]
    .text             ro code  0x00029036     0x86  xstol.o [4]
    .text             ro code  0x000290bc    0x4b0  ipcfg.o [9]
    .text             ro code  0x0002956c      0xc  tolower.o [4]
    .text             ro code  0x00029578     0x14  ifdhcp.o [9]
    .text             ro code  0x0002958c     0x30  ifrem.o [9]
    .text             ro code  0x000295bc     0x8c  ifadd.o [9]
    .text             ro code  0x00029648    0x114  eninit.o [3]
    .text             ro code  0x0002975c     0x4c  enstop.o [3]
    .text             ro code  0x000297a8    0x244  rtcscmd.o [9]
    .text             ro code  0x000299ec     0x56  enutil.o [3]
    .text             ro code  0x00029a44    0x1be  rtcspart.o [9]
    .text             ro code  0x00029c04    0x840  msgq.o [7]
    .text             ro code  0x0002a444    0x288  msgpool.o [7]
    .text             ro code  0x0002a6cc     0xa4  rtcstask.o [9]
    .text             ro code  0x0002a770    0x320  msg.o [7]
    .text             ro code  0x0002aa90    0x460  partition.o [7]
    .text             ro code  0x0002aef0    0xae0  https.o [1]
    .text             ro code  0x0002b9d0      0x8  atol.o [4]
    .text             ro code  0x0002b9d8     0xe8  RTCS.o [1]
    .text             ro code  0x0002bac0     0x24  enaddr.o [3]
    .text             ro code  0x0002bae4     0x38  init_enet.o [3]
    .text             ro code  0x0002bb1c    0x28c  Shell_Task.o [1]
    .text             ro code  0x0002bda8    0x3a4  task_manager.o [1]
    .text             ro code  0x0002c14c    0x344  hwtimer_lpt.o [3]
    .text             ro code  0x0002c490     0x68  hwtimer_kinetis.o [3]
    .text             ro code  0x0002c4f8     0x22  I64Shl.o [8]
    .text             ro code  0x0002c51c    0x158  tcpip.o [9]
    .text             ro code  0x0002c674     0xec  timer.o [9]
    .text             ro code  0x0002c760     0x24  rtcsmsec.o [9]
    .text             ro code  0x0002c784    0x49c  rtcspcb.o [9]
    .text             ro code  0x0002cc20    0x8f8  ip.o [9]
    .text             ro code  0x0002d518    0x4c6  icmp.o [9]
    .text             ro code  0x0002d9e0     0x10  arpinit.o [9]
    .text             ro code  0x0002d9f0     0x18  bootinit.o [9]
    .text             ro code  0x0002da08    0x18c  iplocal.o [9]
    .text             ro code  0x0002db94    0x728  iproute.o [9]
    .text             ro code  0x0002e2bc     0x86  checksum.o [9]
    .text             ro code  0x0002e342     0x42  ipsum.o [7]
    .text             ro code  0x0002e384    0x1fc  iputil.o [9]
    .text             ro code  0x0002e580    0x262  ipradix.o [9]
    .text             ro code  0x0002e7e4     0x20  route.o [9]
    .text             ro code  0x0002e804    0x388  ip-e.o [9]
    .text             ro code  0x0002eb8c    0x768  arp.o [9]
    .text             ro code  0x0002f2f4     0x98  enopen.o [3]
    .text             ro code  0x0002f38c     0x84  enclose.o [3]
    .text             ro code  0x0002f410     0xdc  rtcsrand.o [9]
    .text             ro code  0x0002f4ec    0x164  ensend.o [3]
    .text             ro code  0x0002f650     0xbc  enjoin.o [3]
    .text             ro code  0x0002f70c     0xbc  enleave.o [3]
    .text             ro code  0x0002f7c8      0x4  proxyarp.o [9]
    .text             ro code  0x0002f7cc     0x58  idletask.o [7]
    .text             ro code  0x0002f824     0x68  inittask.o [7]
    .text             ro code  0x0002f88c    0x536  udp.o [9]
    .text             ro code  0x0002fdc4    0x1c0  igmputil.o [9]
    .text             ro code  0x0002ff84     0xaa  sosel.o [9]
    .text             ro code  0x00030030    0x200  cust_api_init.o [3]
    .text             ro code  0x00030230    0x194  ipif_add.o [9]
    .text             ro code  0x000303c4    0x1fc  dhcpclnt.o [9]
    .text             ro code  0x000305c0     0x40  bootcomm.o [9]
    .text             ro code  0x00030600     0x72  ipif_rem.o [9]
    .text             ro code  0x00030674    0x138  hwtimer_systick.o [3]
    .text             ro code  0x000307ac    0x218  tcp_clos.o [9]
    .text             ro code  0x000309c4    0x6b4  tcp_rcv.o [9]
    .text             ro code  0x00031078    0x3a8  ticker.o [9]
    .text             ro code  0x00031420    0xdde  tcp.o [9]
    .text             ro code  0x000321fe    0x40c  tcp_buf.o [9]
    .text             ro code  0x0003260c    0xd42  tcp_send.o [9]
    .text             ro code  0x00033350   0x1d54  cust_api_ioctl.o [3]
    .text             ro code  0x000350a4    0x2ca  igmp.o [9]
    .text             ro code  0x00035370    0x928  edma.o [3]
    .text             ro code  0x00035c98     0x58  edma_kinetis.o [3]
    .text             ro code  0x00035cf0    0x37a  flash_ftfa.o [3]
    .text             ro code  0x0003606c     0x22  flash_mk22.o [3]
    .text             ro code  0x00036090   0x1b7c  sai_dma_ksai.o [3]
    .text             ro code  0x00037c0c     0x68  sai_mk22.o [3]
    .text             ro code  0x00037c74    0x5de  spi_dspi.o [3]
    .text             ro code  0x00038254     0x30  spi_mk22_dspi.o [3]
    .text             ro code  0x00038284    0x1cc  spi_dspi_common.o [3]
    .text             ro code  0x00038450    0x350  spi_dspi_dma.o [3]
    .text             ro code  0x000387a0     0x40  io_fputc.o [7]
    .text             ro code  0x000387e0     0x34  atheros_phy.o [3]
    .text             ro code  0x00038814     0x40  zero_init3.o [8]
    .text             ro code  0x00038854     0x2c  copy_init3.o [8]
  KERNEL              ro code  0x00038880    0x2b4  dispatch.o [7]
  .rodata             const    0x00038b34      0xc  atheros_wifi_mediactl_ext.o [1]
  .rodata             const    0x00038b40      0xc  atheros_wifi_mediactl_ext.o [1]
  .rodata             const    0x00038b4c      0xc  atheros_wifi_mediactl_ext.o [1]
  .rodata             const    0x00038b58     0x10  atheros_wifi_mediactl_ext.o [1]
  .rodata             const    0x00038b68      0xc  atheros_wifi_mediactl_ext.o [1]
  .rodata             const    0x00038b74     0x10  atheros_wifi_mediactl_ext.o [1]
  .rodata             const    0x00038b84      0xc  atheros_wifi_mediactl_ext.o [1]
  .rodata             const    0x00038b90      0xc  atheros_wifi_mediactl_ext.o [1]
  .rodata             const    0x00038b9c      0xc  atheros_wifi_mediactl_ext.o [1]
  .rodata             const    0x00038ba8     0x10  atheros_wifi_mediactl_ext.o [1]
  .rodata             const    0x00038bb8     0x10  atheros_wifi_mediactl_ext.o [1]
  .rodata             const    0x00038bc8     0x14  atheros_wifi_mediactl_ext.o [1]
  .rodata             const    0x00038bdc     0x10  atheros_wifi_mediactl_ext.o [1]
  .rodata             const    0x00038bec      0xc  atheros_wifi_mediactl_ext.o [1]
  .rodata             const    0x00038bf8     0x10  atheros_wifi_mediactl_ext.o [1]
  .rodata             const    0x00038c08     0x10  atheros_wifi_mediactl_ext.o [1]
  .rodata             const    0x00038c18      0xc  atheros_wifi_mediactl_ext.o [1]
  .rodata             const    0x00038c24      0xc  atheros_wifi_mediactl_ext.o [1]
  .rodata             const    0x00038c30      0xc  atheros_wifi_mediactl_ext.o [1]
  .rodata             const    0x00038c3c      0xc  atheros_wifi_mediactl_ext.o [1]
  .rodata             const    0x00038c48      0xc  atheros_wifi_mediactl_ext.o [1]
  .rodata             const    0x00038c54      0xc  atheros_wifi_mediactl_ext.o [1]
  .rodata             const    0x00038c60     0x30  atheros_wifi_mediactl_ext.o [1]
  .rodata             const    0x00038c90     0x20  atheros_wifi_mediactl_ext.o [1]
  .rodata             const    0x00038cb0     0x20  atheros_wifi_mediactl_ext.o [1]
  .rodata             const    0x00038cd0     0x34  atheros_wifi_mediactl_ext.o [1]
  .rodata             const    0x00038d04      0x8  atheros_wifi_mediactl_ext.o [1]
  .rodata             const    0x00038d0c      0x8  atheros_wifi_mediactl_ext.o [1]
  .rodata             const    0x00038d14      0x8  atheros_wifi_mediactl_ext.o [1]
  .rodata             const    0x00038d1c      0x8  atheros_wifi_mediactl_ext.o [1]
  .rodata             const    0x00038d24     0x1c  atheros_wifi_mediactl_ext.o [1]
  .rodata             const    0x00038d40     0x94  https.o [1]
  .rodata             const    0x00038dd4     0x80  https.o [1]
  .rodata             const    0x00038e54     0x14  https.o [1]
  .rodata             const    0x00038e68      0xc  https.o [1]
  .rodata             const    0x00038e74     0x1c  https.o [1]
  .rodata             const    0x00038e90     0x14  https.o [1]
  .rodata             const    0x00038ea4     0x18  https.o [1]
  .rodata             const    0x00038ebc     0x20  https.o [1]
  .rodata             const    0x00038edc     0x28  https.o [1]
  .rodata             const    0x00038f04     0x28  https.o [1]
  .rodata             const    0x00038f2c     0x24  https.o [1]
  .rodata             const    0x00038f50     0x24  https.o [1]
  .rodata             const    0x00038f74     0x20  https.o [1]
  .rodata             const    0x00038f94     0x30  https.o [1]
  .rodata             const    0x00038fc4     0x20  https.o [1]
  .rodata             const    0x00038fe4     0x2c  https.o [1]
  .rodata             const    0x00039010     0x30  https.o [1]
  .rodata             const    0x00039040      0x8  https.o [1]
  .rodata             const    0x00039048     0x14  https.o [1]
  .rodata             const    0x0003905c     0x14  https.o [1]
  .rodata             const    0x00039070     0x50  https.o [1]
  .rodata             const    0x000390c0     0x3c  https.o [1]
  .rodata             const    0x000390fc     0x24  https.o [1]
  .rodata             const    0x00039120      0xc  https.o [1]
  .rodata             const    0x0003912c     0x3c  https.o [1]
  .rodata             const    0x00039168     0x3c  https.o [1]
  .rodata             const    0x000391a4     0x3c  https.o [1]
  .rodata             const    0x000391e0     0x2c  https.o [1]
  .rodata             const    0x0003920c      0x8  https.o [1]
  .rodata             const    0x00039214      0xc  https.o [1]
  .rodata             const    0x00039220     0x1c  https.o [1]
  .rodata             const    0x0003923c     0x18  https.o [1]
  .rodata             const    0x00039254      0x8  https.o [1]
  .rodata             const    0x0003925c      0x8  https.o [1]
  .rodata             const    0x00039264      0xc  https.o [1]
  .rodata             const    0x00039270     0x10  https.o [1]
  .rodata             const    0x00039280     0x18  https.o [1]
  .rodata             const    0x00039298     0x20  https.o [1]
  .rodata             const    0x000392b8     0x1c  https.o [1]
  .rodata             const    0x000392d4     0x28  https.o [1]
  .rodata             const    0x000392fc     0x20  https.o [1]
  .rodata             const    0x0003931c     0x24  https.o [1]
  .rodata             const    0x00039340     0x44  https.o [1]
  .rodata             const    0x00039384     0x1c  https.o [1]
  .rodata             const    0x000393a0     0x2c  https.o [1]
  .rodata             const    0x000393cc     0x1c  https.o [1]
  .rodata             const    0x000393e8     0x18  https.o [1]
  .rodata             const    0x00039400     0x1c  https.o [1]
  .rodata             const    0x0003941c     0x44  https.o [1]
  .rodata             const    0x00039460     0x1c  https.o [1]
  .rodata             const    0x0003947c     0x38  https.o [1]
  .rodata             const    0x000394b4     0x38  https.o [1]
  .rodata             const    0x000394ec     0x38  https.o [1]
  .rodata             const    0x00039524      0x8  https.o [1]
  .rodata             const    0x0003952c     0x14  https.o [1]
  .rodata             const    0x00039540      0x8  https.o [1]
  .rodata             const    0x00039548     0x30  https.o [1]
  .rodata             const    0x00039578     0x1c  RTCS.o [1]
  .rodata             const    0x00039594      0x8  Shell_Task.o [1]
  .rodata             const    0x0003959c     0x18  Shell_Task.o [1]
  .rodata             const    0x000395b4     0x28  Shell_Task.o [1]
  .rodata             const    0x000395dc     0x1c  Shell_Task.o [1]
  .rodata             const    0x000395f8      0xc  Shell_Task.o [1]
  .rodata             const    0x00039604      0xc  Shell_Task.o [1]
  .rodata             const    0x00039610     0x18  Shell_Task.o [1]
  .rodata             const    0x00039628      0x8  Shell_Task.o [1]
  .rodata             const    0x00039630      0x8  Shell_Task.o [1]
  .rodata             const    0x00039638     0x14  Shell_Task.o [1]
  .rodata             const    0x0003964c      0xc  Shell_Task.o [1]
  .rodata             const    0x00039658      0xc  Shell_Task.o [1]
  .rodata             const    0x00039664     0x1c  Shell_Task.o [1]
  .rodata             const    0x00039680      0xc  Shell_Task.o [1]
  .rodata             const    0x0003968c     0x10  Shell_Task.o [1]
  .rodata             const    0x0003969c     0x10  Shell_Task.o [1]
  .rodata             const    0x000396ac     0x10  Shell_Task.o [1]
  .rodata             const    0x000396bc     0x20  Shell_Task.o [1]
  .rodata             const    0x000396dc     0x1c  Shell_Task.o [1]
  .rodata             const    0x000396f8      0x8  Shell_Task.o [1]
  .rodata             const    0x00039700     0x14  Shell_Task.o [1]
  .rodata             const    0x00039714      0x8  Shell_Task.o [1]
  .rodata             const    0x0003971c     0x18  Shell_Task.o [1]
  .rodata             const    0x00039734     0x1c  Shell_Task.o [1]
  .rodata             const    0x00039750      0xc  Shell_Task.o [1]
  .rodata             const    0x0003975c     0x18  Shell_Task.o [1]
  .rodata             const    0x00039774      0xc  Shell_Task.o [1]
  .rodata             const    0x00039780     0x38  task_manager.o [1]
  .rodata             const    0x000397b8      0x8  task_manager.o [1]
  .rodata             const    0x000397c0     0x34  task_manager.o [1]
  .rodata             const    0x000397f4     0x48  task_manager.o [1]
  .rodata             const    0x0003983c      0x8  task_manager.o [1]
  .rodata             const    0x00039844     0x44  task_manager.o [1]
  .rodata             const    0x00039888     0x18  task_manager.o [1]
  .rodata             const    0x000398a0      0xc  task_manager.o [1]
  .rodata             const    0x000398ac      0xc  task_manager.o [1]
  .rodata             const    0x000398b8      0xc  task_manager.o [1]
  .rodata             const    0x000398c4     0x2c  task_manager.o [1]
  .rodata             const    0x000398f0      0x8  task_manager.o [1]
  .rodata             const    0x000398f8      0x8  task_manager.o [1]
  .rodata             const    0x00039900      0x8  task_manager.o [1]
  .rodata             const    0x00039908     0x14  task_manager.o [1]
  .rodata             const    0x0003991c     0x14  task_manager.o [1]
  .rodata             const    0x00039930      0xc  Tasks.o [1]
  .rodata             const    0x0003993c      0xc  Tasks.o [1]
  .rodata             const    0x00039948      0x8  Tasks.o [1]
  .rodata             const    0x00039950     0x80  Tasks.o [1]
  .rodata             const    0x000399d0     0x28  throughput.o [1]
  .rodata             const    0x000399f8     0x28  throughput.o [1]
  .rodata             const    0x00039a20     0x18  throughput.o [1]
  .rodata             const    0x00039a38     0x10  throughput.o [1]
  .rodata             const    0x00039a48      0xc  throughput.o [1]
  .rodata             const    0x00039a54     0x10  throughput.o [1]
  .rodata             const    0x00039a64      0xc  throughput.o [1]
  .rodata             const    0x00039a70     0x10  throughput.o [1]
  .rodata             const    0x00039a80      0xc  throughput.o [1]
  .rodata             const    0x00039a8c     0x10  throughput.o [1]
  .rodata             const    0x00039a9c      0xc  throughput.o [1]
  .rodata             const    0x00039aa8     0x2c  throughput.o [1]
  .rodata             const    0x00039ad4     0x18  throughput.o [1]
  .rodata             const    0x00039aec     0x28  throughput.o [1]
  .rodata             const    0x00039b14     0x2c  throughput.o [1]
  .rodata             const    0x00039b40     0x2c  throughput.o [1]
  .rodata             const    0x00039b6c     0x40  throughput.o [1]
  .rodata             const    0x00039bac     0x20  throughput.o [1]
  .rodata             const    0x00039bcc      0xc  throughput.o [1]
  .rodata             const    0x00039bd8      0xc  throughput.o [1]
  .rodata             const    0x00039be4     0x10  throughput.o [1]
  .rodata             const    0x00039bf4     0x4c  throughput.o [1]
  .rodata             const    0x00039c40     0x18  throughput.o [1]
  .rodata             const    0x00039c58     0x20  throughput.o [1]
  .rodata             const    0x00039c78     0x78  throughput.o [1]
  .rodata             const    0x00039cf0     0x44  throughput.o [1]
  .rodata             const    0x00039d34     0x44  throughput.o [1]
  .rodata             const    0x00039d78     0x58  throughput.o [1]
  .rodata             const    0x00039dd0     0x7c  throughput.o [1]
  .rodata             const    0x00039e4c     0x58  throughput.o [1]
  .rodata             const    0x00039ea4     0x18  throughput.o [1]
  .rodata             const    0x00039ebc     0x18  throughput.o [1]
  .rodata             const    0x00039ed4     0x18  throughput.o [1]
  .rodata             const    0x00039eec     0x28  throughput.o [1]
  .rodata             const    0x00039f14     0x24  throughput.o [1]
  .rodata             const    0x00039f38     0x28  throughput.o [1]
  .rodata             const    0x00039f60     0x28  throughput.o [1]
  .rodata             const    0x00039f88     0x2c  throughput.o [1]
  .rodata             const    0x00039fb4     0x3c  throughput.o [1]
  .rodata             const    0x00039ff0     0x14  throughput.o [1]
  .rodata             const    0x0003a004     0x18  throughput.o [1]
  .rodata             const    0x0003a01c     0x1c  throughput.o [1]
  .rodata             const    0x0003a038     0x20  throughput.o [1]
  .rodata             const    0x0003a058     0x10  throughput.o [1]
  .rodata             const    0x0003a068     0x14  throughput.o [1]
  .rodata             const    0x0003a07c      0xc  throughput.o [1]
  .rodata             const    0x0003a088     0x18  throughput.o [1]
  .rodata             const    0x0003a0a0     0x1c  throughput.o [1]
  .rodata             const    0x0003a0bc     0x20  throughput.o [1]
  .rodata             const    0x0003a0dc      0x8  throughput.o [1]
  .rodata             const    0x0003a0e4     0x34  throughput.o [1]
  .rodata             const    0x0003a118     0x4c  throughput.o [1]
  .rodata             const    0x0003a164     0x14  throughput.o [1]
  .rodata             const    0x0003a178     0x1c  throughput.o [1]
  .rodata             const    0x0003a194     0x48  throughput.o [1]
  .rodata             const    0x0003a1dc     0x18  throughput.o [1]
  .rodata             const    0x0003a1f4     0x18  throughput.o [1]
  .rodata             const    0x0003a20c     0x34  throughput.o [1]
  .rodata             const    0x0003a240     0x1c  throughput.o [1]
  .rodata             const    0x0003a25c     0x4c  throughput.o [1]
  .rodata             const    0x0003a2a8     0x3c  throughput.o [1]
  .rodata             const    0x0003a2e4     0x48  throughput.o [1]
  .rodata             const    0x0003a32c     0x64  throughput.o [1]
  .rodata             const    0x0003a390     0x30  throughput.o [1]
  .rodata             const    0x0003a3c0     0x40  throughput.o [1]
  .rodata             const    0x0003a400     0x10  throughput.o [1]
  .rodata             const    0x0003a410     0x10  throughput.o [1]
  .rodata             const    0x0003a420     0x10  throughput.o [1]
  .rodata             const    0x0003a430     0x28  throughput.o [1]
  .rodata             const    0x0003a458     0x24  throughput.o [1]
  .rodata             const    0x0003a47c     0x30  throughput.o [1]
  .rodata             const    0x0003a4ac     0x1c  throughput.o [1]
  .rodata             const    0x0003a4c8     0x24  throughput.o [1]
  .rodata             const    0x0003a4ec     0x44  throughput.o [1]
  .rodata             const    0x0003a530     0x44  throughput.o [1]
  .rodata             const    0x0003a574     0x28  throughput.o [1]
  .rodata             const    0x0003a59c     0x20  throughput.o [1]
  .rodata             const    0x0003a5bc     0x44  throughput.o [1]
  .rodata             const    0x0003a600     0x10  throughput.o [1]
  .rodata             const    0x0003a610     0x14  throughput.o [1]
  .rodata             const    0x0003a624     0x24  throughput.o [1]
  .rodata             const    0x0003a648     0x24  throughput.o [1]
  .rodata             const    0x0003a66c     0x24  throughput.o [1]
  .rodata             const    0x0003a690     0x14  throughput.o [1]
  .rodata             const    0x0003a6a4     0x3c  throughput.o [1]
  .rodata             const    0x0003a6e0     0x3c  throughput.o [1]
  .rodata             const    0x0003a71c     0x10  throughput.o [1]
  .rodata             const    0x0003a72c     0x20  throughput.o [1]
  .rodata             const    0x0003a74c     0x3c  throughput.o [1]
  .rodata             const    0x0003a788     0x24  throughput.o [1]
  .rodata             const    0x0003a7ac     0x20  throughput.o [1]
  .rodata             const    0x0003a7cc     0x38  throughput.o [1]
  .rodata             const    0x0003a804     0x10  throughput.o [1]
  .rodata             const    0x0003a814     0x10  throughput.o [1]
  .rodata             const    0x0003a824     0x18  throughput.o [1]
  .rodata             const    0x0003a83c     0x18  throughput.o [1]
  .rodata             const    0x0003a854      0x8  throughput.o [1]
  .rodata             const    0x0003a85c     0x14  throughput.o [1]
  .rodata             const    0x0003a870     0x20  throughput.o [1]
  .rodata             const    0x0003a890     0x20  throughput.o [1]
  .rodata             const    0x0003a8b0     0x20  throughput.o [1]
  .rodata             const    0x0003a8d0     0x1c  throughput.o [1]
  .rodata             const    0x0003a8ec     0x24  throughput.o [1]
  .rodata             const    0x0003a910     0x20  throughput.o [1]
  .rodata             const    0x0003a930     0x1c  throughput.o [1]
  .rodata             const    0x0003a94c     0x38  throughput.o [1]
  .rodata             const    0x0003a984     0x10  throughput.o [1]
  .rodata             const    0x0003a994     0x10  throughput.o [1]
  .rodata             const    0x0003a9a4      0xc  throughput.o [1]
  .rodata             const    0x0003a9b0     0x2c  throughput.o [1]
  .rodata             const    0x0003a9dc     0x20  throughput.o [1]
  .rodata             const    0x0003a9fc      0xc  throughput.o [1]
  .rodata             const    0x0003aa08     0x24  throughput.o [1]
  .rodata             const    0x0003aa2c     0x18  throughput.o [1]
  .rodata             const    0x0003aa44     0x18  throughput.o [1]
  .rodata             const    0x0003aa5c     0x18  throughput.o [1]
  .rodata             const    0x0003aa74     0x30  throughput.o [1]
  .rodata             const    0x0003aaa4     0x38  throughput.o [1]
  .rodata             const    0x0003aadc     0x10  throughput.o [1]
  .rodata             const    0x0003aaec     0x10  throughput.o [1]
  .rodata             const    0x0003aafc      0x8  throughput.o [1]
  .rodata             const    0x0003ab04     0x14  throughput.o [1]
  .rodata             const    0x0003ab18     0x10  throughput.o [1]
  .rodata             const    0x0003ab28     0x14  throughput.o [1]
  .rodata             const    0x0003ab3c     0x18  throughput.o [1]
  .rodata             const    0x0003ab54     0x14  throughput.o [1]
  .rodata             const    0x0003ab68     0x18  throughput.o [1]
  .rodata             const    0x0003ab80     0x20  throughput.o [1]
  .rodata             const    0x0003aba0     0x30  throughput.o [1]
  .rodata             const    0x0003abd0     0x24  throughput.o [1]
  .rodata             const    0x0003abf4     0x10  throughput.o [1]
  .rodata             const    0x0003ac04     0x10  throughput.o [1]
  .rodata             const    0x0003ac14     0x10  throughput.o [1]
  .rodata             const    0x0003ac24     0x14  throughput.o [1]
  .rodata             const    0x0003ac38     0x14  throughput.o [1]
  .rodata             const    0x0003ac4c     0x30  throughput.o [1]
  .rodata             const    0x0003ac7c     0x44  throughput.o [1]
  .rodata             const    0x0003acc0     0x3c  throughput.o [1]
  .rodata             const    0x0003acfc     0x28  throughput.o [1]
  .rodata             const    0x0003ad24     0x48  throughput.o [1]
  .rodata             const    0x0003ad6c     0x14  throughput.o [1]
  .rodata             const    0x0003ad80     0x1c  throughput.o [1]
  .rodata             const    0x0003ad9c     0x28  throughput.o [1]
  .rodata             const    0x0003adc4     0x20  throughput.o [1]
  .rodata             const    0x0003ade4     0x18  throughput.o [1]
  .rodata             const    0x0003adfc     0x18  throughput.o [1]
  .rodata             const    0x0003ae14     0x24  throughput.o [1]
  .rodata             const    0x0003ae38      0x8  throughput.o [1]
  .rodata             const    0x0003ae40     0x28  throughput.o [1]
  .rodata             const    0x0003ae68     0x1c  throughput.o [1]
  .rodata             const    0x0003ae84     0x14  throughput.o [1]
  .rodata             const    0x0003ae98     0x14  throughput.o [1]
  .rodata             const    0x0003aeac     0x20  throughput.o [1]
  .rodata             const    0x0003aecc     0x1c  throughput.o [1]
  .rodata             const    0x0003aee8     0x20  throughput.o [1]
  .rodata             const    0x0003af08    0x3f8  throughput.o [1]
  .rodata             const    0x0003b300    0x244  throughput.o [1]
  .rodata             const    0x0003b544      0xc  utils.o [1]
  .rodata             const    0x0003b550     0x18  utils.o [1]
  .rodata             const    0x0003b568     0x20  utils.o [1]
  .rodata             const    0x0003b588     0x20  utils.o [1]
  .rodata             const    0x0003b5a8     0x1c  utils.o [1]
  .rodata             const    0x0003b5c4     0x18  wmiconfig.o [1]
  .rodata             const    0x0003b5dc      0xc  wmiconfig.o [1]
  .rodata             const    0x0003b5e8     0x2c  wmiconfig.o [1]
  .rodata             const    0x0003b614      0x8  wmiconfig.o [1]
  .rodata             const    0x0003b61c     0x2c  wmiconfig.o [1]
  .rodata             const    0x0003b648      0x8  wmiconfig.o [1]
  .rodata             const    0x0003b650      0xc  wmiconfig.o [1]
  .rodata             const    0x0003b65c     0x30  wmiconfig.o [1]
  .rodata             const    0x0003b68c     0x18  wmiconfig.o [1]
  .rodata             const    0x0003b6a4      0x8  wmiconfig.o [1]
  .rodata             const    0x0003b6ac     0x30  wmiconfig.o [1]
  .rodata             const    0x0003b6dc      0x8  wmiconfig.o [1]
  .rodata             const    0x0003b6e4      0x8  wmiconfig.o [1]
  .rodata             const    0x0003b6ec     0x28  wmiconfig.o [1]
  .rodata             const    0x0003b714     0x24  wmiconfig.o [1]
  .rodata             const    0x0003b738      0x8  wmiconfig.o [1]
  .rodata             const    0x0003b740      0x8  wmiconfig.o [1]
  .rodata             const    0x0003b748     0x2c  wmiconfig.o [1]
  .rodata             const    0x0003b774     0x28  wmiconfig.o [1]
  .rodata             const    0x0003b79c      0x8  wmiconfig.o [1]
  .rodata             const    0x0003b7a4     0xb8  wmiconfig.o [1]
  .rodata             const    0x0003b85c      0x8  wmiconfig.o [1]
  .rodata             const    0x0003b864      0x8  wmiconfig.o [1]
  .rodata             const    0x0003b86c      0x8  wmiconfig.o [1]
  .rodata             const    0x0003b874     0x10  wmiconfig.o [1]
  .rodata             const    0x0003b884      0xc  wmiconfig.o [1]
  .rodata             const    0x0003b890     0x2c  wmiconfig.o [1]
  .rodata             const    0x0003b8bc      0xc  wmiconfig.o [1]
  .rodata             const    0x0003b8c8      0xc  wmiconfig.o [1]
  .rodata             const    0x0003b8d4      0xc  wmiconfig.o [1]
  .rodata             const    0x0003b8e0      0x8  wmiconfig.o [1]
  .rodata             const    0x0003b8e8      0x8  wmiconfig.o [1]
  .rodata             const    0x0003b8f0      0xc  wmiconfig.o [1]
  .rodata             const    0x0003b8fc      0xc  wmiconfig.o [1]
  .rodata             const    0x0003b908      0xc  wmiconfig.o [1]
  .rodata             const    0x0003b914     0x10  wmiconfig.o [1]
  .rodata             const    0x0003b924     0x10  wmiconfig.o [1]
  .rodata             const    0x0003b934      0xc  wmiconfig.o [1]
  .rodata             const    0x0003b940     0x18  wmiconfig.o [1]
  .rodata             const    0x0003b958      0x8  wmiconfig.o [1]
  .rodata             const    0x0003b960      0x8  wmiconfig.o [1]
  .rodata             const    0x0003b968      0xc  wmiconfig.o [1]
  .rodata             const    0x0003b974      0xc  wmiconfig.o [1]
  .rodata             const    0x0003b980      0xc  wmiconfig.o [1]
  .rodata             const    0x0003b98c      0x8  wmiconfig.o [1]
  .rodata             const    0x0003b994      0xc  wmiconfig.o [1]
  .rodata             const    0x0003b9a0      0xc  wmiconfig.o [1]
  .rodata             const    0x0003b9ac     0x10  wmiconfig.o [1]
  .rodata             const    0x0003b9bc      0x8  wmiconfig.o [1]
  .rodata             const    0x0003b9c4      0x8  wmiconfig.o [1]
  .rodata             const    0x0003b9cc      0xc  wmiconfig.o [1]
  .rodata             const    0x0003b9d8      0xc  wmiconfig.o [1]
  .rodata             const    0x0003b9e4      0x8  wmiconfig.o [1]
  .rodata             const    0x0003b9ec      0xc  wmiconfig.o [1]
  .rodata             const    0x0003b9f8     0x10  wmiconfig.o [1]
  .rodata             const    0x0003ba08      0x8  wmiconfig.o [1]
  .rodata             const    0x0003ba10      0xc  wmiconfig.o [1]
  .rodata             const    0x0003ba1c     0x10  wmiconfig.o [1]
  .rodata             const    0x0003ba2c      0x8  wmiconfig.o [1]
  .rodata             const    0x0003ba34      0x8  wmiconfig.o [1]
  .rodata             const    0x0003ba3c      0xc  wmiconfig.o [1]
  .rodata             const    0x0003ba48      0x8  wmiconfig.o [1]
  .rodata             const    0x0003ba50      0xc  wmiconfig.o [1]
  .rodata             const    0x0003ba5c      0xc  wmiconfig.o [1]
  .rodata             const    0x0003ba68      0xc  wmiconfig.o [1]
  .rodata             const    0x0003ba74     0x10  wmiconfig.o [1]
  .rodata             const    0x0003ba84      0xc  wmiconfig.o [1]
  .rodata             const    0x0003ba90      0xc  wmiconfig.o [1]
  .rodata             const    0x0003ba9c      0xc  wmiconfig.o [1]
  .rodata             const    0x0003baa8      0x8  wmiconfig.o [1]
  .rodata             const    0x0003bab0     0x10  wmiconfig.o [1]
  .rodata             const    0x0003bac0      0xc  wmiconfig.o [1]
  .rodata             const    0x0003bacc     0x14  wmiconfig.o [1]
  .rodata             const    0x0003bae0      0x8  wmiconfig.o [1]
  .rodata             const    0x0003bae8     0x14  wmiconfig.o [1]
  .rodata             const    0x0003bafc      0xc  wmiconfig.o [1]
  .rodata             const    0x0003bb08     0x18  wmiconfig.o [1]
  .rodata             const    0x0003bb20     0x14  wmiconfig.o [1]
  .rodata             const    0x0003bb34     0x14  wmiconfig.o [1]
  .rodata             const    0x0003bb48     0x10  wmiconfig.o [1]
  .rodata             const    0x0003bb58     0x18  wmiconfig.o [1]
  .rodata             const    0x0003bb70     0x1c  wmiconfig.o [1]
  .rodata             const    0x0003bb8c     0x14  wmiconfig.o [1]
  .rodata             const    0x0003bba0     0x14  wmiconfig.o [1]
  .rodata             const    0x0003bbb4     0x10  wmiconfig.o [1]
  .rodata             const    0x0003bbc4     0x10  wmiconfig.o [1]
  .rodata             const    0x0003bbd4     0x14  wmiconfig.o [1]
  .rodata             const    0x0003bbe8     0x10  wmiconfig.o [1]
  .rodata             const    0x0003bbf8     0x18  wmiconfig.o [1]
  .rodata             const    0x0003bc10      0xc  wmiconfig.o [1]
  .rodata             const    0x0003bc1c     0x18  wmiconfig.o [1]
  .rodata             const    0x0003bc34     0x10  wmiconfig.o [1]
  .rodata             const    0x0003bc44     0x14  wmiconfig.o [1]
  .rodata             const    0x0003bc58     0x1c  wmiconfig.o [1]
  .rodata             const    0x0003bc74     0x10  wmiconfig.o [1]
  .rodata             const    0x0003bc84     0x18  wmiconfig.o [1]
  .rodata             const    0x0003bc9c     0x14  wmiconfig.o [1]
  .rodata             const    0x0003bcb0     0x10  wmiconfig.o [1]
  .rodata             const    0x0003bcc0      0xc  wmiconfig.o [1]
  .rodata             const    0x0003bccc      0xc  wmiconfig.o [1]
  .rodata             const    0x0003bcd8      0xc  wmiconfig.o [1]
  .rodata             const    0x0003bce4      0xc  wmiconfig.o [1]
  .rodata             const    0x0003bcf0     0x10  wmiconfig.o [1]
  .rodata             const    0x0003bd00     0x10  wmiconfig.o [1]
  .rodata             const    0x0003bd10     0x14  wmiconfig.o [1]
  .rodata             const    0x0003bd24     0x14  wmiconfig.o [1]
  .rodata             const    0x0003bd38     0x10  wmiconfig.o [1]
  .rodata             const    0x0003bd48     0x10  wmiconfig.o [1]
  .rodata             const    0x0003bd58     0x10  wmiconfig.o [1]
  .rodata             const    0x0003bd68      0xc  wmiconfig.o [1]
  .rodata             const    0x0003bd74      0x8  wmiconfig.o [1]
  .rodata             const    0x0003bd7c      0xc  wmiconfig.o [1]
  .rodata             const    0x0003bd88      0x8  wmiconfig.o [1]
  .rodata             const    0x0003bd90      0xc  wmiconfig.o [1]
  .rodata             const    0x0003bd9c      0xc  wmiconfig.o [1]
  .rodata             const    0x0003bda8      0xc  wmiconfig.o [1]
  .rodata             const    0x0003bdb4     0x1c  wmiconfig.o [1]
  .rodata             const    0x0003bdd0     0x18  wmiconfig.o [1]
  .rodata             const    0x0003bde8     0x18  wmiconfig.o [1]
  .rodata             const    0x0003be00     0x18  wmiconfig.o [1]
  .rodata             const    0x0003be18     0x34  wmiconfig.o [1]
  .rodata             const    0x0003be4c     0x1c  wmiconfig.o [1]
  .rodata             const    0x0003be68     0x18  wmiconfig.o [1]
  .rodata             const    0x0003be80     0x1c  wmiconfig.o [1]
  .rodata             const    0x0003be9c     0x1c  wmiconfig.o [1]
  .rodata             const    0x0003beb8     0x18  wmiconfig.o [1]
  .rodata             const    0x0003bed0     0x30  wmiconfig.o [1]
  .rodata             const    0x0003bf00     0x1c  wmiconfig.o [1]
  .rodata             const    0x0003bf1c     0x24  wmiconfig.o [1]
  .rodata             const    0x0003bf40     0x18  wmiconfig.o [1]
  .rodata             const    0x0003bf58     0x10  wmiconfig.o [1]
  .rodata             const    0x0003bf68     0x2c  wmiconfig.o [1]
  .rodata             const    0x0003bf94     0x30  wmiconfig.o [1]
  .rodata             const    0x0003bfc4     0x4c  wmiconfig.o [1]
  .rodata             const    0x0003c010     0x30  wmiconfig.o [1]
  .rodata             const    0x0003c040     0x34  wmiconfig.o [1]
  .rodata             const    0x0003c074     0x18  wmiconfig.o [1]
  .rodata             const    0x0003c08c      0x8  wmiconfig.o [1]
  .rodata             const    0x0003c094     0x18  wmiconfig.o [1]
  .rodata             const    0x0003c0ac     0x18  wmiconfig.o [1]
  .rodata             const    0x0003c0c4     0x28  wmiconfig.o [1]
  .rodata             const    0x0003c0ec     0x1c  wmiconfig.o [1]
  .rodata             const    0x0003c108     0x18  wmiconfig.o [1]
  .rodata             const    0x0003c120     0x24  wmiconfig.o [1]
  .rodata             const    0x0003c144     0x1c  wmiconfig.o [1]
  .rodata             const    0x0003c160     0x18  wmiconfig.o [1]
  .rodata             const    0x0003c178     0x30  wmiconfig.o [1]
  .rodata             const    0x0003c1a8     0x30  wmiconfig.o [1]
  .rodata             const    0x0003c1d8     0x30  wmiconfig.o [1]
  .rodata             const    0x0003c208     0x30  wmiconfig.o [1]
  .rodata             const    0x0003c238     0x34  wmiconfig.o [1]
  .rodata             const    0x0003c26c     0x40  wmiconfig.o [1]
  .rodata             const    0x0003c2ac     0x40  wmiconfig.o [1]
  .rodata             const    0x0003c2ec     0x28  wmiconfig.o [1]
  .rodata             const    0x0003c314     0x34  wmiconfig.o [1]
  .rodata             const    0x0003c348     0x50  wmiconfig.o [1]
  .rodata             const    0x0003c398      0x8  wmiconfig.o [1]
  .rodata             const    0x0003c3a0     0x40  wmiconfig.o [1]
  .rodata             const    0x0003c3e0     0x58  wmiconfig.o [1]
  .rodata             const    0x0003c438     0x54  wmiconfig.o [1]
  .rodata             const    0x0003c48c     0x40  wmiconfig.o [1]
  .rodata             const    0x0003c4cc     0x44  wmiconfig.o [1]
  .rodata             const    0x0003c510     0x48  wmiconfig.o [1]
  .rodata             const    0x0003c558     0x34  wmiconfig.o [1]
  .rodata             const    0x0003c58c     0x38  wmiconfig.o [1]
  .rodata             const    0x0003c5c4     0x18  wmiconfig.o [1]
  .rodata             const    0x0003c5dc     0x54  wmiconfig.o [1]
  .rodata             const    0x0003c630     0x64  wmiconfig.o [1]
  .rodata             const    0x0003c694     0x58  wmiconfig.o [1]
  .rodata             const    0x0003c6ec     0x34  wmiconfig.o [1]
  .rodata             const    0x0003c720     0x58  wmiconfig.o [1]
  .rodata             const    0x0003c778     0x30  wmiconfig.o [1]
  .rodata             const    0x0003c7a8     0x40  wmiconfig.o [1]
  .rodata             const    0x0003c7e8     0x40  wmiconfig.o [1]
  .rodata             const    0x0003c828     0x2c  wmiconfig.o [1]
  .rodata             const    0x0003c854     0x34  wmiconfig.o [1]
  .rodata             const    0x0003c888     0x44  wmiconfig.o [1]
  .rodata             const    0x0003c8cc     0x30  wmiconfig.o [1]
  .rodata             const    0x0003c8fc     0x2c  wmiconfig.o [1]
  .rodata             const    0x0003c928     0x30  wmiconfig.o [1]
  .rodata             const    0x0003c958     0x34  wmiconfig.o [1]
  .rodata             const    0x0003c98c     0x50  wmiconfig.o [1]
  .rodata             const    0x0003c9dc     0x44  wmiconfig.o [1]
  .rodata             const    0x0003ca20     0x3c  wmiconfig.o [1]
  .rodata             const    0x0003ca5c     0x44  wmiconfig.o [1]
  .rodata             const    0x0003caa0     0x48  wmiconfig.o [1]
  .rodata             const    0x0003cae8     0x44  wmiconfig.o [1]
  .rodata             const    0x0003cb2c     0x48  wmiconfig.o [1]
  .rodata             const    0x0003cb74     0x50  wmiconfig.o [1]
  .rodata             const    0x0003cbc4     0x4c  wmiconfig.o [1]
  .rodata             const    0x0003cc10     0x84  wmiconfig.o [1]
  .rodata             const    0x0003cc94    0x114  wmiconfig.o [1]
  .rodata             const    0x0003cda8     0x54  wmiconfig.o [1]
  .rodata             const    0x0003cdfc     0x4c  wmiconfig.o [1]
  .rodata             const    0x0003ce48     0x1c  wmiconfig.o [1]
  .rodata             const    0x0003ce64     0x40  wmiconfig.o [1]
  .rodata             const    0x0003cea4     0x4c  wmiconfig.o [1]
  .rodata             const    0x0003cef0     0x28  wmiconfig.o [1]
  .rodata             const    0x0003cf18     0x34  wmiconfig.o [1]
  .rodata             const    0x0003cf4c     0x40  wmiconfig.o [1]
  .rodata             const    0x0003cf8c     0x3c  wmiconfig.o [1]
  .rodata             const    0x0003cfc8     0x38  wmiconfig.o [1]
  .rodata             const    0x0003d000     0x48  wmiconfig.o [1]
  .rodata             const    0x0003d048     0x68  wmiconfig.o [1]
  .rodata             const    0x0003d0b0     0x38  wmiconfig.o [1]
  .rodata             const    0x0003d0e8     0x44  wmiconfig.o [1]
  .rodata             const    0x0003d12c     0x64  wmiconfig.o [1]
  .rodata             const    0x0003d190     0x28  wmiconfig.o [1]
  .rodata             const    0x0003d1b8     0xb0  wmiconfig.o [1]
  .rodata             const    0x0003d268     0x50  wmiconfig.o [1]
  .rodata             const    0x0003d2b8     0x4c  wmiconfig.o [1]
  .rodata             const    0x0003d304     0x50  wmiconfig.o [1]
  .rodata             const    0x0003d354     0x48  wmiconfig.o [1]
  .rodata             const    0x0003d39c     0x48  wmiconfig.o [1]
  .rodata             const    0x0003d3e4     0x4c  wmiconfig.o [1]
  .rodata             const    0x0003d430     0x50  wmiconfig.o [1]
  .rodata             const    0x0003d480     0x64  wmiconfig.o [1]
  .rodata             const    0x0003d4e4     0x58  wmiconfig.o [1]
  .rodata             const    0x0003d53c     0x44  wmiconfig.o [1]
  .rodata             const    0x0003d580     0x34  wmiconfig.o [1]
  .rodata             const    0x0003d5b4     0x34  wmiconfig.o [1]
  .rodata             const    0x0003d5e8     0x70  wmiconfig.o [1]
  .rodata             const    0x0003d658     0x3c  wmiconfig.o [1]
  .rodata             const    0x0003d694     0x6c  wmiconfig.o [1]
  .rodata             const    0x0003d700     0x48  wmiconfig.o [1]
  .rodata             const    0x0003d748     0x48  wmiconfig.o [1]
  .rodata             const    0x0003d790     0x60  wmiconfig.o [1]
  .rodata             const    0x0003d7f0     0x74  wmiconfig.o [1]
  .rodata             const    0x0003d864     0x54  wmiconfig.o [1]
  .rodata             const    0x0003d8b8     0x54  wmiconfig.o [1]
  .rodata             const    0x0003d90c     0x7c  wmiconfig.o [1]
  .rodata             const    0x0003d988     0x40  wmiconfig.o [1]
  .rodata             const    0x0003d9c8     0x40  wmiconfig.o [1]
  .rodata             const    0x0003da08     0x48  wmiconfig.o [1]
  .rodata             const    0x0003da50     0x5c  wmiconfig.o [1]
  .rodata             const    0x0003daac     0x38  wmiconfig.o [1]
  .rodata             const    0x0003dae4     0x54  wmiconfig.o [1]
  .rodata             const    0x0003db38     0x3c  wmiconfig.o [1]
  .rodata             const    0x0003db74     0x40  wmiconfig.o [1]
  .rodata             const    0x0003dbb4     0x48  wmiconfig.o [1]
  .rodata             const    0x0003dbfc     0x40  wmiconfig.o [1]
  .rodata             const    0x0003dc3c     0x50  wmiconfig.o [1]
  .rodata             const    0x0003dc8c     0x4c  wmiconfig.o [1]
  .rodata             const    0x0003dcd8     0x48  wmiconfig.o [1]
  .rodata             const    0x0003dd20     0x40  wmiconfig.o [1]
  .rodata             const    0x0003dd60     0x40  wmiconfig.o [1]
  .rodata             const    0x0003dda0     0x38  wmiconfig.o [1]
  .rodata             const    0x0003ddd8     0x48  wmiconfig.o [1]
  .rodata             const    0x0003de20     0x3c  wmiconfig.o [1]
  .rodata             const    0x0003de5c     0x3c  wmiconfig.o [1]
  .rodata             const    0x0003de98     0x48  wmiconfig.o [1]
  .rodata             const    0x0003dee0     0x44  wmiconfig.o [1]
  .rodata             const    0x0003df24     0x48  wmiconfig.o [1]
  .rodata             const    0x0003df6c     0x6c  wmiconfig.o [1]
  .rodata             const    0x0003dfd8     0x70  wmiconfig.o [1]
  .rodata             const    0x0003e048     0x3c  wmiconfig.o [1]
  .rodata             const    0x0003e084     0x44  wmiconfig.o [1]
  .rodata             const    0x0003e0c8     0xa8  wmiconfig.o [1]
  .rodata             const    0x0003e170     0x44  wmiconfig.o [1]
  .rodata             const    0x0003e1b4     0x4c  wmiconfig.o [1]
  .rodata             const    0x0003e200     0x48  wmiconfig.o [1]
  .rodata             const    0x0003e248     0x3c  wmiconfig.o [1]
  .rodata             const    0x0003e284     0x88  wmiconfig.o [1]
  .rodata             const    0x0003e30c     0x54  wmiconfig.o [1]
  .rodata             const    0x0003e360     0x5c  wmiconfig.o [1]
  .rodata             const    0x0003e3bc     0x64  wmiconfig.o [1]
  .rodata             const    0x0003e420     0x6c  wmiconfig.o [1]
  .rodata             const    0x0003e48c     0x74  wmiconfig.o [1]
  .rodata             const    0x0003e500     0x80  wmiconfig.o [1]
  .rodata             const    0x0003e580     0x80  wmiconfig.o [1]
  .rodata             const    0x0003e600     0x54  wmiconfig.o [1]
  .rodata             const    0x0003e654     0x60  wmiconfig.o [1]
  .rodata             const    0x0003e6b4     0x5c  wmiconfig.o [1]
  .rodata             const    0x0003e710     0x4c  wmiconfig.o [1]
  .rodata             const    0x0003e75c     0x24  wmiconfig.o [1]
  .rodata             const    0x0003e780     0x14  wmiconfig.o [1]
  .rodata             const    0x0003e794     0x24  wmiconfig.o [1]
  .rodata             const    0x0003e7b8     0x1c  wmiconfig.o [1]
  .rodata             const    0x0003e7d4     0x14  wmiconfig.o [1]
  .rodata             const    0x0003e7e8      0x8  wmiconfig.o [1]
  .rodata             const    0x0003e7f0     0x28  wmiconfig.o [1]
  .rodata             const    0x0003e818     0x28  wmiconfig.o [1]
  .rodata             const    0x0003e840     0x20  wmiconfig.o [1]
  .rodata             const    0x0003e860     0x18  wmiconfig.o [1]
  .rodata             const    0x0003e878     0x28  wmiconfig.o [1]
  .rodata             const    0x0003e8a0     0x14  wmiconfig.o [1]
  .rodata             const    0x0003e8b4     0x60  wmiconfig.o [1]
  .rodata             const    0x0003e914     0x30  wmiconfig.o [1]
  .rodata             const    0x0003e944     0x20  wmiconfig.o [1]
  .rodata             const    0x0003e964     0x38  wmiconfig.o [1]
  .rodata             const    0x0003e99c     0x20  wmiconfig.o [1]
  .rodata             const    0x0003e9bc     0x28  wmiconfig.o [1]
  .rodata             const    0x0003e9e4     0x18  wmiconfig.o [1]
  .rodata             const    0x0003e9fc     0x20  wmiconfig.o [1]
  .rodata             const    0x0003ea1c     0x20  wmiconfig.o [1]
  .rodata             const    0x0003ea3c     0x24  wmiconfig.o [1]
  .rodata             const    0x0003ea60     0x18  wmiconfig.o [1]
  .rodata             const    0x0003ea78     0x14  wmiconfig.o [1]
  .rodata             const    0x0003ea8c     0x24  wmiconfig.o [1]
  .rodata             const    0x0003eab0     0x10  wmiconfig.o [1]
  .rodata             const    0x0003eac0     0x30  wmiconfig.o [1]
  .rodata             const    0x0003eaf0     0x18  wmiconfig.o [1]
  .rodata             const    0x0003eb08     0x14  wmiconfig.o [1]
  .rodata             const    0x0003eb1c      0x8  wmiconfig.o [1]
  .rodata             const    0x0003eb24     0x1c  wmiconfig.o [1]
  .rodata             const    0x0003eb40     0x18  wmiconfig.o [1]
  .rodata             const    0x0003eb58     0x14  wmiconfig.o [1]
  .rodata             const    0x0003eb6c     0x38  wmiconfig.o [1]
  .rodata             const    0x0003eba4     0x38  wmiconfig.o [1]
  .rodata             const    0x0003ebdc     0x1c  wmiconfig.o [1]
  .rodata             const    0x0003ebf8     0x18  wmiconfig.o [1]
  .rodata             const    0x0003ec10     0x24  wmiconfig.o [1]
  .rodata             const    0x0003ec34     0x1c  wmiconfig.o [1]
  .rodata             const    0x0003ec50     0x34  wmiconfig.o [1]
  .rodata             const    0x0003ec84     0x2c  wmiconfig.o [1]
  .rodata             const    0x0003ecb0     0x2c  wmiconfig.o [1]
  .rodata             const    0x0003ecdc     0x20  wmiconfig.o [1]
  .rodata             const    0x0003ecfc     0x1c  wmiconfig.o [1]
  .rodata             const    0x0003ed18     0x24  wmiconfig.o [1]
  .rodata             const    0x0003ed3c     0x10  wmiconfig.o [1]
  .rodata             const    0x0003ed4c     0x18  wmiconfig.o [1]
  .rodata             const    0x0003ed64     0x28  wmiconfig.o [1]
  .rodata             const    0x0003ed8c     0x1c  wmiconfig.o [1]
  .rodata             const    0x0003eda8     0x1c  wmiconfig.o [1]
  .rodata             const    0x0003edc4     0x54  wmiconfig.o [1]
  .rodata             const    0x0003ee18     0x24  wmiconfig.o [1]
  .rodata             const    0x0003ee3c     0x24  wmiconfig.o [1]
  .rodata             const    0x0003ee60     0x34  wmiconfig.o [1]
  .rodata             const    0x0003ee94     0x24  wmiconfig.o [1]
  .rodata             const    0x0003eeb8     0x2c  wmiconfig.o [1]
  .rodata             const    0x0003eee4     0x20  wmiconfig.o [1]
  .rodata             const    0x0003ef04     0x20  wmiconfig.o [1]
  .rodata             const    0x0003ef24     0x20  wmiconfig.o [1]
  .rodata             const    0x0003ef44     0x34  wmiconfig.o [1]
  .rodata             const    0x0003ef78     0x30  wmiconfig.o [1]
  .rodata             const    0x0003efa8     0x30  wmiconfig.o [1]
  .rodata             const    0x0003efd8     0x20  wmiconfig.o [1]
  .rodata             const    0x0003eff8     0x20  wmiconfig.o [1]
  .rodata             const    0x0003f018     0x20  wmiconfig.o [1]
  .rodata             const    0x0003f038     0x20  wmiconfig.o [1]
  .rodata             const    0x0003f058     0x38  wmiconfig.o [1]
  .rodata             const    0x0003f090     0x2c  wmiconfig.o [1]
  .rodata             const    0x0003f0bc      0x8  wmiconfig.o [1]
  .rodata             const    0x0003f0c4     0x18  wmiconfig.o [1]
  .rodata             const    0x0003f0dc     0x1c  wmiconfig.o [1]
  .rodata             const    0x0003f0f8     0x1c  wmiconfig.o [1]
  .rodata             const    0x0003f114     0x2c  wmiconfig.o [1]
  .rodata             const    0x0003f140     0x1c  wmiconfig.o [1]
  .rodata             const    0x0003f15c      0x8  wmiconfig.o [1]
  .rodata             const    0x0003f164     0x14  wmiconfig.o [1]
  .rodata             const    0x0003f178      0x8  wmiconfig.o [1]
  .rodata             const    0x0003f180     0x20  wmiconfig.o [1]
  .rodata             const    0x0003f1a0      0x8  wmiconfig.o [1]
  .rodata             const    0x0003f1a8     0x48  wmiconfig.o [1]
  .rodata             const    0x0003f1f0     0x1c  wmiconfig.o [1]
  .rodata             const    0x0003f20c     0x14  wmiconfig.o [1]
  .rodata             const    0x0003f220      0x8  wmiconfig.o [1]
  .rodata             const    0x0003f228      0x8  wmiconfig.o [1]
  .rodata             const    0x0003f230     0x14  wmiconfig.o [1]
  .rodata             const    0x0003f244      0x8  wmiconfig.o [1]
  .rodata             const    0x0003f24c      0xc  wmiconfig.o [1]
  .rodata             const    0x0003f258     0x14  wmiconfig.o [1]
  .rodata             const    0x0003f26c     0x14  wmiconfig.o [1]
  .rodata             const    0x0003f280     0x14  wmiconfig.o [1]
  .rodata             const    0x0003f294     0x20  wmiconfig.o [1]
  .rodata             const    0x0003f2b4     0x1c  wmiconfig.o [1]
  .rodata             const    0x0003f2d0     0x14  wmiconfig.o [1]
  .rodata             const    0x0003f2e4      0x8  wmiconfig.o [1]
  .rodata             const    0x0003f2ec      0x8  wmiconfig.o [1]
  .rodata             const    0x0003f2f4     0x14  wmiconfig.o [1]
  .rodata             const    0x0003f308     0x14  wmiconfig.o [1]
  .rodata             const    0x0003f31c     0x14  wmiconfig.o [1]
  .rodata             const    0x0003f330     0x18  wmiconfig.o [1]
  .rodata             const    0x0003f348     0x20  wmiconfig.o [1]
  .rodata             const    0x0003f368     0x70  wmiconfig.o [1]
  .rodata             const    0x0003f3d8     0x30  wmiconfig.o [1]
  .rodata             const    0x0003f408     0x28  wmiconfig.o [1]
  .rodata             const    0x0003f430     0x24  wmiconfig.o [1]
  .rodata             const    0x0003f454      0x4  wmiconfig.o [1]
  .rodata             const    0x0003f458     0x10  wmiconfig.o [1]
  .rodata             const    0x0003f468     0x14  wmiconfig.o [1]
  .rodata             const    0x0003f47c     0x68  wmiconfig.o [1]
  .rodata             const    0x0003f4e4     0x3c  wmiconfig.o [1]
  .rodata             const    0x0003f520     0x28  wmiconfig.o [1]
  .rodata             const    0x0003f548     0x24  wmiconfig.o [1]
  .rodata             const    0x0003f56c     0x14  wmiconfig.o [1]
  .rodata             const    0x0003f580     0x4c  wmiconfig.o [1]
  .rodata             const    0x0003f5cc     0x28  wmiconfig.o [1]
  .rodata             const    0x0003f5f4     0x28  wmiconfig.o [1]
  .rodata             const    0x0003f61c     0x28  wmiconfig.o [1]
  .rodata             const    0x0003f644     0x28  wmiconfig.o [1]
  .rodata             const    0x0003f66c      0x4  wmiconfig.o [1]
  .rodata             const    0x0003f670      0x8  wmiconfig.o [1]
  .rodata             const    0x0003f678     0x28  wmiconfig.o [1]
  .rodata             const    0x0003f6a0     0x14  wmiconfig.o [1]
  .rodata             const    0x0003f6b4     0x1c  wmiconfig.o [1]
  .rodata             const    0x0003f6d0     0x14  wmiconfig.o [1]
  .rodata             const    0x0003f6e4     0x24  wmiconfig.o [1]
  .rodata             const    0x0003f708     0x14  wmiconfig.o [1]
  .rodata             const    0x0003f71c     0x3c  wmiconfig.o [1]
  .rodata             const    0x0003f758    0x11c  wmiconfig.o [1]
  .rodata             const    0x0003f874     0x10  wmiconfig.o [1]
  .rodata             const    0x0003f884     0x24  wmiconfig.o [1]
  .rodata             const    0x0003f8a8     0x2c  wmiconfig.o [1]
  .rodata             const    0x0003f8d4     0x30  wmiconfig.o [1]
  .rodata             const    0x0003f904     0x1c  wmiconfig.o [1]
  .rodata             const    0x0003f920     0x20  wmiconfig.o [1]
  .rodata             const    0x0003f940     0x14  wmiconfig.o [1]
  .rodata             const    0x0003f954     0x1c  wmiconfig.o [1]
  .rodata             const    0x0003f970     0x18  wmiconfig.o [1]
  .rodata             const    0x0003f988      0xc  wmiconfig.o [1]
  .rodata             const    0x0003f994     0x1c  wmiconfig.o [1]
  .rodata             const    0x0003f9b0     0x18  wmiconfig.o [1]
  .rodata             const    0x0003f9c8     0x10  wmiconfig.o [1]
  .rodata             const    0x0003f9d8     0x2c  wmiconfig.o [1]
  .rodata             const    0x0003fa04      0x8  wmiconfig.o [1]
  .rodata             const    0x0003fa0c     0x2c  wmiconfig.o [1]
  .rodata             const    0x0003fa38     0x34  wmiconfig.o [1]
  .rodata             const    0x0003fa6c     0x4c  wmiconfig.o [1]
  .rodata             const    0x0003fab8     0x24  wmiconfig.o [1]
  .rodata             const    0x0003fadc     0x1c  wmiconfig.o [1]
  .rodata             const    0x0003faf8     0x2c  wmiconfig.o [1]
  .rodata             const    0x0003fb24     0x28  wmiconfig.o [1]
  .rodata             const    0x0003fb4c     0x28  wmiconfig.o [1]
  .rodata             const    0x0003fb74      0x8  wmiconfig.o [1]
  .rodata             const    0x0003fb7c      0x8  wmiconfig.o [1]
  .rodata             const    0x0003fb84      0x8  wmiconfig.o [1]
  .rodata             const    0x0003fb8c     0x1c  wmiconfig.o [1]
  .rodata             const    0x0003fba8     0x4c  wmiconfig.o [1]
  .rodata             const    0x0003fbf4     0x24  wmiconfig.o [1]
  .rodata             const    0x0003fc18     0x24  wmiconfig.o [1]
  .rodata             const    0x0003fc3c      0x8  wmiconfig.o [1]
  .rodata             const    0x0003fc44      0x8  wmiconfig.o [1]
  .rodata             const    0x0003fc4c     0x38  wmiconfig.o [1]
  .rodata             const    0x0003fc84     0x14  wmiconfig.o [1]
  .rodata             const    0x0003fc98     0x28  wmiconfig.o [1]
  .rodata             const    0x0003fcc0     0x10  wmiconfig.o [1]
  .rodata             const    0x0003fcd0      0xc  wmiconfig.o [1]
  .rodata             const    0x0003fcdc      0x8  wmiconfig.o [1]
  .rodata             const    0x0003fce4      0x8  wmiconfig.o [1]
  .rodata             const    0x0003fcec      0xc  wmiconfig.o [1]
  .rodata             const    0x0003fcf8      0x8  wmiconfig.o [1]
  .rodata             const    0x0003fd00     0x28  wmiconfig.o [1]
  .rodata             const    0x0003fd28     0x1c  wmiconfig.o [1]
  .rodata             const    0x0003fd44      0x8  wmiconfig.o [1]
  .rodata             const    0x0003fd4c     0x1c  wmiconfig.o [1]
  .rodata             const    0x0003fd68      0xc  wmiconfig.o [1]
  .rodata             const    0x0003fd74      0xc  wmiconfig.o [1]
  .rodata             const    0x0003fd80      0xc  wmiconfig.o [1]
  .rodata             const    0x0003fd8c      0x8  wmiconfig.o [1]
  .rodata             const    0x0003fd94     0x24  wmiconfig.o [1]
  .rodata             const    0x0003fdb8      0x8  wmiconfig.o [1]
  .rodata             const    0x0003fdc0     0x38  wmiconfig.o [1]
  .rodata             const    0x0003fdf8     0x40  wmiconfig.o [1]
  .rodata             const    0x0003fe38      0x8  wmiconfig.o [1]
  .rodata             const    0x0003fe40     0x2c  wmiconfig.o [1]
  .rodata             const    0x0003fe6c     0x58  wmiconfig.o [1]
  .rodata             const    0x0003fec4      0xc  wmiconfig.o [1]
  .rodata             const    0x0003fed0      0xc  wmiconfig.o [1]
  .rodata             const    0x0003fedc      0x8  wmiconfig.o [1]
  .rodata             const    0x0003fee4     0x10  wmiconfig.o [1]
  .rodata             const    0x0003fef4     0x10  wmiconfig.o [1]
  .rodata             const    0x0003ff04      0x8  wmiconfig.o [1]
  .rodata             const    0x0003ff0c      0xc  wmiconfig.o [1]
  .rodata             const    0x0003ff18      0x8  wmiconfig.o [1]
  .rodata             const    0x0003ff20      0x8  wmiconfig.o [1]
  .rodata             const    0x0003ff28     0x30  wmiconfig.o [1]
  .rodata             const    0x0003ff58     0x34  wmiconfig.o [1]
  .rodata             const    0x0003ff8c     0x40  wmiconfig.o [1]
  .rodata             const    0x0003ffcc     0x28  wmiconfig.o [1]
  .rodata             const    0x0003fff4      0x8  wmiconfig.o [1]
  .rodata             const    0x0003fffc     0x30  wmiconfig.o [1]
  .rodata             const    0x0004002c      0xc  wmiconfig.o [1]
  .rodata             const    0x00040038     0x28  wmiconfig.o [1]
  .rodata             const    0x00040060     0x2c  wmiconfig.o [1]
  .rodata             const    0x0004008c      0xc  wmiconfig.o [1]
  .rodata             const    0x00040098      0xc  wmiconfig.o [1]
  .rodata             const    0x000400a4      0xc  wmiconfig.o [1]
  .rodata             const    0x000400b0     0x54  wmiconfig.o [1]
  .rodata             const    0x00040104      0xc  wmiconfig.o [1]
  .rodata             const    0x00040110     0x34  wmiconfig.o [1]
  .rodata             const    0x00040144     0x44  wmiconfig.o [1]
  .rodata             const    0x00040188     0x58  wmiconfig.o [1]
  .rodata             const    0x000401e0     0x4c  wmiconfig.o [1]
  .rodata             const    0x0004022c      0xc  wmiconfig.o [1]
  .rodata             const    0x00040238     0x3c  wmiconfig.o [1]
  .rodata             const    0x00040274      0xc  wmiconfig.o [1]
  .rodata             const    0x00040280     0x30  wmiconfig.o [1]
  .rodata             const    0x000402b0     0x38  wmiconfig.o [1]
  .rodata             const    0x000402e8      0x8  wmiconfig.o [1]
  .rodata             const    0x000402f0     0x30  wmiconfig.o [1]
  .rodata             const    0x00040320     0x44  wmiconfig.o [1]
  .rodata             const    0x00040364     0x48  wmiconfig.o [1]
  .rodata             const    0x000403ac     0x10  wmiconfig.o [1]
  .rodata             const    0x000403bc     0x14  wmiconfig.o [1]
  .rodata             const    0x000403d0     0x2c  wmiconfig.o [1]
  .rodata             const    0x000403fc     0x28  wmiconfig.o [1]
  .rodata             const    0x00040424     0x18  wmiconfig.o [1]
  .rodata             const    0x0004043c     0x30  wmiconfig.o [1]
  .rodata             const    0x0004046c      0x8  wmiconfig.o [1]
  .rodata             const    0x00040474     0x14  wmiconfig.o [1]
  .rodata             const    0x00040488      0x8  wmiconfig.o [1]
  .rodata             const    0x00040490      0x8  wmiconfig.o [1]
  .rodata             const    0x00040498      0x8  wmiconfig.o [1]
  .rodata             const    0x000404a0      0x8  wmiconfig.o [1]
  .rodata             const    0x000404a8      0x8  wmiconfig.o [1]
  .rodata             const    0x000404b0     0x14  wmiconfig.o [1]
  .rodata             const    0x000404c4      0x8  wmiconfig.o [1]
  .rodata             const    0x000404cc     0x14  wmiconfig.o [1]
  .rodata             const    0x000404e0      0x8  wmiconfig.o [1]
  .rodata             const    0x000404e8     0x14  wmiconfig.o [1]
  .rodata             const    0x000404fc     0x18  wmiconfig.o [1]
  .rodata             const    0x00040514     0x18  wmiconfig.o [1]
  .rodata             const    0x0004052c     0x18  wmiconfig.o [1]
  .rodata             const    0x00040544     0x18  wmiconfig.o [1]
  .rodata             const    0x0004055c     0x34  wmiconfig.o [1]
  .rodata             const    0x00040590     0x2c  wmiconfig.o [1]
  .rodata             const    0x000405bc     0x10  wmiconfig.o [1]
  .rodata             const    0x000405cc     0x14  wmiconfig.o [1]
  .rodata             const    0x000405e0     0x14  wmiconfig.o [1]
  .rodata             const    0x000405f4     0x18  wmiconfig.o [1]
  .rodata             const    0x0004060c      0x8  wmiconfig.o [1]
  .rodata             const    0x00040614     0x18  wmiconfig.o [1]
  .rodata             const    0x0004062c     0x28  wmiconfig.o [1]
  .rodata             const    0x00040654      0x8  wmiconfig.o [1]
  .rodata             const    0x0004065c     0x48  wmiconfig.o [1]
  .rodata             const    0x000406a4      0x8  wmiconfig.o [1]
  .rodata             const    0x000406ac     0x20  wmiconfig.o [1]
  .rodata             const    0x000406cc     0x18  wmiconfig.o [1]
  .rodata             const    0x000406e4      0x8  wmiconfig.o [1]
  .rodata             const    0x000406ec     0x3c  wmiconfig.o [1]
  .rodata             const    0x00040728     0x1c  wmiconfig.o [1]
  .rodata             const    0x00040744      0x8  wmiconfig.o [1]
  .rodata             const    0x0004074c     0x28  wmiconfig.o [1]
  .rodata             const    0x00040774     0x18  wmiconfig.o [1]
  .rodata             const    0x0004078c      0x8  wmiconfig.o [1]
  .rodata             const    0x00040794     0x14  wmiconfig.o [1]
  .rodata             const    0x000407a8     0xb8  wmiconfig.o [1]
  .rodata             const    0x00040860     0x34  wmiconfig.o [1]
  .rodata             const    0x00040894     0x1c  wmiconfig.o [1]
  .rodata             const    0x000408b0     0x38  wmiconfig.o [1]
  .rodata             const    0x000408e8     0x1c  wmiconfig.o [1]
  .rodata             const    0x00040904     0x10  wmiconfig.o [1]
  .rodata             const    0x00040914     0x28  wmiconfig.o [1]
  .rodata             const    0x0004093c     0x28  wmiconfig.o [1]
  .rodata             const    0x00040964     0x28  wmiconfig.o [1]
  .rodata             const    0x0004098c     0x28  wmiconfig.o [1]
  .rodata             const    0x000409b4     0x2c  wmiconfig.o [1]
  .rodata             const    0x000409e0     0x28  wmiconfig.o [1]
  .rodata             const    0x00040a08     0x2c  wmiconfig.o [1]
  .rodata             const    0x00040a34     0x28  wmiconfig.o [1]
  .rodata             const    0x00040a5c     0x1c  wmiconfig.o [1]
  .rodata             const    0x00040a78     0x14  wmiconfig.o [1]
  .rodata             const    0x00040a8c     0x14  wmiconfig.o [1]
  .rodata             const    0x00040aa0     0x18  wmiconfig.o [1]
  .rodata             const    0x00040ab8     0x1c  wmiconfig.o [1]
  .rodata             const    0x00040ad4      0xc  wmiconfig.o [1]
  .rodata             const    0x00040ae0      0xc  wmiconfig.o [1]
  .rodata             const    0x00040aec      0x8  wmiconfig.o [1]
  .rodata             const    0x00040af4     0x24  wmiconfig.o [1]
  .rodata             const    0x00040b18     0x48  wmiconfig.o [1]
  .rodata             const    0x00040b60     0x28  wmiconfig.o [1]
  .rodata             const    0x00040b88     0x24  wmiconfig.o [1]
  .rodata             const    0x00040bac     0x1c  wmiconfig.o [1]
  .rodata             const    0x00040bc8      0xc  wmiconfig.o [1]
  .rodata             const    0x00040bd4     0x34  wmiconfig.o [1]
  .rodata             const    0x00040c08     0x1c  wmiconfig.o [1]
  .rodata             const    0x00040c24     0x18  wmiconfig.o [1]
  .rodata             const    0x00040c3c     0x44  wmiconfig.o [1]
  .rodata             const    0x00040c80     0x40  wmiconfig.o [1]
  .rodata             const    0x00040cc0     0x30  wmiconfig.o [1]
  .rodata             const    0x00040cf0     0x28  wmiconfig.o [1]
  .rodata             const    0x00040d18     0x30  wmiconfig.o [1]
  .rodata             const    0x00040d48     0x18  wmiconfig.o [1]
  .rodata             const    0x00040d60     0x2c  wmiconfig.o [1]
  .rodata             const    0x00040d8c      0x8  wmiconfig.o [1]
  .rodata             const    0x00040d94      0x8  wmiconfig.o [1]
[...]
lpt_vectors             0x000430dc     0x4  Data  Lc  hwtimer_kinetis.o [3]
lwgpio_init             0x0000a121    0x4e  Code  Gb  lwgpio_kgpio.o [3]
lwgpio_set_direction    0x0000a197    0x38  Code  Gb  lwgpio_kgpio.o [3]
lwgpio_set_functionality
                        0x0000a179    0x1e  Code  Gb  lwgpio_kgpio.o [3]
lwgpio_set_value        0x0000a1cf    0x1c  Code  Gb  lwgpio_kgpio.o [3]
mac_store               0x00022ac1    0xe2  Code  Lc  wmiconfig.o [1]
main                    0x00001561    0x10  Code  Gb  mqx_main.o [3]
max_performance_power_param
                        0x00044204     0x1  Data  Gb  api_init.o [3]
memchr                  0x0000be45          Code  Gb  memchr.o [8]
move_power_state_to_maxperf
                        0x000150fd    0x3e  Code  Gb  api_stack_offload.o [3]
mutex_tskcnt            0x1fff03a4    0x30  Data  Gb  task_manager.o [1]
mux_74hc595_init        0x0000712f   0x122  Code  Gb  74hc595.o [6]
mux_74hc595_set_bit     0x00007251    0x78  Code  Gb  74hc595.o [6]
mystrtomac              0x00018d99    0xd2  Code  Lc  wmiconfig.o [1]
mystrtoul               0x00028461    0x88  Code  Gb  utils.o [1]
ndigs                   0x0000b2e8    0x28  Data  Lc  xstoul.o [4]
next_dset_ndx           0x1fff1d86     0x2  Data  Gb  dset.o [3]
notfound_html           0x1fff0078     0x4  Data  Gb  https.o [1]
num_traffic_streams     0x1fff07a8     0x4  Data  Lc  throughput.o [1]
number_streams          0x1fff1d8c     0x1  Data  Gb  task_manager.o [1]
original_ssid           0x1fff0848    0x24  Data  Gb  wmiconfig.o [1]
ota_done                0x00022161    0x2a  Code  Lc  wmiconfig.o [1]
ota_read                0x000220a1    0xbc  Code  Lc  wmiconfig.o [1]
ota_upgrade             0x00021f1d   0x174  Code  Lc  wmiconfig.o [1]
output_kf_pfm           0x0000ca79    0xb2  Code  Gb  atheros_wifi_mediactl_ext.o [1]
p2pMode                 0x1fff08f0     0x4  Data  Gb  wmiconfig.o [1]
p2p_callback            0x0001bf65    0x68  Code  Gb  wmiconfig.o [1]
p2p_cancel_enable       0x1fff1d94     0x1  Data  Gb  wmiconfig.o [1]
p2p_go_neg_event        0x00012389    0x14  Code  Gb  api_wmi_rx.o [3]
p2p_handler             0x0001d6c1  0x174e  Code  Lc  wmiconfig.o [1]
p2p_intent              0x1fff1d96     0x1  Data  Gb  wmiconfig.o [1]
p2p_invite_rcvd_result_ev
                        0x000123f3     0xa  Code  Gb  api_wmi_rx.o [3]
p2p_invite_req_rx       0x000123e7     0xc  Code  Gb  api_wmi_rx.o [3]
p2p_invite_sent_result_event
                        0x0001239d     0xe  Code  Gb  api_wmi_rx.o [3]
p2p_join_mac_addr       0x1fff0b38     0x8  Data  Gb  wmiconfig.o [1]
p2p_join_profile        0x1fff0b40    0x38  Data  Gb  wmiconfig.o [1]
p2p_join_session_active
                        0x1fff1d98     0x1  Data  Gb  wmiconfig.o [1]
p2p_key_val             0x1fff1b30    0x10  Data  Gb  wmi.o [3]
p2p_list_persistent_network_event
                        0x000123b5     0xa  Code  Gb  api_wmi_rx.o [3]
p2p_noa                 0x1fff07f8     0x4  Data  Gb  wmiconfig.o [1]
p2p_node_list_event     0x000123ab     0xa  Code  Gb  api_wmi_rx.o [3]
p2p_pers_data           0x1fff0900   0x238  Data  Gb  wmiconfig.o [1]
p2p_persistent_done     0x1fff1d93     0x1  Data  Gb  wmiconfig.o [1]
p2p_persistent_go       0x1fff1d99     0x1  Data  Gb  wmiconfig.o [1]
p2p_req_auth_event      0x000123bf     0xa  Code  Gb  api_wmi_rx.o [3]
p2p_session_in_progress
                        0x1fff1d95     0x1  Data  Gb  wmiconfig.o [1]
p2p_wps_pin             0x1fff08f4     0x8  Data  Gb  wmiconfig.o [1]
pBMICmdBuf              0x1fff1c70     0x4  Data  Lc  bmi.o [3]
pBMICmdCredits          0x1fff1c6c     0x4  Data  Lc  bmi.o [3]
pDsetHandle             0x1fff0d34     0x4  Data  Gb  wmiconfig.o [1]
pQuery                  0x1fff0274     0x4  Data  Gb  atheros_wifi_mediactl_ext.o [1]
p_Driver_Cxt            0x1fff1c94     0x8  Data  Gb  cust_api_init.o [3]
p_Global_Cxt            0x1fff1c90     0x4  Data  Gb  cust_api_init.o [3]
parse_ipv4_ad           0x000285b1   0x138  Code  Gb  utils.o [1]
pcr_reg_arr             0x1fff0174    0x14  Data  Gb  lwgpio_kgpio.o [3]
pctl_ptr_arr            0x00043e28    0x14  Data  Lc  io_gpio_kgpio.o [3]
pdb_external            0x1fff0170     0x4  Data  Lc  adt_kpdb.o [3]
pdb_internal            0x1fff1d34    0x24  Data  Lc  adt_kpdb.o [3]
pfm_handler             0x00022d5d    0x2c  Code  Lc  wmiconfig.o [1]
phy_atheros_wifi_discover_addr
                        0x000387e1     0x4  Code  Lc  atheros_phy.o [3]
phy_atheros_wifi_get_link_status
                        0x000387ed    0x28  Code  Lc  atheros_phy.o [3]
phy_atheros_wifi_get_speed
                        0x000387e9     0x4  Code  Lc  atheros_phy.o [3]
phy_atheros_wifi_init   0x000387e5     0x4  Code  Lc  atheros_phy.o [3]
pmk_flag                0x1fff1d90     0x1  Data  Gb  wmiconfig.o [1]
port_in_use             0x1fff07ac     0x4  Data  Lc  throughput.o [1]
power_state_for_module  0x1fff1ba0     0x4  Data  Gb  api_stack_offload.o [3]
print_ip6               0x000287d9    0xfe  Code  Gb  utils.o [1]
print_test_results      0x000244f7   0x1e8  Code  Lc  throughput.o [1]
process_http_request    0x0002b3e7    0x98  Code  Lc  https.o [1]
profile_head            0x1fff1d88     0x1  Data  Gb  atheros_wifi_mediactl_ext.o [1]
profile_trail           0x1fff1d89     0x1  Data  Gb  atheros_wifi_mediactl_ext.o [1]
profiles                0x1fff0278    0xa0  Data  Gb  atheros_wifi_mediactl_ext.o [1]
program_mac_addr        0x00016e95   0x200  Code  Lc  api_ioctl.o [3]
qcom_get_temperature    0x00022191    0x58  Code  Gb  wmiconfig.o [1]
qcom_roaming_ctrl       0x000221f1    0x3a  Code  Gb  wmiconfig.o [1]
query_credit_deficit    0x00015b6d    0x32  Code  Lc  api_txrx.o [3]
rand                    0x00028b5d    0xe0  Code  Gb  rand.o [4]
read_http_response      0x0002af95    0x62  Code  Lc  https.o [1]
receive_incoming        0x00027ebd    0xe8  Code  Gb  throughput.o [1]
reg_query_bool          0x1fff0270     0x4  Data  Gb  atheros_wifi_mediactl_ext.o [1]
remote_dset_op          0x00022f35   0x114  Code  Gb  wmiconfig.o [1]
reseed                  0x1fff1cb4     0x4  Data  Lc  rtcsrand.o [9]
restore_power_state     0x0001513b    0x4e  Code  Gb  api_stack_offload.o [3]
rs232_dev               0x1fff0370     0x4  Data  Gb  Shell_Task.o [1]
rsn_auth_parse          0x00017645    0x3e  Code  Lc  api_ioctl.o [3]
rsn_cipher_parse        0x000175df    0x66  Code  Lc  api_ioctl.o [3]
rtcs_enet               0x000433ac    0x14  Data  Lc  ip-e.o [9]
rtcs_local              0x00043780    0x14  Data  Lc  iplocal.o [9]
rx_command_parser       0x00024bd1   0x2b4  Code  Gb  throughput.o [1]
rx_command_parser_multi_socket
                        0x00024a15   0x132  Code  Gb  throughput.o [1]
scan_control            0x0001d0bb    0xe0  Code  Lc  wmiconfig.o [1]
scan_setup              0x00033391   0x11a  Code  Lc  cust_api_ioctl.o [3]
security_ie_parse       0x00017683    0xf4  Code  Lc  api_ioctl.o [3]
security_mode           0x1fff0b78     0x4  Data  Lc  wmiconfig.o [1]
seed                    0x1fff1cb0     0x4  Data  Lc  rtcsrand.o [9]
sendAck                 0x00027975   0x172  Code  Gb  throughput.o [1]
sendRawAck              0x00027af5   0x1c2  Code  Gb  throughput.o [1]
send_http_get_request   0x0002aef1    0xa4  Code  Lc  https.o [1]
send_http_response      0x0002b315    0xd2  Code  Lc  https.o [1]
send_stack_init         0x000150b9    0x44  Code  Gb  api_stack_offload.o [3]
setBenchMode            0x000244a1    0x56  Code  Gb  throughput.o [1]
set_active_deviceid     0x0001a82d    0x4e  Code  Lc  wmiconfig.o [1]
set_ap_params           0x0001f941    0x3c  Code  Lc  wmiconfig.o [1]
set_callback            0x0001a775    0x32  Code  Gb  wmiconfig.o [1]
set_channel             0x0001eecd    0x86  Code  Lc  wmiconfig.o [1]
set_channel_p2p         0x1fff07f4     0x4  Data  Gb  wmiconfig.o [1]
set_cipher              0x0001c527    0x32  Code  Lc  wmiconfig.o [1]
set_gtx                 0x00022a1d    0x3c  Code  Lc  wmiconfig.o [1]
set_listen_interval     0x0001f1c5    0x42  Code  Lc  wmiconfig.o [1]
set_lpl                 0x00022a59    0x3c  Code  Lc  wmiconfig.o [1]
set_passphrase          0x0001a61d    0x12  Code  Lc  wmiconfig.o [1]
set_phy_mode            0x0001f207    0x80  Code  Lc  wmiconfig.o [1]
set_pmparams            0x0001ef75   0x242  Code  Lc  wmiconfig.o [1]
set_power_mode          0x00018d45    0x50  Code  Gb  wmiconfig.o [1]
set_rate                0x0001d3fd   0x1b0  Code  Lc  wmiconfig.o [1]
set_scan_para           0x0001d1a9   0x10a  Code  Lc  wmiconfig.o [1]
set_tcp_connection_timeout
                        0x0001d385    0x54  Code  Lc  wmiconfig.o [1]
set_tx_power            0x0001ee89    0x44  Code  Lc  wmiconfig.o [1]
set_tx_power_scale      0x0001d2f9    0x88  Code  Lc  wmiconfig.o [1]
set_wep                 0x0001c351   0x11e  Code  Lc  wmiconfig.o [1]
set_wep_key             0x0001a665    0xd0  Code  Lc  wmiconfig.o [1]
set_wep_keys            0x0001c499    0x8e  Code  Gb  wmiconfig.o [1]
set_wpa                 0x0001c231   0x100  Code  Lc  wmiconfig.o [1]
setup_host_dset         0x0000ce73     0xa  Code  Gb  cust_driver_main.o [3]
sharkSslCAList          0x0003b300   0x244  Data  Gb  throughput.o [1]
sharkSslRSACertKingfisher
                        0x0003af08   0x3f8  Data  Gb  throughput.o [1]
sillyloop               0x1fff1d84     0x2  Data  Gb  cust_driver_main.o [3]
socket_context_deinit   0x000124ef    0x22  Code  Gb  api_stack_offload.o [3]
socket_context_init     0x0001249d    0x52  Code  Gb  api_stack_offload.o [3]
ssid                    0x1fff0824    0x24  Data  Gb  wmiconfig.o [1]
ssid_match_callback     0x0001a8e1    0xe2  Code  Gb  wmiconfig.o [1]
ssid_str_concurrent     0x1fff07fc    0x24  Data  Gb  wmiconfig.o [1]
ssl_add_cert            0x00021b7d   0x1b4  Code  Lc  wmiconfig.o [1]
ssl_cert_data_buf       0x1fff07a4     0x4  Data  Gb  throughput.o [1]
ssl_cert_data_buf_len   0x1fff1d80     0x2  Data  Gb  throughput.o [1]
ssl_config              0x000217a5   0x3a8  Code  Lc  wmiconfig.o [1]
ssl_default_calist      0x1fff0084     0x4  Data  Gb  throughput.o [1]
ssl_default_calist_len  0x000441ca     0x2  Data  Gb  throughput.o [1]
ssl_default_cert        0x1fff0080     0x4  Data  Gb  throughput.o [1]
ssl_default_cert_len    0x000441c8     0x2  Data  Gb  throughput.o [1]
ssl_delete_cert         0x00021dc1    0x64  Code  Lc  wmiconfig.o [1]
ssl_get_cert_handler    0x00027fc1   0x3f2  Code  Gb  throughput.o [1]
ssl_inst                0x1fff075c    0x48  Data  Gb  throughput.o [1]
ssl_list_cert           0x00021e39    0xbc  Code  Lc  wmiconfig.o [1]
ssl_role                0x1fff1d8d     0x1  Data  Gb  throughput.o [1]
ssl_start               0x000215bd    0xf0  Code  Lc  wmiconfig.o [1]
ssl_stop                0x000216b5    0xc8  Code  Lc  wmiconfig.o [1]
ssl_store_cert          0x00021d3d    0x7c  Code  Lc  wmiconfig.o [1]
sslhandle               0x1fff1b98     0x4  Data  Gb  api_stack_offload.o [3]
state                   0x1fff0114     0x4  Data  Lc  rtcsrand.o [9]
strcasecmp              0x00028f25    0x52  Code  Gb  strcasecmp.o [4]
strcat                  0x00028b41    0x1c  Code  Gb  strcat.o [4]
strchr                  0x00028fdd          Code  Gb  strchr.o [8]
strcspn                 0x00029015    0x22  Code  Gb  strcspn.o [4]
strlen                  0x0000a049          Code  Gb  strlen.o [8]
strncmp                 0x0000b14d    0x28  Code  Gb  strncmp.o [4]
strspn                  0x00028ff3    0x22  Code  Gb  strspn.o [4]
strtok                  0x00028af5    0x4c  Code  Gb  strtok.o [4]
strtol                  0x00028c3d     0x6  Code  Gb  strtol.o [4]
strtoul                 0x00008105     0x4  Code  Gb  strtoul.o [4]
systick_devif           0x00043cd0    0x18  Data  Gb  hwtimer_systick.o [3]
systick_get_vector      0x0002c491     0x4  Code  Gb  hwtimer_kinetis.o [3]
systimer                0x1fff0230    0x40  Data  Gb  init_bsp.o [3]
t_accept                0x000100d9    0x38  Code  Gb  cust_api_stack_offload.o [3]
t_accept_nb             0x00010111    0x38  Code  Gb  cust_api_stack_offload.o [3]
t_bind                  0x0001006f    0x38  Code  Gb  cust_api_stack_offload.o [3]
t_connect               0x00010037    0x38  Code  Gb  cust_api_stack_offload.o [3]
t_ip6config             0x000102df    0x52  Code  Gb  cust_api_stack_offload.o [3]
t_ip6config_router_prefix
                        0x00010367    0x3a  Code  Gb  cust_api_stack_offload.o [3]
t_ipconfig              0x0001029d    0x42  Code  Gb  cust_api_stack_offload.o [3]
t_ipconfig_dhcp_pool    0x00010331    0x36  Code  Gb  cust_api_stack_offload.o [3]
t_listen                0x000100a7    0x32  Code  Gb  cust_api_stack_offload.o [3]
t_recv                  0x00010bf7    0x18  Code  Gb  cust_api_stack_offload.o [3]
t_recvfrom              0x00010bb5    0x42  Code  Gb  cust_api_stack_offload.o [3]
t_select                0x00010149    0x32  Code  Gb  cust_api_stack_offload.o [3]
t_select_ver1           0x0001021d    0x40  Code  Gb  cust_api_stack_offload.o [3]
t_send                  0x00010963    0x18  Code  Gb  cust_api_stack_offload.o [3]
t_sendto                0x0001097b   0x23a  Code  Gb  cust_api_stack_offload.o [3]
t_setsockopt            0x0001025d    0x40  Code  Gb  cust_api_stack_offload.o [3]
t_shutdown              0x00010009    0x2e  Code  Gb  cust_api_stack_offload.o [3]
t_socket                0x0000ffd3    0x36  Code  Gb  cust_api_stack_offload.o [3]
task2_msec              0x1fff0090     0x4  Data  Gb  wmiconfig.o [1]
task_argc               0x1fff041c     0x4  Data  Gb  task_manager.o [1]
task_argv               0x1fff0420    0x30  Data  Gb  task_manager.o [1]
task_counter            0x1fff1d8b     0x1  Data  Gb  task_manager.o [1]
task_event              0x1fff03d4    0x24  Data  Gb  task_manager.o [1]
task_event1             0x1fff03f8    0x24  Data  Gb  task_manager.o [1]
task_mutex              0x1fff0374    0x30  Data  Gb  task_manager.o [1]
test_flash              0x0002403d   0x28e  Code  Gb  wmiconfig_custom.o [1]
test_for_delay          0x00027525    0x26  Code  Gb  throughput.o [1]
test_for_quit           0x00024499     0x8  Code  Gb  throughput.o [1]
test_promiscuous        0x0001c831    0xa4  Code  Lc  wmiconfig.o [1]
test_raw                0x0001c8e1   0x402  Code  Lc  wmiconfig.o [1]
timer_wakeup_isr        0x0000c6b9    0x16  Code  Lc  atheros_wifi_mediactl_ext.o [1]
tolower                 0x0002956d     0xc  Code  Gb  tolower.o [4]
toolchain_startup       0x000004bf     0x8  Code  Gb  comp.o [7]
tx_command_parser       0x000246e9   0x322  Code  Gb  throughput.o [1]
txpkt_free              0x00010eb5    0x18  Code  Gb  cust_api_stack_offload.o [3]
unblock                 0x0000ff85    0x3c  Code  Gb  cust_api_stack_offload.o [3]
unblockSelect           0x0000ffc1    0x12  Code  Gb  cust_api_stack_offload.o [3]
up_to_ac                0x00042dd8     0x8  Data  Gb  wmi.o [3]
upper_hex_string        0x00042fac    0x14  Data  Lc  io_dopr.o [7]
user_defined_power_mode
                        0x1fff00b4     0x4  Data  Gb  wmiconfig.o [1]
v6EnableFlag            0x1fff1d8f     0x1  Data  Gb  throughput.o [1]
wait_for_response       0x00027587   0x2b2  Code  Gb  throughput.o [1]
wait_scan_done          0x00033351    0x40  Code  Lc  cust_api_ioctl.o [3]
wifiCallback            0x0001a43d    0xdc  Code  Gb  wmiconfig.o [1]
wifi_connected_flag     0x1fff08e8     0x4  Data  Gb  wmiconfig.o [1]
wifi_state              0x1fff1d9a     0x1  Data  Gb  wmiconfig.o [1]
wmi_ap_set_param        0x0000eaa3    0xd0  Code  Gb  wmi.o [3]
wmi_bssfilter_cmd       0x0000ebbd    0x16  Code  Gb  wmi.o [3]
wmi_cmd_process         0x00011841    0x5a  Code  Lc  api_init.o [3]
wmi_cmd_send            0x0000ea29    0x7a  Code  Gb  wmi.o [3]
wmi_cmd_start           0x0000ee41    0x5c  Code  Gb  wmi.o [3]
wmi_control_rx          0x0000e477   0x586  Code  Gb  wmi.o [3]
wmi_control_rx_xtnd     0x0000e3c1    0xb6  Code  Gb  wmi.o [3]
wmi_data_hdr_add        0x0000e219    0x9a  Code  Gb  wmi.o [3]
wmi_data_hdr_remove     0x0000e357    0x1e  Code  Gb  wmi.o [3]
wmi_determine_userPriority
                        0x0000e2b3    0x1e  Code  Lc  wmi.o [3]
wmi_dset_host_cfg_cmd   0x0000ee9d    0x40  Code  Gb  wmi.o [3]
wmi_errorEvent_rx       0x0000e9fd    0x2c  Code  Lc  wmi.o [3]
wmi_implicit_create_pstream
                        0x0000e2d1    0x86  Code  Gb  wmi.o [3]
wmi_init                0x0000e07d    0x42  Code  Gb  wmi.o [3]
wmi_iwconfig            0x0001f591   0x13a  Code  Gb  wmiconfig.o [1]
wmi_meta_add            0x0000e153    0xc6  Code  Gb  wmi.o [3]
wmi_p2p_goneg_result_event_rx
                        0x0000ec17    0x16  Code  Lc  wmi.o [3]
wmi_p2p_invite_rcvd_result_rx
                        0x0000eca1    0x10  Code  Lc  wmi.o [3]
wmi_p2p_invite_req_rx   0x0000ec91    0x10  Code  Lc  wmi.o [3]
wmi_p2p_invite_sent_result_rx
                        0x0000ecb1    0x10  Code  Lc  wmi.o [3]
wmi_p2p_list_peristent_network
                        0x0000ec35    0x10  Code  Lc  wmi.o [3]
wmi_p2p_node_list_event_rx
                        0x0000ec53     0xe  Code  Lc  wmi.o [3]
wmi_p2p_prov_disc_req_rx
                        0x0000ec71    0x10  Code  Lc  wmi.o [3]
wmi_p2p_prov_disc_resp_rx
                        0x0000ec61    0x10  Code  Lc  wmi.o [3]
wmi_p2p_req_auth_event_rx
                        0x0000ec45     0xe  Code  Lc  wmi.o [3]
wmi_p2p_sdpd_event_rx   0x0000ec81    0x10  Code  Lc  wmi.o [3]
wmi_p2p_set_noa         0x0000ed79    0x8a  Code  Gb  wmi.o [3]
wmi_p2p_set_oppps       0x0000ed3d    0x3c  Code  Gb  wmi.o [3]
wmi_qos_state_init      0x0000e0bf    0x50  Code  Gb  wmi.o [3]
wmi_rateTable           0x000437b0    0xe0  Data  Lc  cust_api_wmi_rx.o [3]
wmi_save_key_info       0x0000ee03    0x12  Code  Gb  wmi.o [3]
wmi_sdpd_send_cmd       0x0000ecc1    0x7c  Code  Gb  wmi.o [3]
wmi_set_control_ep      0x0000e10f    0x1e  Code  Gb  wmi.o [3]
wmi_set_scan            0x00023c1d   0x3b2  Code  Gb  wmiconfig_custom.o [1]
wmi_shutdown            0x0000e12d    0x26  Code  Gb  wmi.o [3]
wmi_socket_cmd          0x0000ebd3    0x36  Code  Gb  wmi.o [3]
wmi_storerecall_recall_cmd
                        0x0000eb73    0x4a  Code  Gb  wmi.o [3]
wmi_test_ev_length      0x0000e375    0x4c  Code  Lc  wmi.o [3]
wmi_test_event_rx       0x0000ec09     0xe  Code  Lc  wmi.o [3]
wmic_ether_aton         0x0001cf3d   0x13c  Code  Lc  wmiconfig.o [1]
wmiconfig_Task1         0x0002bfe3    0x52  Code  Gb  task_manager.o [1]
wmiconfig_Task2         0x0002c035    0xa8  Code  Gb  task_manager.o [1]
wmiconfig_handler       0x00018e6d  0x1592  Code  Gb  wmiconfig.o [1]
wpa_auth_parse          0x0001753b    0x3e  Code  Lc  api_ioctl.o [3]
wpa_cipher_parse        0x00017579    0x66  Code  Lc  api_ioctl.o [3]
wpa_passphrase          0x1fff0c28    0x44  Data  Gb  wmiconfig.o [1]
wpa_ver                 0x1fff0b84     0x8  Data  Gb  wmiconfig.o [1]
wpsPin                  0x1fff0c08    0x20  Data  Gb  wmiconfig.o [1]
wps_context             0x1fff086c    0x7c  Data  Gb  wmiconfig.o [1]
wps_flag                0x1fff1d92     0x1  Data  Gb  wmiconfig.o [1]
wps_handler             0x0001cced   0x230  Code  Lc  wmiconfig.o [1]
wps_query               0x0001c6c5    0xbe  Code  Gb  wmiconfig.o [1]
zero_copy_free          0x00010c0f    0x1c  Code  Gb  cust_api_stack_offload.o [3]
zero_copy_free_queue    0x1fff1940     0xc  Data  Gb  cust_api_stack_offload.o [3]
zero_copy_http_free     0x00010571     0xc  Code  Gb  cust_api_stack_offload.o [3]


[1] = E:\QCA4002\QCA4002\demo\throughput_demo\build\iar\k22fsh\Int Flash SramData Debug\obj
[2] = command line
[3] = bsp.a
[4] = dl7M_tln.a
[5] = m7M_tls.a
[6] = mux.a
[7] = psp.a
[8] = rt7M_tl.a
[9] = rtcs.a
[10] = shb_l.a
[11] = shell.a

  231 188 bytes of readonly  code memory
   47 847 bytes of readonly  data memory
    7 585 bytes of readwrite data memory

Errors: none
Warnings: none
