###############################################################################
#                                                                             #
# IAR ELF Linker V6.50.5.4819/W32 for ARM               29/Sep/2014  00:13:47 #
# Copyright 2007-2013 IAR Systems AB.                                         #
#                                                                             #
#    Output file  =  f:\IOT_MQX_4.0.2.173\sw\src\MQX_4.0.2\demo\aj\alljoyn\ap #
#                    plications\sample_apps\tcl\ServicesSamples\target\sp140- #
#                    141mqx\iar\Release\Exe\ServicesSample.out                #
#    Map file     =  f:\IOT_MQX_4.0.2.173\sw\src\MQX_4.0.2\demo\aj\alljoyn\ap #
#                    plications\sample_apps\tcl\ServicesSamples\target\sp140- #
#                    141mqx\iar\Release\List\ServicesSample.map               #
#    Command line =  f:\IOT_MQX_4.0.2.173\sw\src\MQX_4.0.2\demo\aj\alljoyn\ap #
#                    plications\sample_apps\tcl\ServicesSamples\target\sp140- #
#                    141mqx\iar\Release\Obj\ACNotificationProducerSample.o    #
#                    f:\IOT_MQX_4.0.2.173\sw\src\MQX_4.0.2\demo\aj\alljoyn\ap #
#                    plications\sample_apps\tcl\ServicesSamples\target\sp140- #
#                    141mqx\iar\Release\Obj\ACServerSample.o                  #
#                    f:\IOT_MQX_4.0.2.173\sw\src\MQX_4.0.2\demo\aj\alljoyn\ap #
#                    plications\sample_apps\tcl\ServicesSamples\target\sp140- #
#                    141mqx\iar\Release\Obj\ActionWidget.o                    #
#                    f:\IOT_MQX_4.0.2.173\sw\src\MQX_4.0.2\demo\aj\alljoyn\ap #
#                    plications\sample_apps\tcl\ServicesSamples\target\sp140- #
#                    141mqx\iar\Release\Obj\AllJoyn.o                         #
#                    f:\IOT_MQX_4.0.2.173\sw\src\MQX_4.0.2\demo\aj\alljoyn\ap #
#                    plications\sample_apps\tcl\ServicesSamples\target\sp140- #
#                    141mqx\iar\Release\Obj\AppHandlers.o                     #
#                    f:\IOT_MQX_4.0.2.173\sw\src\MQX_4.0.2\demo\aj\alljoyn\ap #
#                    plications\sample_apps\tcl\ServicesSamples\target\sp140- #
#                    141mqx\iar\Release\Obj\BaseWidget.o                      #
#                    f:\IOT_MQX_4.0.2.173\sw\src\MQX_4.0.2\demo\aj\alljoyn\ap #
#                    plications\sample_apps\tcl\ServicesSamples\target\sp140- #
#                    141mqx\iar\Release\Obj\ConfigSample.o                    #
#                    f:\IOT_MQX_4.0.2.173\sw\src\MQX_4.0.2\demo\aj\alljoyn\ap #
#                    plications\sample_apps\tcl\ServicesSamples\target\sp140- #
#                    141mqx\iar\Release\Obj\ConfigService.o                   #
#                    f:\IOT_MQX_4.0.2.173\sw\src\MQX_4.0.2\demo\aj\alljoyn\ap #
#                    plications\sample_apps\tcl\ServicesSamples\target\sp140- #
#                    141mqx\iar\Release\Obj\ConstraintList.o                  #
#                    f:\IOT_MQX_4.0.2.173\sw\src\MQX_4.0.2\demo\aj\alljoyn\ap #
#                    plications\sample_apps\tcl\ServicesSamples\target\sp140- #
#                    141mqx\iar\Release\Obj\ConstraintRange.o                 #
#                    f:\IOT_MQX_4.0.2.173\sw\src\MQX_4.0.2\demo\aj\alljoyn\ap #
#                    plications\sample_apps\tcl\ServicesSamples\target\sp140- #
#                    141mqx\iar\Release\Obj\ContainerWidget.o                 #
#                    f:\IOT_MQX_4.0.2.173\sw\src\MQX_4.0.2\demo\aj\alljoyn\ap #
#                    plications\sample_apps\tcl\ServicesSamples\target\sp140- #
#                    141mqx\iar\Release\Obj\ControlMarshalUtil.o              #
#                    f:\IOT_MQX_4.0.2.173\sw\src\MQX_4.0.2\demo\aj\alljoyn\ap #
#                    plications\sample_apps\tcl\ServicesSamples\target\sp140- #
#                    141mqx\iar\Release\Obj\ControlPanelGenerated.o           #
#                    f:\IOT_MQX_4.0.2.173\sw\src\MQX_4.0.2\demo\aj\alljoyn\ap #
#                    plications\sample_apps\tcl\ServicesSamples\target\sp140- #
#                    141mqx\iar\Release\Obj\ControlPanelInterfaces.o          #
#                    f:\IOT_MQX_4.0.2.173\sw\src\MQX_4.0.2\demo\aj\alljoyn\ap #
#                    plications\sample_apps\tcl\ServicesSamples\target\sp140- #
#                    141mqx\iar\Release\Obj\ControlPanelProvided.o            #
#                    f:\IOT_MQX_4.0.2.173\sw\src\MQX_4.0.2\demo\aj\alljoyn\ap #
#                    plications\sample_apps\tcl\ServicesSamples\target\sp140- #
#                    141mqx\iar\Release\Obj\ControlPanelSample.o              #
#                    f:\IOT_MQX_4.0.2.173\sw\src\MQX_4.0.2\demo\aj\alljoyn\ap #
#                    plications\sample_apps\tcl\ServicesSamples\target\sp140- #
#                    141mqx\iar\Release\Obj\ControlPanelService.o             #
#                    f:\IOT_MQX_4.0.2.173\sw\src\MQX_4.0.2\demo\aj\alljoyn\ap #
#                    plications\sample_apps\tcl\ServicesSamples\target\sp140- #
#                    141mqx\iar\Release\Obj\DateTimeUtil.o                    #
#                    f:\IOT_MQX_4.0.2.173\sw\src\MQX_4.0.2\demo\aj\alljoyn\ap #
#                    plications\sample_apps\tcl\ServicesSamples\target\sp140- #
#                    141mqx\iar\Release\Obj\DialogWidget.o                    #
#                    f:\IOT_MQX_4.0.2.173\sw\src\MQX_4.0.2\demo\aj\alljoyn\ap #
#                    plications\sample_apps\tcl\ServicesSamples\target\sp140- #
#                    141mqx\iar\Release\Obj\EventsAndActionsSample.o          #
#                    f:\IOT_MQX_4.0.2.173\sw\src\MQX_4.0.2\demo\aj\alljoyn\ap #
#                    plications\sample_apps\tcl\ServicesSamples\target\sp140- #
#                    141mqx\iar\Release\Obj\HttpControl.o                     #
#                    f:\IOT_MQX_4.0.2.173\sw\src\MQX_4.0.2\demo\aj\alljoyn\ap #
#                    plications\sample_apps\tcl\ServicesSamples\target\sp140- #
#                    141mqx\iar\Release\Obj\LabelWidget.o                     #
#                    f:\IOT_MQX_4.0.2.173\sw\src\MQX_4.0.2\demo\aj\alljoyn\ap #
#                    plications\sample_apps\tcl\ServicesSamples\target\sp140- #
#                    141mqx\iar\Release\Obj\NotificationCommon.o              #
#                    f:\IOT_MQX_4.0.2.173\sw\src\MQX_4.0.2\demo\aj\alljoyn\ap #
#                    plications\sample_apps\tcl\ServicesSamples\target\sp140- #
#                    141mqx\iar\Release\Obj\NotificationProducer.o            #
#                    f:\IOT_MQX_4.0.2.173\sw\src\MQX_4.0.2\demo\aj\alljoyn\ap #
#                    plications\sample_apps\tcl\ServicesSamples\target\sp140- #
#                    141mqx\iar\Release\Obj\OnboardingManager.o               #
#                    f:\IOT_MQX_4.0.2.173\sw\src\MQX_4.0.2\demo\aj\alljoyn\ap #
#                    plications\sample_apps\tcl\ServicesSamples\target\sp140- #
#                    141mqx\iar\Release\Obj\OnboardingSample.o                #
#                    f:\IOT_MQX_4.0.2.173\sw\src\MQX_4.0.2\demo\aj\alljoyn\ap #
#                    plications\sample_apps\tcl\ServicesSamples\target\sp140- #
#                    141mqx\iar\Release\Obj\OnboardingService.o               #
#                    f:\IOT_MQX_4.0.2.173\sw\src\MQX_4.0.2\demo\aj\alljoyn\ap #
#                    plications\sample_apps\tcl\ServicesSamples\target\sp140- #
#                    141mqx\iar\Release\Obj\PropertyStore.o                   #
#                    f:\IOT_MQX_4.0.2.173\sw\src\MQX_4.0.2\demo\aj\alljoyn\ap #
#                    plications\sample_apps\tcl\ServicesSamples\target\sp140- #
#                    141mqx\iar\Release\Obj\PropertyWidget.o                  #
#                    f:\IOT_MQX_4.0.2.173\sw\src\MQX_4.0.2\demo\aj\alljoyn\ap #
#                    plications\sample_apps\tcl\ServicesSamples\target\sp140- #
#                    141mqx\iar\Release\Obj\ServicesCommon.o                  #
#                    f:\IOT_MQX_4.0.2.173\sw\src\MQX_4.0.2\demo\aj\alljoyn\ap #
#                    plications\sample_apps\tcl\ServicesSamples\target\sp140- #
#                    141mqx\iar\Release\Obj\ServicesHandlers.o                #
#                    f:\IOT_MQX_4.0.2.173\sw\src\MQX_4.0.2\demo\aj\alljoyn\ap #
#                    plications\sample_apps\tcl\ServicesSamples\target\sp140- #
#                    141mqx\iar\Release\Obj\aj_about.o                        #
#                    f:\IOT_MQX_4.0.2.173\sw\src\MQX_4.0.2\demo\aj\alljoyn\ap #
#                    plications\sample_apps\tcl\ServicesSamples\target\sp140- #
#                    141mqx\iar\Release\Obj\aj_bufio.o                        #
#                    f:\IOT_MQX_4.0.2.173\sw\src\MQX_4.0.2\demo\aj\alljoyn\ap #
#                    plications\sample_apps\tcl\ServicesSamples\target\sp140- #
#                    141mqx\iar\Release\Obj\aj_bus.o                          #
#                    f:\IOT_MQX_4.0.2.173\sw\src\MQX_4.0.2\demo\aj\alljoyn\ap #
#                    plications\sample_apps\tcl\ServicesSamples\target\sp140- #
#                    141mqx\iar\Release\Obj\aj_cert.o                         #
#                    f:\IOT_MQX_4.0.2.173\sw\src\MQX_4.0.2\demo\aj\alljoyn\ap #
#                    plications\sample_apps\tcl\ServicesSamples\target\sp140- #
#                    141mqx\iar\Release\Obj\aj_connect.o                      #
#                    f:\IOT_MQX_4.0.2.173\sw\src\MQX_4.0.2\demo\aj\alljoyn\ap #
#                    plications\sample_apps\tcl\ServicesSamples\target\sp140- #
#                    141mqx\iar\Release\Obj\aj_creds.o                        #
#                    f:\IOT_MQX_4.0.2.173\sw\src\MQX_4.0.2\demo\aj\alljoyn\ap #
#                    plications\sample_apps\tcl\ServicesSamples\target\sp140- #
#                    141mqx\iar\Release\Obj\aj_crypto.o                       #
#                    f:\IOT_MQX_4.0.2.173\sw\src\MQX_4.0.2\demo\aj\alljoyn\ap #
#                    plications\sample_apps\tcl\ServicesSamples\target\sp140- #
#                    141mqx\iar\Release\Obj\aj_crypto_ecc.o                   #
#                    f:\IOT_MQX_4.0.2.173\sw\src\MQX_4.0.2\demo\aj\alljoyn\ap #
#                    plications\sample_apps\tcl\ServicesSamples\target\sp140- #
#                    141mqx\iar\Release\Obj\aj_crypto_sha2.o                  #
#                    f:\IOT_MQX_4.0.2.173\sw\src\MQX_4.0.2\demo\aj\alljoyn\ap #
#                    plications\sample_apps\tcl\ServicesSamples\target\sp140- #
#                    141mqx\iar\Release\Obj\aj_debug.o                        #
#                    f:\IOT_MQX_4.0.2.173\sw\src\MQX_4.0.2\demo\aj\alljoyn\ap #
#                    plications\sample_apps\tcl\ServicesSamples\target\sp140- #
#                    141mqx\iar\Release\Obj\aj_disco.o                        #
#                    f:\IOT_MQX_4.0.2.173\sw\src\MQX_4.0.2\demo\aj\alljoyn\ap #
#                    plications\sample_apps\tcl\ServicesSamples\target\sp140- #
#                    141mqx\iar\Release\Obj\aj_guid.o                         #
#                    f:\IOT_MQX_4.0.2.173\sw\src\MQX_4.0.2\demo\aj\alljoyn\ap #
#                    plications\sample_apps\tcl\ServicesSamples\target\sp140- #
#                    141mqx\iar\Release\Obj\aj_helper.o                       #
#                    f:\IOT_MQX_4.0.2.173\sw\src\MQX_4.0.2\demo\aj\alljoyn\ap #
#                    plications\sample_apps\tcl\ServicesSamples\target\sp140- #
#                    141mqx\iar\Release\Obj\aj_init.o                         #
#                    f:\IOT_MQX_4.0.2.173\sw\src\MQX_4.0.2\demo\aj\alljoyn\ap #
#                    plications\sample_apps\tcl\ServicesSamples\target\sp140- #
#                    141mqx\iar\Release\Obj\aj_introspect.o                   #
#                    f:\IOT_MQX_4.0.2.173\sw\src\MQX_4.0.2\demo\aj\alljoyn\ap #
#                    plications\sample_apps\tcl\ServicesSamples\target\sp140- #
#                    141mqx\iar\Release\Obj\aj_keyauthentication.o            #
#                    f:\IOT_MQX_4.0.2.173\sw\src\MQX_4.0.2\demo\aj\alljoyn\ap #
#                    plications\sample_apps\tcl\ServicesSamples\target\sp140- #
#                    141mqx\iar\Release\Obj\aj_keyexchange.o                  #
#                    f:\IOT_MQX_4.0.2.173\sw\src\MQX_4.0.2\demo\aj\alljoyn\ap #
#                    plications\sample_apps\tcl\ServicesSamples\target\sp140- #
#                    141mqx\iar\Release\Obj\aj_link_timeout.o                 #
#                    f:\IOT_MQX_4.0.2.173\sw\src\MQX_4.0.2\demo\aj\alljoyn\ap #
#                    plications\sample_apps\tcl\ServicesSamples\target\sp140- #
#                    141mqx\iar\Release\Obj\aj_malloc.o                       #
#                    f:\IOT_MQX_4.0.2.173\sw\src\MQX_4.0.2\demo\aj\alljoyn\ap #
#                    plications\sample_apps\tcl\ServicesSamples\target\sp140- #
#                    141mqx\iar\Release\Obj\aj_msg.o                          #
#                    f:\IOT_MQX_4.0.2.173\sw\src\MQX_4.0.2\demo\aj\alljoyn\ap #
#                    plications\sample_apps\tcl\ServicesSamples\target\sp140- #
#                    141mqx\iar\Release\Obj\aj_net.o                          #
#                    f:\IOT_MQX_4.0.2.173\sw\src\MQX_4.0.2\demo\aj\alljoyn\ap #
#                    plications\sample_apps\tcl\ServicesSamples\target\sp140- #
#                    141mqx\iar\Release\Obj\aj_peer.o                         #
#                    f:\IOT_MQX_4.0.2.173\sw\src\MQX_4.0.2\demo\aj\alljoyn\ap #
#                    plications\sample_apps\tcl\ServicesSamples\target\sp140- #
#                    141mqx\iar\Release\Obj\aj_std.o                          #
#                    f:\IOT_MQX_4.0.2.173\sw\src\MQX_4.0.2\demo\aj\alljoyn\ap #
#                    plications\sample_apps\tcl\ServicesSamples\target\sp140- #
#                    141mqx\iar\Release\Obj\aj_sw_crypto.o                    #
#                    f:\IOT_MQX_4.0.2.173\sw\src\MQX_4.0.2\demo\aj\alljoyn\ap #
#                    plications\sample_apps\tcl\ServicesSamples\target\sp140- #
#                    141mqx\iar\Release\Obj\aj_target_crypto.o                #
#                    f:\IOT_MQX_4.0.2.173\sw\src\MQX_4.0.2\demo\aj\alljoyn\ap #
#                    plications\sample_apps\tcl\ServicesSamples\target\sp140- #
#                    141mqx\iar\Release\Obj\aj_target_nvram.o                 #
#                    f:\IOT_MQX_4.0.2.173\sw\src\MQX_4.0.2\demo\aj\alljoyn\ap #
#                    plications\sample_apps\tcl\ServicesSamples\target\sp140- #
#                    141mqx\iar\Release\Obj\aj_target_util.o                  #
#                    f:\IOT_MQX_4.0.2.173\sw\src\MQX_4.0.2\demo\aj\alljoyn\ap #
#                    plications\sample_apps\tcl\ServicesSamples\target\sp140- #
#                    141mqx\iar\Release\Obj\aj_tasks.o                        #
#                    f:\IOT_MQX_4.0.2.173\sw\src\MQX_4.0.2\demo\aj\alljoyn\ap #
#                    plications\sample_apps\tcl\ServicesSamples\target\sp140- #
#                    141mqx\iar\Release\Obj\aj_util.o                         #
#                    f:\IOT_MQX_4.0.2.173\sw\src\MQX_4.0.2\demo\aj\alljoyn\ap #
#                    plications\sample_apps\tcl\ServicesSamples\target\sp140- #
#                    141mqx\iar\Release\Obj\aj_wifi_ctrl.o                    #
#                    f:\IOT_MQX_4.0.2.173\sw\src\MQX_4.0.2\demo\aj\alljoyn\ap #
#                    plications\sample_apps\tcl\ServicesSamples\target\sp140- #
#                    141mqx\iar\Release\Obj\atheros_wifi_mediactl_ext.o       #
#                    f:\IOT_MQX_4.0.2.173\sw\src\MQX_4.0.2\demo\aj\alljoyn\aj #
#                    _sp140-141mqx\lib\sp140k22f.iar\release\bsp\bsp.a        #
#                    f:\IOT_MQX_4.0.2.173\sw\src\MQX_4.0.2\demo\aj\alljoyn\ap #
#                    plications\sample_apps\tcl\ServicesSamples\target\sp140- #
#                    141mqx\iar\Release\Obj\net_utils.o                       #
#                    f:\IOT_MQX_4.0.2.173\sw\src\MQX_4.0.2\demo\aj\alljoyn\aj #
#                    _sp140-141mqx\lib\sp140k22f.iar\release\psp\psp.a        #
#                    f:\IOT_MQX_4.0.2.173\sw\src\MQX_4.0.2\demo\aj\alljoyn\ap #
#                    plications\sample_apps\tcl\ServicesSamples\target\sp140- #
#                    141mqx\iar\Release\Obj\sha2.o --redirect                 #
#                    _Printf=_PrintfFull --redirect _Scanf=_ScanfFull -o      #
#                    f:\IOT_MQX_4.0.2.173\sw\src\MQX_4.0.2\demo\aj\alljoyn\ap #
#                    plications\sample_apps\tcl\ServicesSamples\target\sp140- #
#                    141mqx\iar\Release\Exe\ServicesSample.out --map          #
#                    f:\IOT_MQX_4.0.2.173\sw\src\MQX_4.0.2\demo\aj\alljoyn\ap #
#                    plications\sample_apps\tcl\ServicesSamples\target\sp140- #
#                    141mqx\iar\Release\List\ServicesSample.map --config      #
#                    f:\IOT_MQX_4.0.2.173\sw\src\MQX_4.0.2\demo\aj\alljoyn\ap #
#                    plications\sample_apps\tcl\ServicesSamples\target\sp140- #
#                    141mqx\iar/../../../../../../../aj_sp140-141mqx/lib/sp14 #
#                    0k22f.iar/release/bsp/intflash.icf --redirect            #
#                    __iar_dlmalloc=malloc --redirect __iar_dlcalloc=calloc   #
#                    --redirect __iar_dlfree=free --semihosting --entry       #
#                    __iar_program_start --inline --vfe                       #
#                                                                             #
#                                                                             #
###############################################################################

*******************************************************************************
*** RUNTIME MODEL ATTRIBUTES
***

CppFlavor                   = *
__SystemLibrary             = DLib
__dlib_jmp_buf_num_elements = 16


*******************************************************************************
*** PLACEMENT SUMMARY
***

"A1":  place at 0x00000000 { ro section .intvec, block CFMPROTROM };
"P1":  place in [from 0x00000000 to 0x0007ffff] {
          first block TEXTSECTION, ro, last block FLASHX_POOL };
"P2":  place in [from 0x1fff0000 to 0x2000fff0] { rw, last block KERNEL_DATA };

  Section             Kind        Address     Size  Object
  -------             ----        -------     ----  ------
"A1":                                        0x414
  .intvec             const    0x00000000    0x400  vectors.o [3]
  CFMPROTROM                   0x00000400     0x14  <Block>
    .cfmconfig        const    0x00000400     0x10  vectors.o [3]
    .cfmconfig        const    0x00000410      0x0  vectors.o [3]
    CFMPROTROM        const    0x00000410      0x4  <Block tail>
                             - 0x00000414    0x414

"P1":                                      0x24be4
  TEXTSECTION                  0x00000420  0x222d0  <Block>
    .text             ro code  0x00000420     0x64  boot.o [6]
    .text             ro code  0x00000484      0xc  cstartup_M.o [7]
    .text             ro code  0x00000490     0x1a  fpinit_M.o [5]
    .text             ro code  0x000004aa     0x22  zero_init3.o [7]
    .text             ro code  0x000004cc     0x16  cmain.o [7]
    .text             ro code  0x000004e2      0xa  comp.o [6]
    .text             ro code  0x000004ec     0x28  data_init.o [7]
    .text             ro code  0x00000514     0x10  mqx_main.o [3]
    .text             ro code  0x00000524      0x4  exit.o [4]
    .text             ro code  0x00000528     0xb8  init_hw.o [3]
    .text             ro code  0x000005e0    0x330  mqx.o [6]
    .text             ro code  0x00000910      0xa  cexit.o [7]
    .text             ro code  0x0000091a     0x2e  copy_init3.o [7]
    .text             ro code  0x00000948    0x4bc  bsp_cm.o [3]
    .text             ro code  0x00000e04    0x3f4  init_gpio.o [3]
    .text             ro code  0x000011f8      0x6  ABImemclr.o [7]
    .text             ro code  0x00001200     0x76  ABImemcpy.o [7]
    .text             ro code  0x00001278    0x4fc  lwmem.o [6]
    .text             ro code  0x00001774    0x1d4  int.o [6]
    .text             ro code  0x00001948    0x722  task.o [6]
    .text             ro code  0x0000206c     0xa4  sc_irdyq.o [6]
    .text             ro code  0x00002110    0x1a8  lwsem.o [6]
    .text             ro code  0x000022b8    0x1c8  init_bsp.o [3]
    .text             ro code  0x00002480     0xa6  queue.o [6]
    .text             ro code  0x00002528     0x14  exit.o [8]
    .text             ro code  0x0000253c      0x8  cm.o [3]
    .text             ro code  0x00002544     0x66  ABImemset.o [7]
    .text             ro code  0x000025aa     0x2a  strncmp.o [4]
    .text             ro code  0x000025d4    0x10c  sched.o [6]
    .text             ro code  0x000026e0     0xa2  stack_bu.o [6]
    .text             ro code  0x00002784     0x3a  ABImemset48.o [7]
    .text             ro code  0x000027be     0x12  psp_iinit.o [6]
    .text             ro code  0x000027d0     0x10  int_vtab.o [6]
    .text             ro code  0x000027e0    0x294  time.o [6]
    .text             ro code  0x00002a74     0x24  io_init.o [6]
    .text             ro code  0x00002a98    0x190  lpm.o [3]
    .text             ro code  0x00002c28    0x6da  serl_pol_kuart.o [3]
    .text             ro code  0x00003304    0x804  i2c_pol_ki2c.o [3]
    .text             ro code  0x00003b08    0x4c2  spi.o [3]
    .text             ro code  0x00003fcc    0x1bc  io_gpio.o [3]
    .text             ro code  0x00004188    0x46a  adc.o [3]
    .text             ro code  0x000045f4    0x96c  esdhc.o [3]
    .text             ro code  0x00004f60    0xb46  flashx.o [3]
    .text             ro code  0x00005aa8     0x30  io_sinit.o [3]
    .text             ro code  0x00005ad8      0x6  ABImemclr4.o [7]
    .text             ro code  0x00005ae0     0x10  int_inst.o [6]
    .text             ro code  0x00005af0     0x68  psp_mstiq.o [6]
    .text             ro code  0x00005b58     0x44  psp_tiad.o [6]
    .text             ro code  0x00005b9c     0x7c  psp_tkti.o [6]
    .text             ro code  0x00005c18     0x30  psp_tinm.o [6]
    .text             ro code  0x00005c48     0x2c  lpm_smc.o [3]
    .text             ro code  0x00005c74     0x44  serl_mk21.o [3]
    .text             ro code  0x00005cb8    0x452  serl_pol.o [3]
    .text             ro code  0x0000610c    0x12e  i2c_pol.o [3]
    .text             ro code  0x0000623c     0x28  i2c_mk21.o [3]
    .text             ro code  0x00006264     0xfc  io_instx.o [6]
    .text             ro code  0x00006360    0x174  xstoul.o [4]
    .text             ro code  0x000064d4    0x7c8  io_gpio_kgpio.o [3]
    .text             ro code  0x00006c9c     0x1c  io_inst.o [6]
    .text             ro code  0x00006cb8     0x38  io_ioctl.o [6]
    .text             ro code  0x00006cf0    0x818  adc_kadc.o [3]
    .text             ro code  0x00007508    0x794  adt_kpdb.o [3]
    .text             ro code  0x00007c9c     0x42  strcmp.o [7]
    .text             ro code  0x00007ce0     0x36  strlen.o [7]
    .text             ro code  0x00007d18     0x10  esdhc_mk21.o [3]
    .text             ro code  0x00007d28     0x8c  io_fopen.o [6]
    .text             ro code  0x00007db4    0x132  I64DivMod.o [7]
    .text             ro code  0x00007ee8     0x58  memchr.o [7]
    .text             ro code  0x00007f40      0xc  errno.o [4]
    .text             ro code  0x00007f4c     0x96  nvic.o [6]
    .text             ro code  0x00007fe4     0x1c  adc_mk21.o [3]
    .text             ro code  0x00008000    0x2d8  lwevent.o [6]
    .text             ro code  0x000082d8      0x2  I64DivZer.o [7]
    .text             ro code  0x000082da      0x2  xtls.o [4]
    .text             ro code  0x000082dc     0x4c  idletask.o [6]
    .text             ro code  0x00008328   0x10d4  aj_crypto_ecc.o [2]
    .text             ro code  0x000093fc    0x1dc  aj_target_crypto.o [2]
    .text             ro code  0x000095d8     0x28  io_pntf.o [6]
    .text             ro code  0x00009600     0x50  io_read.o [6]
    .text             ro code  0x00009650    0x1dc  aj_target_util.o [2]
    .text             ro code  0x0000982c     0x28  io_fclos.o [6]
    .text             ro code  0x00009854    0xa38  aj_sw_crypto.o [2]
    .text             ro code  0x0000a28c     0x44  io_ghand.o [6]
    .text             ro code  0x0000a2d0    0xbc8  io_dopr.o [6]
    .text             ro code  0x0000ae98    0x16c  aj_malloc.o [2]
    .text             ro code  0x0000b004     0x1e  U64Shr.o [7]
    .text             ro code  0x0000b024     0x22  I64Shl.o [7]
    .text             ro code  0x0000b046      0xc  sha2.o [2]
    .text             ro code  0x0000b054    0x694  io_fp.o [6]
    .text             ro code  0x0000b6e8     0xc0  modf.o [5]
    .text             ro code  0x0000b7a8     0x20  DblCmpEq.o [5]
    .text             ro code  0x0000b7c8    0x246  DblDiv.o [5]
    .text             ro code  0x0000ba10     0xe8  DblAdd.o [5]
    .text             ro code  0x0000baf8    0x1a2  DblMul.o [5]
    .text             ro code  0x0000bc9c     0x4c  DblToI32.o [5]
    .text             ro code  0x0000bce8     0x2e  DblCmpGe.o [5]
    .text             ro code  0x0000bd18     0x2e  DblCmpLe.o [5]
    .text             ro code  0x0000bd48    0x16c  DblSub.o [5]
    .text             ro code  0x0000beb8    0x47c  sha2.o [2]
    .text             ro code  0x0000c334     0x14  sha2.o [2]
    .text             ro code  0x0000c348     0xc0  ACNotificationProducerSample.o [2]
    .text             ro code  0x0000c408    0x680  NotificationProducer.o [2]
    .text             ro code  0x0000ca88    0x998  ControlPanelProvided.o [2]
    .text             ro code  0x0000d420     0x9c  NotificationCommon.o [2]
    .text             ro code  0x0000d4bc    0xec4  aj_introspect.o [2]
    .text             ro code  0x0000e380   0x165c  aj_msg.o [2]
    .text             ro code  0x0000f9dc    0x2b0  ServicesCommon.o [2]
    .text             ro code  0x0000fc8c    0x764  PropertyStore.o [2]
    .text             ro code  0x000103f0    0x578  aj_bus.o [2]
    .text             ro code  0x00010968    0x248  BaseWidget.o [2]
    .text             ro code  0x00010bb0     0x5a  io_spr.o [6]
    .text             ro code  0x00010c0c     0x6c  strncpy.o [7]
    .text             ro code  0x00010c78     0x62  memcmp.o [7]
    .text             ro code  0x00010cdc    0x17e  aj_guid.o [2]
    .text             ro code  0x00010e5a    0x338  aj_crypto.o [2]
    .text             ro code  0x00011192     0x36  aj_bufio.o [2]
    .text             ro code  0x000111c8    0x150  aj_util.o [2]
    .text             ro code  0x00011318     0x24  aj_debug.o [2]
    .text             ro code  0x0001133c    0x69c  OnboardingManager.o [2]
    .text             ro code  0x000119d8    0x364  aj_connect.o [2]
    .text             ro code  0x00011d3c     0xc4  aj_link_timeout.o [2]
    .text             ro code  0x00011e00    0x534  aj_creds.o [2]
    .text             ro code  0x00012334    0x2c8  aj_about.o [2]
    .text             ro code  0x000125fc    0x55c  aj_target_nvram.o [2]
    .text             ro code  0x00012b58    0xc4c  aj_peer.o [2]
    .text             ro code  0x000137a4    0x294  ControlMarshalUtil.o [2]
    .text             ro code  0x00013a38     0x78  ABImemmove.o [7]
    .text             ro code  0x00013ab0    0x284  OnboardingService.o [2]
    .text             ro code  0x00013d34    0x6a4  aj_wifi_ctrl.o [2]
    .text             ro code  0x000143d8     0x44  strcpy.o [7]
    .text             ro code  0x0001441c      0x8  atoi.o [4]
    .text             ro code  0x00014424     0x1c  strcat.o [4]
    .text             ro code  0x00014440    0x250  aj_disco.o [2]
    .text             ro code  0x00014690    0x664  aj_net.o [2]
    .text             ro code  0x00014cf4     0x70  io_fseek.o [6]
    .text             ro code  0x00014d64     0x1e  io_write.o [6]
    .text             ro code  0x00014d84    0x8a0  aj_keyauthentication.o [2]
    .text             ro code  0x00015624    0x19a  aj_crypto_sha2.o [2]
    .text             ro code  0x000157be    0x35e  aj_cert.o [2]
    .text             ro code  0x00015b1c     0x1c  enmediactl.o [3]
    .text             ro code  0x00015b38    0x248  net_utils.o [2]
    .text             ro code  0x00015d80    0x8a0  cust_api_stack_offload.o [3]
    .text             ro code  0x00016620    0x1cc  atheros_wifi_mediactl_ext.o [2]
    .text             ro code  0x000167ec    0x138  eninit.o [3]
    .text             ro code  0x00016924     0x32  enstop.o [3]
    .text             ro code  0x00016956      0xa  net_utils.o [2]
    .text             ro code  0x00016960     0x16  strchr.o [7]
    .text             ro code  0x00016978    0x460  cust_driver_netbuf.o [3]
    .text             ro code  0x00016dd8     0x62  driver_netbuf.o [3]
    .text             ro code  0x00016e3c    0x970  api_ioctl.o [3]
    .text             ro code  0x000177ac    0xd24  api_stack_offload.o [3]
    .text             ro code  0x000184d0    0x2ec  cust_driver_main.o [3]
    .text             ro code  0x000187bc    0x12c  cust_api_stack_txrx.o [3]
    .text             ro code  0x000188e8    0x284  driver_diag.o [3]
    .text             ro code  0x00018b6c     0x12  enutil.o [3]
    .text             ro code  0x00018b80     0x30  cust_driver_netbuf.o [3]
    .text             ro code  0x00018bb0    0x374  mutex.o [6]
    .text             ro code  0x00018f24    0x3ec  driver_main.o [3]
    .text             ro code  0x00019310    0x198  hw_api.o [3]
    .text             ro code  0x000194a8    0x8fc  spi_hcd.o [3]
    .text             ro code  0x00019da4    0x4e8  driver_init.o [3]
    .text             ro code  0x0001a28c    0xbc0  wmi.o [3]
    .text             ro code  0x0001ae4c     0x5c  util.o [3]
    .text             ro code  0x0001aea8    0x1ac  api_init.o [3]
    .text             ro code  0x0001b054    0x288  api_txrx.o [3]
    .text             ro code  0x0001b2dc    0x608  htc.o [3]
    .text             ro code  0x0001b8e4    0x188  driver_txrx.o [3]
    .text             ro code  0x0001ba6c    0x2fc  cust_hw_api.o [3]
    .text             ro code  0x0001bd68    0x364  bmi.o [3]
    .text             ro code  0x0001c0cc     0xd0  rcv_aggr.o [3]
    .text             ro code  0x0001c19c    0x96c  api_wmi_rx.o [3]
    .text             ro code  0x0001cb08    0x1c8  dset.o [3]
    .text             ro code  0x0001ccd0     0x32  io_fflsh.o [6]
    .text             ro code  0x0001cd04    0x844  cust_api_wmi_rx.o [3]
    .text             ro code  0x0001d548     0x14  dset_api.o [3]
    .text             ro code  0x0001d55c    0x114  storerecall.o [3]
    .text             ro code  0x0001d670    0x6f8  ACServerSample.o [2]
    .text             ro code  0x0001dd68     0x2c  aj_init.o [2]
    .text             ro code  0x0001dd94    0x44c  EventsAndActionsSample.o [2]
    .text             ro code  0x0001e1e0    0x228  AppHandlers.o [2]
    .text             ro code  0x0001e408     0xc0  ConfigSample.o [2]
    .text             ro code  0x0001e4c8    0x18c  OnboardingSample.o [2]
    .text             ro code  0x0001e654    0x1ec  ControlPanelSample.o [2]
    .text             ro code  0x0001e840    0x2e8  ServicesHandlers.o [2]
    .text             ro code  0x0001eb28    0x414  ConfigService.o [2]
    .text             ro code  0x0001ef3c    0x2bc  ControlPanelService.o [2]
    .text             ro code  0x0001f1f8    0xc5c  ControlPanelGenerated.o [2]
    .text             ro code  0x0001fe54    0x1e4  PropertyWidget.o [2]
    .text             ro code  0x00020038     0x38  LabelWidget.o [2]
    .text             ro code  0x00020070    0x20c  DialogWidget.o [2]
    .text             ro code  0x0002027c      0x4  ContainerWidget.o [2]
    .text             ro code  0x00020280    0x104  DateTimeUtil.o [2]
    .text             ro code  0x00020384     0x4c  ConstraintRange.o [2]
    .text             ro code  0x000203d0     0xa4  ConstraintList.o [2]
    .text             ro code  0x00020474     0xd8  AllJoyn.o [2]
    .text             ro code  0x0002054c     0xd8  aj_keyexchange.o [2]
    .text             ro code  0x00020624    0x18c  cust_api_init.o [3]
    .text             ro code  0x000207b0   0x14b4  cust_api_ioctl.o [3]
    .text             ro code  0x00021c64    0x27a  flash_ftfe.o [3]
    .text             ro code  0x00021ee0     0x1c  flash_mk21.o [3]
    .text             ro code  0x00021efc    0x39e  spi_dspi.o [3]
    .text             ro code  0x0002229c     0x40  spi_mk21_dspi.o [3]
    .text             ro code  0x000222dc    0x204  spi_dspi_common.o [3]
    .text             ro code  0x000224e0     0x30  io_fputc.o [6]
    .text             ro code  0x00022510     0x30  atheros_phy.o [3]
    .text             ro code  0x00022540    0x1aa  lz77_init.o [7]
    .text             ro code  0x000226ea      0x6  abort.o [4]
  KERNEL              ro code  0x000226f0    0x2c0  dispatch.o [6]
  .rodata             const    0x000229b0     0x8c  ACServerSample.o [2]
  .rodata             const    0x00022a3c     0xe4  ConfigService.o [2]
  .rodata             const    0x00022b20    0x3e8  ControlPanelGenerated.o [2]
  .rodata             const    0x00022f08    0x1a4  ControlPanelInterfaces.o [2]
  .rodata             const    0x000230ac    0x120  EventsAndActionsSample.o [2]
  .rodata             const    0x000231cc    0x164  NotificationCommon.o [2]
  .rodata             const    0x00023330     0xe0  OnboardingService.o [2]
  .rodata             const    0x00023410     0xb0  PropertyStore.o [2]
  .rodata             const    0x000234c0     0xf4  aj_introspect.o [2]
  .rodata             const    0x000235b4    0xa58  aj_std.o [2]
  .rodata             const    0x0002400c     0x48  aj_tasks.o [2]
  .rodata             const    0x00024054      0x8  cust_driver_netbuf.o [3]
  .rodata             const    0x0002405c      0x4  api_init.o [3]
  .rodata             const    0x00024060     0x24  mqx.o [6]
  .rodata             const    0x00024084     0x78  init_enet.o [3]
  .rodata             const    0x000240fc     0x14  atheros_phy.o [3]
  .rodata             const    0x00024110     0x20  cust_api_init.o [3]
  .rodata             const    0x00024130     0x1c  init_lpm.o [3]
  .rodata             const    0x0002414c     0x28  init_adc.o [3]
  .rodata             const    0x00024174      0xc  init_esdhc.o [3]
  .rodata             const    0x00024180     0x8c  init_flashx.o [3]
  .rodata             const    0x0002420c     0x14  init_i2c.o [3]
  .rodata             const    0x00024220     0x70  init_sci.o [3]
  .rodata             const    0x00024290     0x30  init_spi.o [3]
  .rodata             const    0x000242c0     0x70  flash_ftfe.o [3]
  .rodata             const    0x00024330     0x18  spi_dspi.o [3]
  .rodata             const    0x00024348     0x38  mqx_init.o [3]
  Initializer bytes   ro data  0x00024380      0x4  <for KERNEL_DATA-1>
  .iar.init_table     const    0x00024384     0x40  - Linker created -
  .rodata             const    0x000243c4      0x0  zero_init3.o [7]
  .rodata             const    0x000243c4      0x0  copy_init3.o [7]
  .rodata             const    0x000243c4      0x0  lz77_init.o [7]
  Initializer bytes   ro data  0x000243c4    0x25f  <for P2 mid-1>
  FLASHX_POOL                  0x00025000      0x1  <Block>
    .flashx           const    0x00025000      0x1  vectors.o [3]
    .flashx           const    0x00025001      0x0  vectors.o [3]
                             - 0x00025001  0x24be1

"P2":                                       0x3514
  P2 mid-1                     0x1fff0000    0x5f4  <Init block>
    .data             inited   0x1fff0000     0x70  ACServerSample.o [2]
    .data             inited   0x1fff0070      0x4  ACServerSample.o [2]
    .data             inited   0x1fff0074      0x8  ACServerSample.o [2]
    .data             inited   0x1fff007c      0x4  ACServerSample.o [2]
    .data             inited   0x1fff0080      0x4  ACServerSample.o [2]
    .data             inited   0x1fff0084      0x4  ACServerSample.o [2]
    .data             inited   0x1fff0088      0x4  ACServerSample.o [2]
    .data             inited   0x1fff008c      0x4  ACServerSample.o [2]
    .data             inited   0x1fff0090      0x4  ACServerSample.o [2]
    .data             inited   0x1fff0094      0x4  ACServerSample.o [2]
    .data             inited   0x1fff0098      0x4  ACServerSample.o [2]
    .data             inited   0x1fff009c      0x4  ACServerSample.o [2]
    .data             inited   0x1fff00a0     0x40  ACServerSample.o [2]
    .data             inited   0x1fff00e0      0x4  ACServerSample.o [2]
    .data             inited   0x1fff00e4      0x4  ACServerSample.o [2]
    .data             inited   0x1fff00e8      0x4  ACServerSample.o [2]
    .data             inited   0x1fff00ec      0x4  ACServerSample.o [2]
    .data             inited   0x1fff00f0      0x4  ACServerSample.o [2]
    .data             inited   0x1fff00f4     0x30  ACServerSample.o [2]
    .data             inited   0x1fff0124     0x30  ConfigService.o [2]
    .data             inited   0x1fff0154      0xc  ControlPanelInterfaces.o [2]
    .data             inited   0x1fff0160     0x10  ControlPanelInterfaces.o [2]
    .data             inited   0x1fff0170     0x18  ControlPanelInterfaces.o [2]
    .data             inited   0x1fff0188     0x20  ControlPanelInterfaces.o [2]
    .data             inited   0x1fff01a8     0x2c  ControlPanelInterfaces.o [2]
    .data             inited   0x1fff01d4     0x10  ControlPanelProvided.o [2]
    .data             inited   0x1fff01e4     0x58  ControlPanelProvided.o [2]
    .data             inited   0x1fff023c     0x10  ControlPanelProvided.o [2]
    .data             inited   0x1fff024c     0x28  ControlPanelProvided.o [2]
    .data             inited   0x1fff0274     0xf0  ControlPanelSample.o [2]
    .data             inited   0x1fff0364     0x1c  EventsAndActionsSample.o [2]
    .data             inited   0x1fff0380     0x20  EventsAndActionsSample.o [2]
    .data             inited   0x1fff03a0     0x20  EventsAndActionsSample.o [2]
    .data             inited   0x1fff03c0     0x10  NotificationCommon.o [2]
    .data             inited   0x1fff03d0     0x44  NotificationCommon.o [2]
    .data             inited   0x1fff0414     0x90  NotificationCommon.o [2]
    .data             inited   0x1fff04a4      0x8  OnboardingManager.o [2]
    .data             inited   0x1fff04ac     0x38  OnboardingSample.o [2]
    .data             inited   0x1fff04e4     0x20  OnboardingService.o [2]
    .data             inited   0x1fff0504      0x8  aj_about.o [2]
    .data             inited   0x1fff050c      0x2  aj_connect.o [2]
    .data             inited   0x1fff0510     0x40  aj_introspect.o [2]
    .data             inited   0x1fff0550     0x10  aj_keyauthentication.o [2]
    .data             inited   0x1fff0560     0x10  aj_keyauthentication.o [2]
    .data             inited   0x1fff0570     0x10  aj_keyauthentication.o [2]
    .data             inited   0x1fff0580      0xc  aj_keyexchange.o [2]
    .data             inited   0x1fff058c      0x4  cust_driver_main.o [3]
    .data             inited   0x1fff0590      0x8  driver_init.o [3]
    .data             inited   0x1fff0598      0x8  mqx.o [6]
    .data             inited   0x1fff05a0     0x14  init_enet.o [3]
    .data             inited   0x1fff05b4      0xc  bmi.o [3]
    .data             inited   0x1fff05c0     0x30  adt_kpdb.o [3]
    __DLIB_PERTHREAD  inited   0x1fff05f0      0x4  errno.o [4]
  .bss                zero     0x1fff05f8     0xec  aj_peer.o [2]
  .bss                zero     0x1fff06e4     0x34  ACNotificationProducerSample.o [2]
  .bss                zero     0x1fff0718     0x24  ACServerSample.o [2]
  .bss                zero     0x1fff073c     0x24  ACServerSample.o [2]
  .bss                zero     0x1fff0760      0x8  ACServerSample.o [2]
  .bss                zero     0x1fff0768     0x24  ACServerSample.o [2]
  .bss                zero     0x1fff078c      0xc  ACServerSample.o [2]
  .bss                zero     0x1fff0798     0x3c  ControlPanelGenerated.o [2]
  .bss                zero     0x1fff07d4     0x3c  ControlPanelGenerated.o [2]
  .bss                zero     0x1fff0810    0x360  ControlPanelGenerated.o [2]
  .bss                zero     0x1fff0b70     0x3c  ControlPanelGenerated.o [2]
  .bss                zero     0x1fff0bac     0x60  ControlPanelGenerated.o [2]
  .bss                zero     0x1fff0c0c      0x4  ControlPanelService.o [2]
  .bss                zero     0x1fff0c10     0x10  ControlPanelService.o [2]
  .bss                zero     0x1fff0c20     0x40  EventsAndActionsSample.o [2]
  .bss                zero     0x1fff0c60     0x1c  NotificationProducer.o [2]
  .bss                zero     0x1fff0c7c     0x24  OnboardingManager.o [2]
  .bss                zero     0x1fff0ca0      0xc  OnboardingManager.o [2]
  .bss                zero     0x1fff0cac     0xac  OnboardingManager.o [2]
  .bss                zero     0x1fff0d58     0x10  aj_about.o [2]
  .bss                zero     0x1fff0d68      0x4  aj_debug.o [2]
  .bss                zero     0x1fff0d6c     0x10  aj_guid.o [2]
  .bss                zero     0x1fff0d7c    0x110  aj_guid.o [2]
  .bss                zero     0x1fff0e8c      0x4  aj_introspect.o [2]
  .bss                zero     0x1fff0e90     0x28  aj_introspect.o [2]
  .bss                zero     0x1fff0eb8     0x20  aj_introspect.o [2]
  .bss                zero     0x1fff0ed8     0x78  aj_keyauthentication.o [2]
  .bss                zero     0x1fff0f50     0x28  aj_keyauthentication.o [2]
  .bss                zero     0x1fff0f78     0xc0  aj_keyexchange.o [2]
  .bss                zero     0x1fff1038     0x18  aj_link_timeout.o [2]
  .bss                zero     0x1fff1050      0xc  aj_malloc.o [2]
  .bss                zero     0x1fff105c    0x40c  aj_net.o [2]
  .bss                zero     0x1fff1468      0x8  aj_net.o [2]
  .bss                zero     0x1fff1470     0x20  aj_peer.o [2]
  .bss                zero     0x1fff1490     0xc0  aj_sw_crypto.o [2]
  .bss                zero     0x1fff1550     0x20  aj_target_crypto.o [2]
  .bss                zero     0x1fff1570     0x18  aj_target_nvram.o [2]
  .bss                zero     0x1fff1588   0x1c04  aj_target_util.o [2]
  .bss                zero     0x1fff318c     0x20  aj_wifi_ctrl.o [2]
  .bss                zero     0x1fff31ac      0x8  atheros_wifi_mediactl_ext.o [2]
  .bss                zero     0x1fff31b4      0x4  atheros_wifi_mediactl_ext.o [2]
  .bss                zero     0x1fff31b8     0x24  api_stack_offload.o [3]
  .bss                zero     0x1fff31dc      0x4  api_stack_offload.o [3]
  .bss                zero     0x1fff31e0      0x4  api_stack_offload.o [3]
  .bss                zero     0x1fff31e4      0xc  cust_api_stack_offload.o [3]
  .bss                zero     0x1fff31f0     0x38  cust_driver_main.o [3]
  .bss                zero     0x1fff3228      0x4  cust_driver_main.o [3]
  .bss                zero     0x1fff322c      0xc  cust_driver_main.o [3]
  .bss                zero     0x1fff3238      0x4  cust_driver_main.o [3]
  .bss                zero     0x1fff323c      0x4  cust_driver_main.o [3]
  .bss                zero     0x1fff3240      0x4  driver_init.o [3]
  .bss                zero     0x1fff3244     0x10  wmi.o [3]
  .bss                zero     0x1fff3254      0x8  psp_mstiq.o [6]
  .bss                zero     0x1fff325c      0x4  bmi.o [3]
  .bss                zero     0x1fff3260     0x14  rcv_aggr.o [3]
  .bss                zero     0x1fff3274      0x4  api_wmi_rx.o [3]
  .bss                zero     0x1fff3278     0xc4  dset.o [3]
  .bss                zero     0x1fff333c      0x4  cust_api_init.o [3]
  .bss                zero     0x1fff3340    0x140  dset_api.o [3]
  .bss                zero     0x1fff3480      0x4  io_gpio.o [3]
  .bss                zero     0x1fff3484     0x30  lpm.o [3]
  .bss                zero     0x1fff34b4     0x20  adc_kadc.o [3]
  .bss                zero     0x1fff34d4     0x14  io_gpio_kgpio.o [3]
  .bss                zero     0x1fff34e8     0x14  io_gpio_kgpio.o [3]
  .bss                zero     0x1fff34fc      0x6  AppHandlers.o [2]
  .bss                zero     0x1fff3502      0x1  ControlPanelProvided.o [2]
  .bss                zero     0x1fff3503      0x1  PropertyStore.o [2]
  .bss                zero     0x1fff3504      0x1  aj_init.o [2]
  .bss                zero     0x1fff3505      0x1  aj_msg.o [2]
  .bss                zero     0x1fff3506      0x1  cust_driver_netbuf.o [3]
  .bss                zero     0x1fff3507      0x1  bsp_cm.o [3]
  KERNEL_DATA                  0x1fff3510      0x4  <Block>
    KERNEL_DATA-1              0x1fff3510      0x4  <Init block>
      .kernel_data    inited   0x1fff3510      0x4  kernel_symbols.o [6]
                             - 0x1fff3514   0x3514


*******************************************************************************
*** INIT TABLE
***

          Address     Size
          -------     ----
Zero (__iar_zero_init3)
    1 destination range, total size 0x2f10:
          0x1fff05f8  0x2f10

Copy/lz77 (__iar_lz77_init3)
    1 source range, total size 0x25f (39% of destination):
          0x000243c4   0x25f
    1 destination range, total size 0x5f4:
          0x1fff0000   0x5f4

Copy (__iar_copy_init3)
    1 source range, total size 0x4:
          0x00024380     0x4
    1 destination range, total size 0x4:
          0x1fff3510     0x4



*******************************************************************************
*** MODULE SUMMARY
***

    Module                          ro code  ro data  rw data
    ------                          -------  -------  -------
command line: [1]
    ---------------------------------------------------------
    Total:

f:\IOT_MQX_4.0.2.173\sw\src\MQX_4.0.2\demo\aj\alljoyn\applications\sample_apps\tcl\ServicesSamples\target\sp140-141mqx\iar\Release\Obj: [2]
    ACNotificationProducerSample.o      192                52
    ACServerSample.o                  1 784      256      420
    AllJoyn.o                           216
    AppHandlers.o                       552                 6
    BaseWidget.o                        584
    ConfigSample.o                      192
    ConfigService.o                   1 044      247       48
    ConstraintList.o                    164
    ConstraintRange.o                    76
    ContainerWidget.o                     4
    ControlMarshalUtil.o                660
    ControlPanelGenerated.o           3 164    1 000    1 140
    ControlPanelInterfaces.o                     471      128
    ControlPanelProvided.o            2 456       64      161
    ControlPanelSample.o                492       95      240
    ControlPanelService.o               700                20
    DateTimeUtil.o                      260
    DialogWidget.o                      524
    EventsAndActionsSample.o          1 100      325      156
    LabelWidget.o                        56
    NotificationCommon.o                156      447      228
    NotificationProducer.o            1 664                28
    OnboardingManager.o               1 692        3      228
    OnboardingSample.o                  396       22       56
    OnboardingService.o                 644      237       32
    PropertyStore.o                   1 892      176        1
    PropertyWidget.o                    484
    ServicesCommon.o                    688
    ServicesHandlers.o                  744
    aj_about.o                          712        3       24
    aj_bufio.o                           54
    aj_bus.o                          1 400
    aj_cert.o                           862
    aj_connect.o                        868        1        2
    aj_creds.o                        1 332
    aj_crypto.o                         824
    aj_crypto_ecc.o                   4 308
    aj_crypto_sha2.o                    410
    aj_debug.o                           36                 4
    aj_disco.o                          592
    aj_guid.o                           382               288
    aj_init.o                            44                 1
    aj_introspect.o                   3 780      270      140
    aj_keyauthentication.o            2 208       19      208
    aj_keyexchange.o                    216        5      204
    aj_link_timeout.o                   196                24
    aj_malloc.o                         364                12
    aj_msg.o                          5 724                 1
    aj_net.o                          1 636             1 044
    aj_peer.o                         3 148               268
    aj_std.o                                   2 648
    aj_sw_crypto.o                    2 616               192
    aj_target_crypto.o                  476                32
    aj_target_nvram.o                 1 372                24
    aj_target_util.o                    476             7 172
    aj_tasks.o                                    72
    aj_util.o                           336
    aj_wifi_ctrl.o                    1 700                32
    atheros_wifi_mediactl_ext.o         460                12
    net_utils.o                         594
    sha2.o                            1 180
    ---------------------------------------------------------
    Total:                           60 886    6 361   12 628

bsp.a: [3]
    adc.o                             1 130
    adc_kadc.o                        2 072                32
    adc_mk21.o                           28
    adt_kpdb.o                        1 940       19       48
    api_init.o                          428        4
    api_ioctl.o                       2 416
    api_stack_offload.o               3 364                44
    api_txrx.o                          648
    api_wmi_rx.o                      2 412                 4
    atheros_phy.o                        48       20
    bmi.o                               868        5       16
    bsp_cm.o                          1 212                 1
    cm.o                                  8
    cust_api_init.o                     396       32        4
    cust_api_ioctl.o                  5 300
    cust_api_stack_offload.o          2 208                12
    cust_api_stack_txrx.o               300
    cust_api_wmi_rx.o                 2 116
    cust_driver_main.o                  748        2       84
    cust_driver_netbuf.o              1 168        8        1
    cust_hw_api.o                       764
    driver_diag.o                       644
    driver_init.o                     1 256        3       12
    driver_main.o                     1 004
    driver_netbuf.o                      98
    driver_txrx.o                       392
    dset.o                              456               196
    dset_api.o                           20               320
    eninit.o                            312
    enmediactl.o                         28
    enstop.o                             50
    enutil.o                             18
    esdhc.o                           2 412
    esdhc_mk21.o                         16
    flash_ftfe.o                        634      112
    flash_mk21.o                         28
    flashx.o                          2 886
    htc.o                             1 544
    hw_api.o                            408
    i2c_mk21.o                           40
    i2c_pol.o                           302
    i2c_pol_ki2c.o                    2 052
    init_adc.o                                    40
    init_bsp.o                          456
    init_enet.o                                  128       20
    init_esdhc.o                                  12
    init_flashx.o                                140
    init_gpio.o                       1 012
    init_hw.o                           184
    init_i2c.o                                    20
    init_lpm.o                                    28
    init_sci.o                                   112
    init_spi.o                                    48
    io_gpio.o                           444                 4
    io_gpio_kgpio.o                   1 992                40
    io_sinit.o                           48
    lpm.o                               400                48
    lpm_smc.o                            44
    mqx_init.o                                    56
    mqx_main.o                           16
    rcv_aggr.o                          208                20
    serl_mk21.o                          68
    serl_pol.o                        1 106
    serl_pol_kuart.o                  1 754
    spi.o                             1 218
    spi_dspi.o                          926       24
    spi_dspi_common.o                   516
    spi_hcd.o                         2 300
    spi_mk21_dspi.o                      64
    storerecall.o                       276
    util.o                               92
    vectors.o                                  1 041
    wmi.o                             3 008                16
    ---------------------------------------------------------
    Total:                           60 306    1 854      922

dl7M_tln.a: [4]
    abort.o                               6
    atoi.o                                8
    errno.o                              12        2        4
    exit.o                                4
    strcat.o                             28
    strncmp.o                            42
    xstoul.o                            372
    xtls.o                                2
    ---------------------------------------------------------
    Total:                              474        2        4

m7M_tlv.a: [5]
    DblAdd.o                            232
    DblCmpEq.o                           32
    DblCmpGe.o                           46
    DblCmpLe.o                           46
    DblDiv.o                            582
    DblMul.o                            418
    DblSub.o                            364
    DblToI32.o                           76
    fpinit_M.o                           26
    modf.o                              192
    ---------------------------------------------------------
    Total:                            2 014

psp.a: [6]
    boot.o                              100
    comp.o                               10
    dispatch.o                          704
    idletask.o                           76
    int.o                               468
    int_inst.o                           16
    int_vtab.o                           16
    io_dopr.o                         3 016
    io_fclos.o                           40
    io_fflsh.o                           50
    io_fopen.o                          140
    io_fp.o                           1 684
    io_fputc.o                           48
    io_fseek.o                          112
    io_ghand.o                           68
    io_init.o                            36
    io_inst.o                            28
    io_instx.o                          252
    io_ioctl.o                           56
    io_pntf.o                            40
    io_read.o                            80
    io_spr.o                             90
    io_write.o                           30
    kernel_symbols.o                               4        4
    lwevent.o                           728
    lwmem.o                           1 276
    lwsem.o                             424
    mqx.o                               816       39        8
    mutex.o                             884
    nvic.o                              150
    psp_iinit.o                          18
    psp_mstiq.o                         104                 8
    psp_tiad.o                           68
    psp_tinm.o                           48
    psp_tkti.o                          124
    queue.o                             166
    sc_irdyq.o                          164
    sched.o                             268
    stack_bu.o                          162
    task.o                            1 826
    time.o                              660
    ---------------------------------------------------------
    Total:                           15 046       43       20

rt7M_tl.a: [7]
    ABImemclr.o                           6
    ABImemclr4.o                          6
    ABImemcpy.o                         118
    ABImemmove.o                        120
    ABImemset.o                         102
    ABImemset48.o                        58
    I64DivMod.o                         306
    I64DivZer.o                           2
    I64Shl.o                             34
    U64Shr.o                             30
    cexit.o                              10
    cmain.o                              22
    copy_init3.o                         46
    cstartup_M.o                         12
    data_init.o                          40
    lz77_init.o                         426
    memchr.o                             88
    memcmp.o                             98
    strchr.o                             22
    strcmp.o                             66
    strcpy.o                             68
    strlen.o                             54
    strncpy.o                           108
    zero_init3.o                         34
    ---------------------------------------------------------
    Total:                            1 876

shb_l.a: [8]
    exit.o                               20
    ---------------------------------------------------------
    Total:                               20

    Gaps                                 66                 6
    Linker created                                68
-------------------------------------------------------------
    Grand Total:                    140 688    8 328   13 580


*******************************************************************************
*** ENTRY LIST
***

Entry                      Address    Size  Type      Object
-----                      -------    ----  ----      ------
?main                   0x000004cd          Code  Gb  cmain.o [7]
A2H                     0x000111cf    0x32  Code  Lc  aj_util.o [2]
AJApp_ConnectedHandler  0x0001e20d    0xac  Code  Gb  AppHandlers.o [2]
AJApp_DisconnectHandler
                        0x0001e373    0x3c  Code  Gb  AppHandlers.o [2]
AJApp_DoWork            0x0001e355    0x1e  Code  Gb  AppHandlers.o [2]
AJApp_MessageProcessor  0x0001e2b9    0x9c  Code  Gb  AppHandlers.o [2]
AJCFG_FactoryResetHandler
                        0x0001eb67    0x10  Code  Gb  ConfigService.o [2]
AJCFG_GetConfigurationsHandler
                        0x0001eb87    0x5e  Code  Gb  ConfigService.o [2]
AJCFG_MessageProcessor  0x0001eea9    0x74  Code  Gb  ConfigService.o [2]
AJCFG_ObjectList        0x1fff0124    0x20  Data  Lc  ConfigService.o [2]
AJCFG_PropGetHandler    0x0001eb4f    0x14  Code  Gb  ConfigService.o [2]
AJCFG_PropSetHandler    0x0001eb63     0x4  Code  Gb  ConfigService.o [2]
AJCFG_ResetConfigurationsHandler
                        0x0001ed69    0xc8  Code  Gb  ConfigService.o [2]
AJCFG_RestartHandler    0x0001eb77    0x10  Code  Gb  ConfigService.o [2]
AJCFG_SetPasscodeHandler
                        0x0001ee35    0x6e  Code  Gb  ConfigService.o [2]
AJCFG_Start             0x0001eb29    0x26  Code  Gb  ConfigService.o [2]
AJCFG_UpdateConfigurationsHandler
                        0x0001ebe5   0x17c  Code  Gb  ConfigService.o [2]
AJCPS_CheckSessionAccepted
                        0x0001f1b5    0x12  Code  Gb  ControlPanelService.o [2]
AJCPS_ConnectedHandler  0x0001f14b    0x6a  Code  Gb  ControlPanelService.o [2]
AJCPS_GetAllRootProperties
                        0x0001f03f    0x34  Code  Gb  ControlPanelService.o [2]
AJCPS_GetAllWidgetProperties
                        0x0001f073    0x2c  Code  Gb  ControlPanelService.o [2]
AJCPS_GetCurrentSessionId
                        0x0001ef83     0x6  Code  Gb  ControlPanelService.o [2]
AJCPS_GetRootProperty   0x0001f023    0x1c  Code  Gb  ControlPanelService.o [2]
AJCPS_GetWidgetProperty
                        0x0001efa5    0x76  Code  Gb  ControlPanelService.o [2]
AJCPS_MessageProcessor  0x0001f1c7    0x14  Code  Gb  ControlPanelService.o [2]
AJCPS_ObjectList        0x1fff0274    0xf0  Data  Lc  ControlPanelSample.o [2]
AJCPS_SendDismissSignal
                        0x0001f10d    0x30  Code  Gb  ControlPanelService.o [2]
AJCPS_SendPropertyChangedSignal
                        0x0001f0c1    0x4c  Code  Gb  ControlPanelService.o [2]
AJCPS_Start             0x0001ef3d    0x40  Code  Gb  ControlPanelService.o [2]
AJNS_Common_RegisterObjects
                        0x0000d491    0x10  Code  Gb  NotificationCommon.o [2]
AJNS_NOTIFICATION_TTL_MAX
                        0x000232c4     0x2  Data  Gb  NotificationCommon.o [2]
AJNS_NOTIFICATION_TTL_MIN
                        0x000232c2     0x2  Data  Gb  NotificationCommon.o [2]
AJNS_NotificationDismisserInterface
                        0x000232d8    0x10  Data  Lc  NotificationCommon.o [2]
AJNS_NotificationDismisserInterfaces
                        0x000232e8     0xc  Data  Lc  NotificationCommon.o [2]
AJNS_NotificationDismisserObjectPath
                        0x1fff03d0    0x44  Data  Lc  NotificationCommon.o [2]
AJNS_NotificationDismisserVersion
                        0x000232d4     0x2  Data  Gb  NotificationCommon.o [2]
AJNS_NotificationInterface
                        0x1fff03c0    0x10  Data  Gb  NotificationCommon.o [2]
AJNS_NotificationInterfaceName
                        0x00023244    0x1c  Data  Lc  NotificationCommon.o [2]
AJNS_NotificationInterfaces
                        0x000232c8     0xc  Data  Gb  NotificationCommon.o [2]
AJNS_NotificationObjectPathEmergency
                        0x000232a0     0xc  Data  Lc  NotificationCommon.o [2]
AJNS_NotificationObjectPathInfo
                        0x000232b8     0x8  Data  Lc  NotificationCommon.o [2]
AJNS_NotificationObjectPathWarning
                        0x000232ac     0xc  Data  Lc  NotificationCommon.o [2]
AJNS_NotificationProducerInterface
                        0x00023310    0x10  Data  Lc  NotificationCommon.o [2]
AJNS_NotificationProducerInterfaces
                        0x00023320    0x10  Data  Lc  NotificationCommon.o [2]
AJNS_NotificationProducerObjectPath
                        0x000232f8    0x18  Data  Lc  NotificationCommon.o [2]
AJNS_NotificationProducerPort
                        0x000232f4     0x2  Data  Gb  NotificationCommon.o [2]
AJNS_NotificationPropertyVersion
                        0x00023294     0xc  Data  Gb  NotificationCommon.o [2]
AJNS_NotificationSignalName
                        0x00023260    0x34  Data  Gb  NotificationCommon.o [2]
AJNS_NotificationVersion
                        0x000232c0     0x2  Data  Gb  NotificationCommon.o [2]
AJNS_ObjectList         0x1fff0414    0x90  Data  Gb  NotificationCommon.o [2]
AJNS_Producer_CheckSessionAccepted
                        0x0000c9b9    0x10  Code  Gb  NotificationProducer.o [2]
AJNS_Producer_ConnectedHandler
                        0x0000c94f    0x6a  Code  Gb  NotificationProducer.o [2]
AJNS_Producer_DismissRequestHandler
                        0x0000c89f    0x70  Code  Gb  NotificationProducer.o [2]
AJNS_Producer_MarshalNotificationMsg
                        0x0000c435   0x302  Code  Lc  NotificationProducer.o [2]
AJNS_Producer_MessageProcessor
                        0x0000c9d1    0x5c  Code  Gb  NotificationProducer.o [2]
AJNS_Producer_PropGetHandler
                        0x0000c90f    0x3c  Code  Gb  NotificationProducer.o [2]
AJNS_Producer_PropSetHandler
                        0x0000c94b     0x4  Code  Gb  NotificationProducer.o [2]
AJNS_Producer_SendNotification
                        0x0000c787   0x118  Code  Gb  NotificationProducer.o [2]
AJNS_Producer_Start     0x0000c409    0x2c  Code  Gb  NotificationProducer.o [2]
AJNS_SendDismissSignal  0x0000d421    0x70  Code  Gb  NotificationCommon.o [2]
AJOBS_ClearInfo         0x000117bf    0x28  Code  Gb  OnboardingManager.o [2]
AJOBS_ConfigureWiFiHandler
                        0x00013b17    0xde  Code  Gb  OnboardingService.o [2]
AJOBS_ConnectWiFiHandler
                        0x00013bf5    0x12  Code  Gb  OnboardingService.o [2]
AJOBS_ControllerAPI_DoOffboardWiFi
                        0x000117e7     0x2  Code  Gb  OnboardingManager.o [2]
AJOBS_ControllerAPI_DoScanInfo
                        0x00011519    0x28  Code  Gb  OnboardingManager.o [2]
AJOBS_ControllerAPI_GotoIdleWiFi
                        0x00011549    0x44  Code  Gb  OnboardingManager.o [2]
AJOBS_ControllerAPI_StartSoftAPIfNeededOrConnect
                        0x0001172f    0x90  Code  Gb  OnboardingManager.o [2]
AJOBS_DisconnectWiFi    0x000117ff     0xa  Code  Gb  OnboardingManager.o [2]
AJOBS_EstablishWiFi     0x000117e9    0x16  Code  Gb  OnboardingManager.o [2]
AJOBS_GetError          0x00011391     0x6  Code  Gb  OnboardingManager.o [2]
AJOBS_GetInfo           0x000113a3    0x68  Code  Gb  OnboardingManager.o [2]
AJOBS_GetLastScanTime   0x00011397     0x6  Code  Gb  OnboardingManager.o [2]
AJOBS_GetScanInfoHandler
                        0x00013c13    0x84  Code  Gb  OnboardingService.o [2]
AJOBS_GetScanInfos      0x0001139d     0x6  Code  Gb  OnboardingManager.o [2]
AJOBS_GetState          0x00011381     0x8  Code  Gb  OnboardingManager.o [2]
AJOBS_IsWiFiConnected   0x0001136b    0x16  Code  Gb  OnboardingManager.o [2]
AJOBS_MessageProcessor  0x00013c97    0x64  Code  Gb  OnboardingService.o [2]
AJOBS_ObjectList        0x1fff04e4    0x20  Data  Gb  OnboardingService.o [2]
AJOBS_OffboardWiFiHandler
                        0x00013c07     0xc  Code  Gb  OnboardingService.o [2]
AJOBS_PropGetHandler    0x00013ac5    0x4e  Code  Gb  OnboardingService.o [2]
AJOBS_PropSetHandler    0x00013b13     0x4  Code  Gb  OnboardingService.o [2]
AJOBS_RegisterObjectList
                        0x00013ab1    0x14  Code  Gb  OnboardingService.o [2]
AJOBS_SetInfo           0x0001140b    0x4a  Code  Gb  OnboardingManager.o [2]
AJOBS_SetState          0x00011389     0x8  Code  Gb  OnboardingManager.o [2]
AJOBS_Start             0x0001133d    0x2e  Code  Gb  OnboardingManager.o [2]
AJSVC_CheckSessionAccepted
                        0x0001e883    0x1c  Code  Gb  ServicesHandlers.o [2]
AJSVC_ConfigInterface   0x00022af0    0x24  Data  Lc  ConfigService.o [2]
AJSVC_ConfigInterfaces  0x00022b14     0xc  Data  Lc  ConfigService.o [2]
AJSVC_ConnectedHandler  0x0001e841    0x42  Code  Gb  ServicesHandlers.o [2]
AJSVC_DisconnectHandler
                        0x0001e9a5    0x1e  Code  Gb  ServicesHandlers.o [2]
AJSVC_IsLanguageSupported
                        0x0000f9dd    0x2c  Code  Gb  ServicesCommon.o [2]
AJSVC_MarshalAppId      0x0000fa41    0x32  Code  Gb  ServicesCommon.o [2]
AJSVC_MarshalAppIdAsVariant
                        0x0000fa09    0x38  Code  Gb  ServicesCommon.o [2]
AJSVC_MessageProcessorAndDispatcher
                        0x0001e89f    0xec  Code  Gb  ServicesHandlers.o [2]
AJSVC_OnboardingInterfaces
                        0x00023404     0xc  Data  Lc  OnboardingService.o [2]
AJSVC_PropertyStore_GetCurrentDefaultLanguageIndex
                        0x0000fe19    0x16  Code  Gb  PropertyStore.o [2]
AJSVC_PropertyStore_GetFieldIndex
                        0x0000fcb7    0x28  Code  Gb  PropertyStore.o [2]
AJSVC_PropertyStore_GetFieldName
                        0x0000fca5    0x12  Code  Gb  PropertyStore.o [2]
AJSVC_PropertyStore_GetLanguageIndex
                        0x0000fd79    0x44  Code  Gb  PropertyStore.o [2]
AJSVC_PropertyStore_GetLanguageName
                        0x0000fd5b    0x1e  Code  Gb  PropertyStore.o [2]
AJSVC_PropertyStore_GetMaxValueLength
                        0x0000fc8d    0x18  Code  Gb  PropertyStore.o [2]
AJSVC_PropertyStore_GetValue
                        0x0000fd57     0x4  Code  Gb  PropertyStore.o [2]
AJSVC_PropertyStore_GetValueForLang
                        0x0000fcf3    0x64  Code  Gb  PropertyStore.o [2]
AJSVC_PropertyStore_LoadAll
                        0x0000ff8d    0x84  Code  Gb  PropertyStore.o [2]
AJSVC_PropertyStore_ReadAll
                        0x000100d1   0x14e  Code  Gb  PropertyStore.o [2]
AJSVC_PropertyStore_Reset
                        0x00010269    0x2c  Code  Gb  PropertyStore.o [2]
AJSVC_PropertyStore_ResetAll
                        0x00010299    0x54  Code  Gb  PropertyStore.o [2]
AJSVC_PropertyStore_SaveAll
                        0x00010011    0x90  Code  Gb  PropertyStore.o [2]
AJSVC_PropertyStore_SetValue
                        0x0000fe13     0x6  Code  Gb  PropertyStore.o [2]
AJSVC_PropertyStore_SetValueForLang
                        0x0000fdbd    0x56  Code  Gb  PropertyStore.o [2]
AJSVC_PropertyStore_Update
                        0x0001023f    0x2a  Code  Gb  PropertyStore.o [2]
AJSVC_RoutingNodeConnect
                        0x0000fa81    0x9a  Code  Gb  ServicesCommon.o [2]
AJSVC_RoutingNodeDisconnect
                        0x0000fb1b    0x38  Code  Gb  ServicesCommon.o [2]
AJServices_Init         0x0001e1e1    0x2c  Code  Gb  AppHandlers.o [2]
AJ_AES_CBC_128_ENCRYPT  0x00009cbf    0x6e  Code  Gb  aj_sw_crypto.o [2]
AJ_AES_CTR_128          0x00009c35    0x8a  Code  Gb  aj_sw_crypto.o [2]
AJ_AES_Disable          0x00009c2d     0x8  Code  Gb  aj_sw_crypto.o [2]
AJ_AES_ECB_128_ENCRYPT  0x00009d33    0x1e  Code  Gb  aj_sw_crypto.o [2]
AJ_AES_Enable           0x00009bbf    0x6e  Code  Gb  aj_sw_crypto.o [2]
AJ_AboutAnnounce        0x0001248f    0x78  Code  Gb  aj_about.o [2]
AJ_AboutHandleGetAboutData
                        0x0001238b    0x3c  Code  Gb  aj_about.o [2]
AJ_AboutHandleGetObjectDescription
                        0x00012507    0x14  Code  Gb  aj_about.o [2]
AJ_AboutHandleGetProp   0x00012383     0x8  Code  Gb  aj_about.o [2]
AJ_AboutIconHandleGetContent
                        0x00012579    0x36  Code  Gb  aj_about.o [2]
AJ_AboutIconHandleGetProp
                        0x00012551     0x8  Code  Gb  aj_about.o [2]
AJ_AboutIconHandleGetURL
                        0x00012559    0x20  Code  Gb  aj_about.o [2]
AJ_AboutInit            0x00012355     0xa  Code  Gb  aj_about.o [2]
AJ_AboutRegisterPropStoreGetter
                        0x00012335     0x6  Code  Gb  aj_about.o [2]
AJ_AboutSetIcon         0x0001235f    0x12  Code  Gb  aj_about.o [2]
AJ_AboutSetShouldAnnounce
                        0x000125af     0x8  Code  Gb  aj_about.o [2]
AJ_AcquireIPAddress     0x0001431d    0x6c  Code  Gb  aj_wifi_ctrl.o [2]
AJ_AllSeenIntrospectionIface
                        0x00023e20    0x10  Data  Gb  aj_std.o [2]
AJ_AllocReplyContext    0x0000e251    0x34  Code  Gb  aj_introspect.o [2]
AJ_Authenticate         0x00011af7    0xe6  Code  Gb  aj_connect.o [2]
AJ_BigEndianDecodeCertificate
                        0x00015963    0x9e  Code  Gb  aj_cert.o [2]
AJ_BigEndianDecodePublicKey
                        0x00015891     0xa  Code  Gb  aj_cert.o [2]
AJ_BigEndianEncodeCertificate
                        0x000158c7    0x9c  Code  Gb  aj_cert.o [2]
AJ_BigEndianEncodePublicKey
                        0x00015889     0x8  Code  Gb  aj_cert.o [2]
AJ_BusAdvertiseName     0x000103fd    0x22  Code  Gb  aj_bus.o [2]
AJ_BusBindSessionPort   0x0001049f    0x30  Code  Gb  aj_bus.o [2]
AJ_BusCancelSessionless
                        0x000104ed    0x22  Code  Gb  aj_bus.o [2]
AJ_BusDestination       0x00023b30    0x10  Data  Gb  aj_std.o [2]
AJ_BusHandleBusMessage  0x00010605   0x228  Code  Gb  aj_bus.o [2]
AJ_BusLinkStateProc     0x00011d61    0x72  Code  Gb  aj_link_timeout.o [2]
AJ_BusPropGet           0x00010919     0xc  Code  Gb  aj_bus.o [2]
AJ_BusPropSet           0x00010925     0xa  Code  Gb  aj_bus.o [2]
AJ_BusReplyAcceptSession
                        0x000105cd    0x20  Code  Gb  aj_bus.o [2]
AJ_BusSetPasswordCallback
                        0x00010873     0x6  Code  Gb  aj_bus.o [2]
AJ_BusSetSignalRule     0x0001053f    0x14  Code  Gb  aj_bus.o [2]
AJ_BusUnbindSession     0x000104cf    0x1e  Code  Gb  aj_bus.o [2]
AJ_ByteSwap32           0x00009721    0x18  Code  Gb  aj_target_util.o [2]
AJ_ByteSwap64           0x00009739    0x72  Code  Gb  aj_target_util.o [2]
AJ_ClearAuthContext     0x00012c83    0x1e  Code  Gb  aj_peer.o [2]
AJ_ClearCredentials     0x00012235    0x1c  Code  Gb  aj_creds.o [2]
AJ_CloseMsg             0x0000e6e7    0x52  Code  Gb  aj_msg.o [2]
AJ_ConnectWiFi          0x00013f9f    0x9c  Code  Gb  aj_wifi_ctrl.o [2]
AJ_ConnectWiFiHelper    0x00013e57   0x148  Code  Lc  aj_wifi_ctrl.o [2]
AJ_CreateCertificate    0x00015a01    0x6c  Code  Gb  aj_cert.o [2]
AJ_CredentialExpired    0x00012315    0x20  Code  Gb  aj_creds.o [2]
AJ_Crypto_PRF           0x000110bb    0xb6  Code  Gb  aj_crypto.o [2]
AJ_Crypto_PRF_SHA256    0x0001574d    0x72  Code  Gb  aj_crypto_sha2.o [2]
AJ_DBusDestination      0x00023b18    0x18  Data  Gb  aj_std.o [2]
AJ_DSASignDigest        0x0000913b    0x70  Code  Gb  aj_crypto_ecc.o [2]
AJ_DSAVerifyDigest      0x000091ab    0x28  Code  Gb  aj_crypto_ecc.o [2]
AJ_Decrypt_CCM          0x00011025    0x8e  Code  Gb  aj_crypto.o [2]
AJ_DeleteCredential     0x00012217    0x16  Code  Gb  aj_creds.o [2]
AJ_DeleteLocalCredential
                        0x00012309     0xc  Code  Gb  aj_creds.o [2]
AJ_DeleteOldestCredential
                        0x0001207f    0xe0  Code  Lc  aj_creds.o [2]
AJ_DeletePeerCredential
                        0x0001222d     0x8  Code  Gb  aj_creds.o [2]
AJ_DeliverMsg           0x0000e5c3    0x44  Code  Gb  aj_msg.o [2]
AJ_DeliverMsgPartial    0x0000f747    0x70  Code  Gb  aj_msg.o [2]
AJ_Disconnect           0x00011c4f    0x2a  Code  Gb  aj_connect.o [2]
AJ_DisconnectWiFi       0x0001403b    0x2e  Code  Gb  aj_wifi_ctrl.o [2]
AJ_Discover             0x0001457d   0x114  Code  Gb  aj_disco.o [2]
AJ_EnableSoftAP         0x00014147    0x42  Code  Gb  aj_wifi_ctrl.o [2]
AJ_EnableSoftAPHelper   0x00014071    0xd6  Code  Lc  aj_wifi_ctrl.o [2]
AJ_Encrypt_CCM          0x00010fb3    0x72  Code  Gb  aj_crypto.o [2]
AJ_EphemeralPort        0x00014691    0x24  Code  Gb  aj_net.o [2]
AJ_ErrInvalidValue      0x00023c04    0x20  Data  Gb  aj_std.o [2]
AJ_ErrLanguageNotSuppored
                        0x00023c48    0x28  Data  Gb  aj_std.o [2]
AJ_ErrMaxSizeExceeded   0x00023c24    0x24  Data  Gb  aj_std.o [2]
AJ_ErrRejected          0x00023ba8    0x1c  Data  Gb  aj_std.o [2]
AJ_ErrResources         0x00023bc4    0x1c  Data  Gb  aj_std.o [2]
AJ_ErrSecurityViolation
                        0x00023b6c    0x24  Data  Gb  aj_std.o [2]
AJ_ErrServiceUnknown    0x00023b40    0x2c  Data  Gb  aj_std.o [2]
AJ_ErrTimeout           0x00023b90    0x18  Data  Gb  aj_std.o [2]
AJ_ErrUpdateNotAllowed  0x00023be0    0x24  Data  Gb  aj_std.o [2]
AJ_FindBusAndConnect    0x00011be9    0x5c  Code  Gb  aj_connect.o [2]
AJ_Free                 0x000096e7    0x16  Code  Gb  aj_target_util.o [2]
AJ_FreeCredential       0x000122b9    0x14  Code  Gb  aj_creds.o [2]
AJ_GUID_AddNameMapping  0x00010d35    0x4c  Code  Gb  aj_guid.o [2]
AJ_GUID_ClearNameMap    0x00010da3     0xc  Code  Gb  aj_guid.o [2]
AJ_GUID_DeleteNameMapping
                        0x00010d81    0x16  Code  Gb  aj_guid.o [2]
AJ_GUID_Find            0x00010d97     0xc  Code  Gb  aj_guid.o [2]
AJ_GUID_FromString      0x00010cef    0x14  Code  Gb  aj_guid.o [2]
AJ_GUID_ToString        0x00010cdd    0x12  Code  Gb  aj_guid.o [2]
AJ_GenerateDHKeyPair    0x000090cf     0x4  Code  Gb  aj_crypto_ecc.o [2]
AJ_GenerateDSAKeyPair   0x0000912f     0x2  Code  Gb  aj_crypto_ecc.o [2]
AJ_GenerateShareSecret  0x000090d3    0x5c  Code  Gb  aj_crypto_ecc.o [2]
AJ_GetCredential        0x00011fb1    0x10  Code  Gb  aj_creds.o [2]
AJ_GetElapsedTime       0x00009655    0x2c  Code  Gb  aj_target_util.o [2]
AJ_GetGroupKey          0x00010e0d    0x44  Code  Gb  aj_guid.o [2]
AJ_GetIPAddress         0x000142f9    0x24  Code  Gb  aj_wifi_ctrl.o [2]
AJ_GetLocalCredential   0x000122fb     0xe  Code  Gb  aj_creds.o [2]
AJ_GetLocalGUID         0x0001225b    0x54  Code  Gb  aj_creds.o [2]
AJ_GetPeerCredential    0x00012251     0xa  Code  Gb  aj_creds.o [2]
AJ_GetSessionKey        0x00010def    0x1c  Code  Gb  aj_guid.o [2]
AJ_GetUniqueName        0x000103f1     0xc  Code  Gb  aj_bus.o [2]
AJ_GetVersion           0x000111c9     0x6  Code  Gb  aj_util.o [2]
AJ_GetWifiConnectState  0x00013d35     0x8  Code  Gb  aj_wifi_ctrl.o [2]
AJ_HMAC_SHA256_Final    0x000156fd    0x50  Code  Gb  aj_crypto_sha2.o [2]
AJ_HMAC_SHA256_Init     0x0001565f    0x92  Code  Gb  aj_crypto_sha2.o [2]
AJ_HMAC_SHA256_Update   0x000156f1     0xc  Code  Gb  aj_crypto_sha2.o [2]
AJ_HandleGetDescriptionLanguages
                        0x0000dcf9    0x3c  Code  Gb  aj_introspect.o [2]
AJ_HandleIntrospectRequest
                        0x0000dc07    0xf2  Code  Gb  aj_introspect.o [2]
AJ_HexToRaw             0x0001126f    0x5c  Code  Gb  aj_util.o [2]
AJ_IOBufInit            0x00011193    0x12  Code  Gb  aj_bufio.o [2]
AJ_IOBufRebase          0x000111a5    0x24  Code  Gb  aj_bufio.o [2]
AJ_IPV4_MULTICAST_GROUP
                        0x00014cdc     0xc  Data  Lc  aj_net.o [2]
AJ_IPV6_MULTICAST_GROUP
                        0x00014ce8     0xc  Data  Lc  aj_net.o [2]
AJ_IdentifyMessage      0x0000e157    0xc2  Code  Gb  aj_introspect.o [2]
AJ_IdentifyProperty     0x0000e027    0xea  Code  Gb  aj_introspect.o [2]
AJ_InitArg              0x0000f505    0x46  Code  Gb  aj_msg.o [2]
AJ_InitMessageFromMsgId
                        0x0000df6d    0x9a  Code  Gb  aj_introspect.o [2]
AJ_InitObjectIterator   0x0000e2ed     0xa  Code  Gb  aj_introspect.o [2]
AJ_InitTimer            0x00009681    0x14  Code  Gb  aj_target_util.o [2]
AJ_Initialize           0x0001dd69    0x2c  Code  Gb  aj_init.o [2]
AJ_IntrospectionIface   0x00023e14     0xc  Data  Gb  aj_std.o [2]
AJ_KeyAuthenticationECDSA
                        0x1fff0550    0x10  Data  Gb  aj_keyauthentication.o [2]
AJ_KeyAuthenticationNULL
                        0x1fff0570    0x10  Data  Gb  aj_keyauthentication.o [2]
AJ_KeyAuthenticationPSK
                        0x1fff0560    0x10  Data  Gb  aj_keyauthentication.o [2]
AJ_KeyExchangeECDHE     0x1fff0580     0xc  Data  Gb  aj_keyexchange.o [2]
AJ_LookupMessageId      0x0000ddfb    0xf0  Code  Gb  aj_introspect.o [2]
AJ_Main                 0x0001d6c5   0x178  Code  Gb  ACServerSample.o [2]
AJ_Malloc               0x000096cd    0x1a  Code  Gb  aj_target_util.o [2]
AJ_MarshalArg           0x0000f475    0x88  Code  Gb  aj_msg.o [2]
AJ_MarshalArgs          0x0000f733     0xe  Code  Gb  aj_msg.o [2]
AJ_MarshalCloseContainer
                        0x0000f7f5    0x82  Code  Gb  aj_msg.o [2]
AJ_MarshalContainer     0x0000f7d3    0x22  Code  Gb  aj_msg.o [2]
AJ_MarshalErrorMsg      0x0000f93b    0x1e  Code  Gb  aj_msg.o [2]
AJ_MarshalMethodCall    0x0000f8a9    0x3c  Code  Gb  aj_msg.o [2]
AJ_MarshalRaw           0x0000f7b7    0x1c  Code  Gb  aj_msg.o [2]
AJ_MarshalReplyMsg      0x0000f91f    0x1c  Code  Gb  aj_msg.o [2]
AJ_MarshalSignal        0x0000f8e5    0x2e  Code  Gb  aj_msg.o [2]
AJ_MarshalStatusMsg     0x0000f983    0x2a  Code  Gb  aj_msg.o [2]
AJ_MarshalVariant       0x0000f877    0x32  Code  Gb  aj_msg.o [2]
AJ_NVRAM_Clear          0x000126a7    0x30  Code  Gb  aj_target_nvram.o [2]
AJ_NVRAM_Close          0x00012af5    0x34  Code  Gb  aj_target_nvram.o [2]
AJ_NVRAM_Delete         0x000128d7    0x6a  Code  Gb  aj_target_nvram.o [2]
[...]
gpio_cpu_open           0x000065f9   0x15e  Code  Gb  io_gpio_kgpio.o [3]
gpio_eport_irq          0x00006b75    0x8a  Code  Lc  io_gpio_kgpio.o [3]
gpio_global_irq_map     0x1fff34e8    0x14  Data  Gb  io_gpio_kgpio.o [3]
gpio_global_pin_map     0x1fff34d4    0x14  Data  Gb  io_gpio_kgpio.o [3]
handle                  0x1fff3190     0x4  Data  Gb  aj_wifi_ctrl.o [2]
handshakeContext        0x1fff05f8    0xb0  Data  Lc  aj_peer.o [2]
heap                    0x1fff1588  0x1c04  Data  Lc  aj_target_util.o [2]
heapConfig              0x1fff1054     0x4  Data  Lc  aj_malloc.o [2]
heapConfig              0x000097f4    0x38  Data  Lc  aj_target_util.o [2]
heapPools               0x1fff1058     0x4  Data  Lc  aj_malloc.o [2]
hexnibble               0x00015be1    0x10  Code  Gb  net_utils.o [2]
host_dsets              0x1fff327c    0xc0  Data  Gb  dset.o [3]
humidityBuff            0x1fff01d4     0xc  Data  Lc  ControlPanelProvided.o [2]
humidityString          0x1fff01e0     0x4  Data  Lc  ControlPanelProvided.o [2]
icon                    0x1fff0d58    0x10  Data  Lc  aj_about.o [2]
in_curveP               0x00008ee3    0x5e  Code  Lc  aj_crypto_ecc.o [2]
inet_ntoa               0x00015b9d    0x2a  Code  Gb  net_utils.o [2]
initAttempts            0x1fff34fc     0x1  Data  Lc  AppHandlers.o [2]
init_hardware           0x00000543    0x7a  Code  Gb  init_hw.o [3]
initializeBaseOptParam  0x000109fd    0x16  Code  Gb  BaseWidget.o [2]
initializeBaseWidget    0x00010969    0x2a  Code  Gb  BaseWidget.o [2]
initializeConstraintRange
                        0x00020385     0xa  Code  Gb  ConstraintRange.o [2]
initializeContainerWidget
                        0x0002027d     0x4  Code  Gb  ContainerWidget.o [2]
initializeDialogOptParam
                        0x000200d9    0x10  Code  Gb  DialogWidget.o [2]
initializeDialogWidget  0x00020071    0x2a  Code  Gb  DialogWidget.o [2]
initializePropertyOptParam
                        0x0001fef9    0x16  Code  Gb  PropertyWidget.o [2]
initializePropertyWidget
                        0x0001fe55    0x30  Code  Gb  PropertyWidget.o [2]
initialized             0x1fff3504     0x1  Data  Lc  aj_init.o [2]
interfaceClose          0x0000d868    0x10  Data  Lc  aj_introspect.o [2]
interfaceOpen           0x0000d878     0xc  Data  Lc  aj_introspect.o [2]
internalErrorHdr        0x0000ecb8    0x10  Data  Lc  aj_msg.o [2]
interrupted             0x1fff1468     0x1  Data  Lc  aj_net.o [2]
isBusConnected          0x1fff0000     0x1  Data  Lc  ACServerSample.o [2]
isSocketBlocked         0x00015ebd     0x8  Code  Gb  cust_api_stack_offload.o [3]
isThereANotificationToSend
                        0x0000cad7     0xa  Code  Gb  ControlPanelProvided.o [2]
isdigit                 0x00016957     0xa  Code  Gb  net_utils.o [2]
ishexdigit              0x00015bc7    0x1a  Code  Gb  net_utils.o [2]
jacobian_infinity       0x00009244    0x6c  Data  Lc  aj_crypto_ecc.o [2]
kactx                   0x1fff0f64    0x14  Data  Lc  aj_keyauthentication.o [2]
key                     0x1fff1560    0x10  Data  Lc  aj_target_crypto.o [2]
kinetis_flash_invalidate_cache
                        0x00021ee5    0x10  Code  Gb  flash_mk21.o [3]
languageList            0x1fff0e8c     0x4  Data  Lc  aj_introspect.o [2]
lastSentNotifications   0x1fff0c60    0x18  Data  Lc  NotificationProducer.o [2]
last_driver_error       0x1fff3240     0x4  Data  Gb  driver_init.o [3]
localGroupKey           0x1fff0d6c    0x10  Data  Lc  aj_guid.o [2]
lower_hex_string        0x0000ae84    0x14  Data  Lc  io_dopr.o [6]
lpm_state_struct        0x1fff3484    0x30  Data  Lc  lpm.o [3]
machineIdVar            0x1fff0718    0x24  Data  Lc  ACServerSample.o [2]
machineIdVars           0x1fff00e0     0x4  Data  Lc  ACServerSample.o [2]
main                    0x00000515    0x10  Code  Gb  mqx_main.o [3]
marshalAllBaseProperties
                        0x00010af5    0x34  Code  Gb  BaseWidget.o [2]
marshalAllDialogProperties
                        0x000201cd    0x72  Code  Gb  DialogWidget.o [2]
marshalAllOnlyBaseProperties
                        0x00010b29    0x46  Code  Gb  BaseWidget.o [2]
marshalAllPropertyProperties
                        0x0001ffb1    0x5c  Code  Gb  PropertyWidget.o [2]
marshalBaseOptParam     0x00010a41    0xa6  Code  Gb  BaseWidget.o [2]
marshalBaseStates       0x000109c5    0x38  Code  Gb  BaseWidget.o [2]
marshalBaseVersion      0x000109b9     0xc  Code  Gb  BaseWidget.o [2]
marshalConstraintList   0x000203d1    0x9c  Code  Gb  ConstraintList.o [2]
marshalConstraintRange  0x0002038f    0x38  Code  Gb  ConstraintRange.o [2]
marshalDatePropertyValue
                        0x00020281    0x30  Code  Gb  DateTimeUtil.o [2]
marshalDialogMessage    0x0002009b    0x30  Code  Gb  DialogWidget.o [2]
marshalDialogNumActions
                        0x000200cb     0xe  Code  Gb  DialogWidget.o [2]
marshalDialogOptParam   0x000200e9    0xe2  Code  Gb  DialogWidget.o [2]
marshalLabelLabel       0x00020039    0x30  Code  Gb  LabelWidget.o [2]
marshalOnlyBaseOptParam
                        0x00010a15    0x2c  Code  Gb  BaseWidget.o [2]
marshalPropertyOptParam
                        0x0001ff11    0x90  Code  Gb  PropertyWidget.o [2]
marshalPropertyValue    0x0001fe85    0x48  Code  Gb  PropertyWidget.o [2]
marshalTimePropertyValue
                        0x000202b1    0x30  Code  Gb  DateTimeUtil.o [2]
max_performance_power_param
                        0x0002405c     0x1  Data  Gb  api_init.o [3]
memchr                  0x00007ee9          Code  Gb  memchr.o [7]
memcmp                  0x00010c79          Code  Gb  memcmp.o [7]
memcpy                  0x0000b047     0xc  Code  Gb  sha2.o [2]
memset                  0x0000c335    0x14  Code  Gb  sha2.o [2]
minProtoVersion         0x1fff050d     0x1  Data  Lc  aj_connect.o [2]
modeOrTargetTempChanged
                        0x1fff024d     0x1  Data  Lc  ControlPanelProvided.o [2]
modulusP256             0x000092b0    0x24  Data  Lc  aj_crypto_ecc.o [2]
move_power_state_to_maxperf
                        0x0001841b    0x34  Code  Gb  api_stack_offload.o [3]
mpy_accum               0x00008329    0x24  Code  Lc  aj_crypto_ecc.o [2]
mpy_accum_dbl           0x0000834d    0x38  Code  Lc  aj_crypto_ecc.o [2]
nameAttr                0x0000dbb4     0x8  Data  Lc  aj_introspect.o [2]
nameMap                 0x1fff0d7c   0x110  Data  Lc  aj_guid.o [2]
ndigs                   0x000064ac    0x28  Data  Lc  xstoul.o [4]
netContext              0x1fff145c     0xc  Data  Lc  aj_net.o [2]
nextServicesInitializationState
                        0x1fff34fe     0x1  Data  Lc  AppHandlers.o [2]
next_dset_ndx           0x1fff3278     0x2  Data  Gb  dset.o [3]
nodeClose               0x0000e374     0xc  Data  Lc  aj_introspect.o [2]
nodeOpen                0x0000e36c     0x8  Data  Lc  aj_introspect.o [2]
notificationActionObjPath
                        0x1fff022c     0x4  Data  Lc  ControlPanelProvided.o [2]
notificationContent     0x1fff06e4    0x2c  Data  Lc  ACNotificationProducerSample.o [2]
notificationId          0x1fff0c78     0x4  Data  Lc  NotificationProducer.o [2]
notificationText        0x1fff01e4    0x34  Data  Lc  ControlPanelProvided.o [2]
numPools                0x1fff1050     0x1  Data  Lc  aj_malloc.o [2]
numberOfLanguages       0x1fff3503     0x1  Data  Lc  PropertyStore.o [2]
obLastError             0x1fff0c7c    0x24  Data  Lc  OnboardingManager.o [2]
obLastScan              0x1fff0ca4     0x8  Data  Lc  OnboardingManager.o [2]
obScanInfoCount         0x1fff0ca0     0x1  Data  Lc  OnboardingManager.o [2]
obScanInfos             0x1fff0cac    0xac  Data  Lc  OnboardingManager.o [2]
obSettings              0x1fff04a8     0x4  Data  Lc  OnboardingManager.o [2]
obSettings              0x1fff04ac    0x38  Data  Lc  OnboardingSample.o [2]
obState                 0x1fff04a4     0x1  Data  Lc  OnboardingManager.o [2]
objectLists             0x1fff0510    0x20  Data  Lc  aj_introspect.o [2]
onTurnFanOff            0x0000cc21    0x10  Code  Gb  ControlPanelProvided.o [2]
onTurnFanOn             0x0000cc11    0x10  Code  Gb  ControlPanelProvided.o [2]
orderDBL256             0x00009320    0x90  Data  Lc  aj_crypto_ecc.o [2]
orderP256               0x000092f8    0x24  Data  Lc  aj_crypto_ecc.o [2]
output_port             0x1fff31b4     0x4  Data  Lc  atheros_wifi_mediactl_ext.o [2]
p2p_go_neg_event        0x0001c92d     0xe  Code  Gb  api_wmi_rx.o [3]
p2p_invite_rcvd_result_ev
                        0x0001c95b     0x4  Code  Gb  api_wmi_rx.o [3]
p2p_invite_req_rx       0x0001c957     0x4  Code  Gb  api_wmi_rx.o [3]
p2p_invite_sent_result_event
                        0x0001c93b     0x4  Code  Gb  api_wmi_rx.o [3]
p2p_key_val             0x1fff3244    0x10  Data  Gb  wmi.o [3]
p2p_list_persistent_network_event
                        0x0001c943     0x4  Code  Gb  api_wmi_rx.o [3]
p2p_node_list_event     0x0001c93f     0x4  Code  Gb  api_wmi_rx.o [3]
p2p_req_auth_event      0x0001c947     0x4  Code  Gb  api_wmi_rx.o [3]
pBMICmdBuf              0x1fff05bc     0x4  Data  Lc  bmi.o [3]
pBMICmdCredits          0x1fff05b8     0x4  Data  Lc  bmi.o [3]
pQuery                  0x1fff31b0     0x4  Data  Gb  atheros_wifi_mediactl_ext.o [2]
p_Global_Cxt            0x1fff333c     0x4  Data  Gb  cust_api_init.o [3]
passcodeVar             0x1fff0768    0x24  Data  Lc  ACServerSample.o [2]
passcodeVars            0x1fff00ec     0x4  Data  Lc  ACServerSample.o [2]
pctl_ptr_arr            0x00006c78    0x14  Data  Lc  io_gpio_kgpio.o [3]
pdb_external            0x1fff05c0     0x4  Data  Lc  adt_kpdb.o [3]
pdb_internal            0x1fff05c4    0x2c  Data  Lc  adt_kpdb.o [3]
phy_atheros_wifi_discover_addr
                        0x00022511     0x4  Code  Lc  atheros_phy.o [3]
phy_atheros_wifi_get_link_status
                        0x0002251d    0x24  Code  Lc  atheros_phy.o [3]
phy_atheros_wifi_get_speed
                        0x00022519     0x4  Code  Lc  atheros_phy.o [3]
phy_atheros_wifi_init   0x00022515     0x4  Code  Lc  atheros_phy.o [3]
pointAdd                0x00008cbb   0x134  Code  Lc  aj_crypto_ecc.o [2]
pointDouble             0x00008bd7    0xde  Code  Lc  aj_crypto_ecc.o [2]
pointMpyP               0x00008e03    0xae  Code  Lc  aj_crypto_ecc.o [2]
power_state_for_module  0x1fff31e0     0x4  Data  Gb  api_stack_offload.o [3]
prevTargetTemp          0x1fff0270     0x2  Data  Lc  ControlPanelProvided.o [2]
previousFanSpeed        0x1fff0272     0x2  Data  Lc  ControlPanelProvided.o [2]
previousMode            0x1fff0220     0x2  Data  Lc  ControlPanelProvided.o [2]
previousTemperature     0x1fff021a     0x2  Data  Lc  ControlPanelProvided.o [2]
program_mac_addr        0x00016e3d   0x1a2  Code  Lc  api_ioctl.o [3]
propertyStoreDefaultLanguages
                        0x1fff000c     0x4  Data  Gb  ACServerSample.o [2]
propertyStoreDefaultValues
                        0x1fff00a0    0x40  Data  Gb  ACServerSample.o [2]
propertyStoreProperties
                        0x00010370    0x80  Data  Gb  PropertyStore.o [2]
propertyStoreRuntimeValues
                        0x1fff00f4    0x30  Data  Gb  ACServerSample.o [2]
pskctx                  0x1fff0f50    0x14  Data  Lc  aj_keyauthentication.o [2]
query_credit_deficit    0x0001b055    0x30  Code  Lc  api_txrx.o [3]
realmNameVar            0x1fff078c     0xc  Data  Lc  ACServerSample.o [2]
realmNameVars           0x1fff00f0     0x4  Data  Lc  ACServerSample.o [2]
reg_query_bool          0x1fff31ac     0x4  Data  Gb  atheros_wifi_mediactl_ext.o [2]
replyContexts           0x1fff0e90    0x28  Data  Lc  aj_introspect.o [2]
restore_power_state     0x0001844f    0x3e  Code  Gb  api_stack_offload.o [3]
routingProtoVersion     0x1fff050c     0x1  Data  Lc  aj_connect.o [2]
sbox                    0x00009d5c   0x100  Data  Lc  aj_sw_crypto.o [2]
scan_setup              0x000207eb    0xd8  Code  Lc  cust_api_ioctl.o [3]
secureOff               0x0000d884     0x8  Data  Lc  aj_introspect.o [2]
secureTrue              0x0000db7c     0xc  Data  Lc  aj_introspect.o [2]
security_ie_parse       0x000172d5   0x166  Code  Lc  api_ioctl.o [3]
seed                    0x1fff1550    0x10  Data  Lc  aj_target_crypto.o [2]
selectSock              0x1fff146c     0x4  Data  Lc  aj_net.o [2]
sendANotification       0x1fff0224     0x2  Data  Lc  ControlPanelProvided.o [2]
send_stack_init         0x000183d7    0x44  Code  Gb  api_stack_offload.o [3]
servicePort             0x1fff3500     0x2  Data  Gb  AppHandlers.o [2]
sessionContext          0x1fff06a8    0x3c  Data  Lc  aj_peer.o [2]
sessionlessAttr         0x0000d8b4    0x10  Data  Lc  aj_introspect.o [2]
set60FReachedEvent      0x0000cbdb     0x4  Code  Gb  ControlPanelProvided.o [2]
set80FReachedEvent      0x0000cbcd     0x4  Code  Gb  ControlPanelProvided.o [2]
setACModeSelectorFieldUpdate
                        0x0000cbbf     0xe  Code  Gb  ControlPanelProvided.o [2]
setBaseEnabled          0x00010993    0x12  Code  Gb  BaseWidget.o [2]
setBaseWritable         0x000109a5    0x12  Code  Gb  BaseWidget.o [2]
setCurrentMode          0x0000cb27     0x8  Code  Gb  ControlPanelProvided.o [2]
setFanSpeed             0x0000cb35     0x8  Code  Gb  ControlPanelProvided.o [2]
setFanSpeedSelectorFieldUpdate
                        0x0000cbb9     0x6  Code  Gb  ControlPanelProvided.o [2]
setStatusFieldUpdate    0x0000cbad     0x6  Code  Gb  ControlPanelProvided.o [2]
setStatusString         0x0000cb43    0x18  Code  Gb  ControlPanelProvided.o [2]
setTargetTemperature    0x0000cb19     0x8  Code  Gb  ControlPanelProvided.o [2]
setTempSelectorFieldUpdate
                        0x0000cbb3     0x6  Code  Gb  ControlPanelProvided.o [2]
setTemperatureFieldUpdate
                        0x0000cba7     0x6  Code  Gb  ControlPanelProvided.o [2]
setTurnedOffEvent       0x0000cbe9     0x4  Code  Gb  ControlPanelProvided.o [2]
setTurnedOnEvent        0x0000cbf7     0x4  Code  Gb  ControlPanelProvided.o [2]
setup_host_dset         0x0001851b     0xa  Code  Gb  cust_driver_main.o [3]
sha256_initial_hash_value
                        0x0000c310    0x20  Data  Lc  sha2.o [2]
signalsToSend           0x1fff024c     0x1  Data  Lc  ControlPanelProvided.o [2]
socket_context_deinit   0x0001785d    0x1e  Code  Gb  api_stack_offload.o [3]
socket_context_init     0x0001782b    0x32  Code  Gb  api_stack_offload.o [3]
sslhandle               0x1fff31dc     0x4  Data  Gb  api_stack_offload.o [3]
startIP                 0x000143d0     0x4  Data  Lc  aj_wifi_ctrl.o [2]
statusString            0x1fff0228     0x4  Data  Lc  ControlPanelProvided.o [2]
statusText              0x1fff0250    0x20  Data  Lc  ControlPanelProvided.o [2]
strcat                  0x00014425    0x1c  Code  Gb  strcat.o [4]
strchr                  0x00016961          Code  Gb  strchr.o [7]
strcmp                  0x00007c9d          Code  Gb  strcmp.o [7]
strcpy                  0x000143d9          Code  Gb  strcpy.o [7]
strlen                  0x00007ce1          Code  Gb  strlen.o [7]
strncmp                 0x000025ab    0x2a  Code  Gb  strncmp.o [4]
strncpy                 0x00010c0d          Code  Gb  strncpy.o [7]
systick_config          0x000022b9     0xc  Code  Gb  init_bsp.o [3]
t_bind                  0x00015f75    0x2c  Code  Gb  cust_api_stack_offload.o [3]
t_connect               0x00015f43    0x2c  Code  Gb  cust_api_stack_offload.o [3]
t_ip6config             0x00016053    0x50  Code  Gb  cust_api_stack_offload.o [3]
t_ipconfig              0x00016011    0x38  Code  Gb  cust_api_stack_offload.o [3]
t_ipconfig_dhcp_pool    0x000160a9    0x2c  Code  Gb  cust_api_stack_offload.o [3]
t_recv                  0x0001630b    0x16  Code  Gb  cust_api_stack_offload.o [3]
t_recvfrom              0x000162d3    0x38  Code  Gb  cust_api_stack_offload.o [3]
t_select                0x00015fa1    0x26  Code  Gb  cust_api_stack_offload.o [3]
t_send                  0x000160d5    0x16  Code  Gb  cust_api_stack_offload.o [3]
t_sendto                0x000160eb   0x1e2  Code  Gb  cust_api_stack_offload.o [3]
t_setsockopt            0x00015fdd    0x34  Code  Gb  cust_api_stack_offload.o [3]
t_shutdown              0x00015f21    0x22  Code  Gb  cust_api_stack_offload.o [3]
t_socket                0x00015ef5    0x2c  Code  Gb  cust_api_stack_offload.o [3]
targetTemp              0x1fff021c     0x2  Data  Lc  ControlPanelProvided.o [2]
temperatureBuff         0x1fff023c     0xc  Data  Lc  ControlPanelProvided.o [2]
temperatureString       0x1fff0248     0x4  Data  Lc  ControlPanelProvided.o [2]
textToSend              0x1fff0710     0x8  Data  Lc  ACNotificationProducerSample.o [2]
toAffine                0x00008b61    0x76  Code  Lc  aj_crypto_ecc.o [2]
toJacobian              0x00008b35    0x2c  Code  Lc  aj_crypto_ecc.o [2]
trueVal                 0x0000d8c4     0x8  Data  Lc  aj_introspect.o [2]
txpkt_free              0x0001651d    0x22  Code  Gb  cust_api_stack_offload.o [3]
typeAttr                0x0000d8ec     0x8  Data  Lc  aj_introspect.o [2]
unblock                 0x00015ec5    0x22  Code  Gb  cust_api_stack_offload.o [3]
unblockSelect           0x00015ee7     0xe  Code  Gb  cust_api_stack_offload.o [3]
unmarshalDatePropertyValue
                        0x00020301    0x26  Code  Gb  DateTimeUtil.o [2]
unmarshalPropertyValue  0x0001fecd    0x2c  Code  Gb  PropertyWidget.o [2]
unmarshalScalarAsElement
                        0x1fff3505     0x1  Data  Lc  aj_msg.o [2]
unmarshalTimePropertyValue
                        0x00020327    0x26  Code  Gb  DateTimeUtil.o [2]
up_to_ac                0x0001ae44     0x8  Data  Gb  wmi.o [3]
upper_hex_string        0x0000ae70    0x14  Data  Lc  io_dopr.o [6]
versionContext          0x1fff1470     0x8  Data  Lc  aj_peer.o [2]
wait_scan_done          0x000207b1    0x3a  Code  Lc  cust_api_ioctl.o [3]
wifi_initialized        0x1fff318d     0x1  Data  Lc  aj_wifi_ctrl.o [2]
wifi_state              0x1fff3198     0x4  Data  Lc  aj_wifi_ctrl.o [2]
wmi_ap_set_param        0x0001aa4f    0xc6  Code  Gb  wmi.o [3]
wmi_bssfilter_cmd       0x0001ab55    0x3e  Code  Gb  wmi.o [3]
wmi_cmd_process         0x0001af15    0x48  Code  Lc  api_init.o [3]
wmi_cmd_send            0x0001a9e5    0x64  Code  Gb  wmi.o [3]
wmi_cmd_start           0x0001acf1    0x46  Code  Gb  wmi.o [3]
wmi_control_rx          0x0001a54f   0x496  Code  Gb  wmi.o [3]
wmi_control_rx_xtnd     0x0001a4ab    0xa4  Code  Gb  wmi.o [3]
wmi_data_hdr_add        0x0001a3c1    0x72  Code  Gb  wmi.o [3]
wmi_data_hdr_remove     0x0001a48d    0x1e  Code  Gb  wmi.o [3]
wmi_dset_host_cfg_cmd   0x0001ad37    0x3a  Code  Gb  wmi.o [3]
wmi_implicit_create_pstream
                        0x0001a433    0x5a  Code  Gb  wmi.o [3]
wmi_init                0x0001a28d    0x30  Code  Gb  wmi.o [3]
wmi_meta_add            0x0001a31f    0x9c  Code  Gb  wmi.o [3]
wmi_p2p_set_noa         0x0001ac6f    0x7c  Code  Gb  wmi.o [3]
wmi_p2p_set_oppps       0x0001ac37    0x38  Code  Gb  wmi.o [3]
wmi_qos_state_init      0x0001a2bd    0x2a  Code  Gb  wmi.o [3]
wmi_rateTable           0x0001d468    0xe0  Data  Lc  cust_api_wmi_rx.o [3]
wmi_sdpd_send_cmd       0x0001abc9    0x6e  Code  Gb  wmi.o [3]
wmi_set_control_ep      0x0001a2e7    0x1c  Code  Gb  wmi.o [3]
wmi_shutdown            0x0001a303    0x1c  Code  Gb  wmi.o [3]
wmi_socket_cmd          0x0001ab93    0x36  Code  Gb  wmi.o [3]
wmi_storerecall_recall_cmd
                        0x0001ab15    0x40  Code  Gb  wmi.o [3]
zero_copy_free          0x00016321    0x1a  Code  Gb  cust_api_stack_offload.o [3]
zero_copy_free_queue    0x1fff31e4     0xc  Data  Gb  cust_api_stack_offload.o [3]


[1] = command line
[2] = f:\IOT_MQX_4.0.2.173\sw\src\MQX_4.0.2\demo\aj\alljoyn\applications\sample_apps\tcl\ServicesSamples\target\sp140-141mqx\iar\Release\Obj
[3] = bsp.a
[4] = dl7M_tln.a
[5] = m7M_tlv.a
[6] = psp.a
[7] = rt7M_tl.a
[8] = shb_l.a

  140 688 bytes of readonly  code memory
    8 328 bytes of readonly  data memory
   13 580 bytes of readwrite data memory

Errors: none
Warnings: none
